Component: ARM Compiler 5.06 update 4 (build 422) Tool: armlink [4d35d2]

==============================================================================

Section Cross References

    startup_lpc54608.o(RESET) refers to startup_lpc54608.o(.text) for Reset_Handler
    startup_lpc54608.o(RESET) refers to main.o(i.SysTick_Handler) for SysTick_Handler
    startup_lpc54608.o(RESET) refers to fsl_sctimer.o(i.SCT0_IRQHandler) for SCT0_IRQHandler
    startup_lpc54608.o(RESET) refers to main.o(i.DMIC0_IRQHandler) for DMIC0_IRQHandler
    startup_lpc54608.o(RESET) refers to fsl_dmic.o(i.HWVAD0_IRQHandler) for HWVAD0_IRQHandler
    startup_lpc54608.o(RESET) refers to egfx_driver_lpcxpresso_54608.o(i.LCD_IRQHandler) for LCD_IRQHandler
    startup_lpc54608.o(.text) refers to system_lpc54608.o(i.SystemInit) for SystemInit
    startup_lpc54608.o(.text) refers to entry.o(.ARM.Collect$$$$00000000) for __main
    startup_lpc54608.o(.text) refers to fsl_dma.o(i.DMA0_DriverIRQHandler) for DMA0_DriverIRQHandler
    startup_lpc54608.o(.text) refers to fsl_gint.o(i.GINT0_DriverIRQHandler) for GINT0_DriverIRQHandler
    startup_lpc54608.o(.text) refers to fsl_gint.o(i.GINT1_DriverIRQHandler) for GINT1_DriverIRQHandler
    startup_lpc54608.o(.text) refers to fsl_pint.o(i.PIN_INT0_DriverIRQHandler) for PIN_INT0_DriverIRQHandler
    startup_lpc54608.o(.text) refers to fsl_pint.o(i.PIN_INT1_DriverIRQHandler) for PIN_INT1_DriverIRQHandler
    startup_lpc54608.o(.text) refers to fsl_pint.o(i.PIN_INT2_DriverIRQHandler) for PIN_INT2_DriverIRQHandler
    startup_lpc54608.o(.text) refers to fsl_pint.o(i.PIN_INT3_DriverIRQHandler) for PIN_INT3_DriverIRQHandler
    startup_lpc54608.o(.text) refers to fsl_utick.o(i.UTICK0_DriverIRQHandler) for UTICK0_DriverIRQHandler
    startup_lpc54608.o(.text) refers to fsl_ctimer.o(i.CTIMER0_DriverIRQHandler) for CTIMER0_DriverIRQHandler
    startup_lpc54608.o(.text) refers to fsl_ctimer.o(i.CTIMER1_DriverIRQHandler) for CTIMER1_DriverIRQHandler
    startup_lpc54608.o(.text) refers to fsl_ctimer.o(i.CTIMER3_DriverIRQHandler) for CTIMER3_DriverIRQHandler
    startup_lpc54608.o(.text) refers to fsl_flexcomm.o(i.FLEXCOMM0_DriverIRQHandler) for FLEXCOMM0_DriverIRQHandler
    startup_lpc54608.o(.text) refers to fsl_flexcomm.o(i.FLEXCOMM1_DriverIRQHandler) for FLEXCOMM1_DriverIRQHandler
    startup_lpc54608.o(.text) refers to fsl_flexcomm.o(i.FLEXCOMM2_DriverIRQHandler) for FLEXCOMM2_DriverIRQHandler
    startup_lpc54608.o(.text) refers to fsl_flexcomm.o(i.FLEXCOMM3_DriverIRQHandler) for FLEXCOMM3_DriverIRQHandler
    startup_lpc54608.o(.text) refers to fsl_flexcomm.o(i.FLEXCOMM4_DriverIRQHandler) for FLEXCOMM4_DriverIRQHandler
    startup_lpc54608.o(.text) refers to fsl_flexcomm.o(i.FLEXCOMM5_DriverIRQHandler) for FLEXCOMM5_DriverIRQHandler
    startup_lpc54608.o(.text) refers to fsl_dmic.o(i.DMIC0_DriverIRQHandler) for DMIC0_DriverIRQHandler
    startup_lpc54608.o(.text) refers to fsl_pint.o(i.PIN_INT4_DriverIRQHandler) for PIN_INT4_DriverIRQHandler
    startup_lpc54608.o(.text) refers to fsl_pint.o(i.PIN_INT5_DriverIRQHandler) for PIN_INT5_DriverIRQHandler
    startup_lpc54608.o(.text) refers to fsl_pint.o(i.PIN_INT6_DriverIRQHandler) for PIN_INT6_DriverIRQHandler
    startup_lpc54608.o(.text) refers to fsl_pint.o(i.PIN_INT7_DriverIRQHandler) for PIN_INT7_DriverIRQHandler
    startup_lpc54608.o(.text) refers to fsl_ctimer.o(i.CTIMER2_DriverIRQHandler) for CTIMER2_DriverIRQHandler
    startup_lpc54608.o(.text) refers to fsl_ctimer.o(i.CTIMER4_DriverIRQHandler) for CTIMER4_DriverIRQHandler
    startup_lpc54608.o(.text) refers to fsl_flexcomm.o(i.FLEXCOMM8_DriverIRQHandler) for FLEXCOMM8_DriverIRQHandler
    startup_lpc54608.o(.text) refers to fsl_flexcomm.o(i.FLEXCOMM9_DriverIRQHandler) for FLEXCOMM9_DriverIRQHandler
    startup_lpc54608.o(.text) refers to fsl_sdif.o(i.SDIO_DriverIRQHandler) for SDIO_DriverIRQHandler
    startup_lpc54608.o(.text) refers to fsl_mcan.o(i.CAN0_IRQ0_DriverIRQHandler) for CAN0_IRQ0_DriverIRQHandler
    startup_lpc54608.o(.text) refers to fsl_mcan.o(i.CAN0_IRQ1_DriverIRQHandler) for CAN0_IRQ1_DriverIRQHandler
    startup_lpc54608.o(.text) refers to fsl_mcan.o(i.CAN1_IRQ0_DriverIRQHandler) for CAN1_IRQ0_DriverIRQHandler
    startup_lpc54608.o(.text) refers to fsl_mcan.o(i.CAN1_IRQ1_DriverIRQHandler) for CAN1_IRQ1_DriverIRQHandler
    startup_lpc54608.o(.text) refers to fsl_enet.o(i.ETHERNET_DriverIRQHandler) for ETHERNET_DriverIRQHandler
    system_lpc54608.o(i.SystemCoreClockUpdate) refers to system_lpc54608.o(i.getWdtOscFreq) for getWdtOscFreq
    system_lpc54608.o(i.SystemCoreClockUpdate) refers to system_lpc54608.o(i.findPllPreDiv) for findPllPreDiv
    system_lpc54608.o(i.SystemCoreClockUpdate) refers to system_lpc54608.o(i.findPllPostDiv) for findPllPostDiv
    system_lpc54608.o(i.SystemCoreClockUpdate) refers to system_lpc54608.o(i.findPllMMult) for findPllMMult
    system_lpc54608.o(i.SystemCoreClockUpdate) refers to uldiv.o(.text) for __aeabi_uldivmod
[...]
    SMARTCARD1_DriverIRQHandler              0x000005d3   Thumb Code     0  startup_lpc54608.o(.text)
    SPIFI0_DriverIRQHandler                  0x000005d3   Thumb Code     0  startup_lpc54608.o(.text)
    USB0_DriverIRQHandler                    0x000005d3   Thumb Code     0  startup_lpc54608.o(.text)
    USB0_NEEDCLK_DriverIRQHandler            0x000005d3   Thumb Code     0  startup_lpc54608.o(.text)
    USB1_DriverIRQHandler                    0x000005d3   Thumb Code     0  startup_lpc54608.o(.text)
    USB1_NEEDCLK_DriverIRQHandler            0x000005d3   Thumb Code     0  startup_lpc54608.o(.text)
    WDT_BOD_DriverIRQHandler                 0x000005d3   Thumb Code     0  startup_lpc54608.o(.text)
    __aeabi_uldivmod                         0x000006c1   Thumb Code    98  uldiv.o(.text)
    __aeabi_memcpy                           0x00000723   Thumb Code    36  memcpya.o(.text)
    __aeabi_memcpy4                          0x00000723   Thumb Code     0  memcpya.o(.text)
    __aeabi_memcpy8                          0x00000723   Thumb Code     0  memcpya.o(.text)
    strlen                                   0x00000747   Thumb Code    14  strlen.o(.text)
    __aeabi_cdrcmple                         0x00000755   Thumb Code    48  cdrcmple.o(.text)
    __aeabi_uidiv                            0x00000785   Thumb Code     0  uidiv.o(.text)
    __aeabi_uidivmod                         0x00000785   Thumb Code    44  uidiv.o(.text)
    __aeabi_llsl                             0x000007b1   Thumb Code    30  llshl.o(.text)
    _ll_shift_l                              0x000007b1   Thumb Code     0  llshl.o(.text)
    __aeabi_llsr                             0x000007cf   Thumb Code    32  llushr.o(.text)
    _ll_ushift_r                             0x000007cf   Thumb Code     0  llushr.o(.text)
    __I$use$fp                               0x000007ef   Thumb Code     0  iusefp.o(.text)
    __aeabi_dadd                             0x000007ef   Thumb Code   322  dadd.o(.text)
    __aeabi_dsub                             0x00000931   Thumb Code     6  dadd.o(.text)
    __aeabi_drsub                            0x00000937   Thumb Code     6  dadd.o(.text)
    __aeabi_dmul                             0x0000093d   Thumb Code   228  dmul.o(.text)
    __aeabi_ddiv                             0x00000a21   Thumb Code   222  ddiv.o(.text)
    __aeabi_d2ulz                            0x00000aff   Thumb Code    48  dfixul.o(.text)
    __scatterload                            0x00000b31   Thumb Code    28  init.o(.text)
    __scatterload_rt2                        0x00000b31   Thumb Code     0  init.o(.text)
    __aeabi_lasr                             0x00000b55   Thumb Code    36  llsshr.o(.text)
    _ll_sshift_r                             0x00000b55   Thumb Code     0  llsshr.o(.text)
    _double_round                            0x00000b79   Thumb Code    30  depilogue.o(.text)
    _double_epilogue                         0x00000b97   Thumb Code   156  depilogue.o(.text)
    APP_LCDC_Init                            0x00000c35   Thumb Code   182  egfx_driver_lpcxpresso_54608.o(i.APP_LCDC_Init)
    BOARD_BootClock_PLL_RUN                  0x00000cf5   Thumb Code    80  main.o(i.BOARD_BootClock_PLL_RUN)
    BOARD_InitDebugConsole                   0x00000d59   Thumb Code    50  board.o(i.BOARD_InitDebugConsole)
    BOARD_InitPins                           0x00000e21   Thumb Code  1610  pin_mux.o(i.BOARD_InitPins)
    BOARD_InitSDRAM                          0x00001475   Thumb Code   148  board.o(i.BOARD_InitSDRAM)
    CAN0_IRQ0_DriverIRQHandler               0x00001511   Thumb Code    36  fsl_mcan.o(i.CAN0_IRQ0_DriverIRQHandler)
    CAN0_IRQ1_DriverIRQHandler               0x00001569   Thumb Code    36  fsl_mcan.o(i.CAN0_IRQ1_DriverIRQHandler)
    CAN1_IRQ0_DriverIRQHandler               0x000015c1   Thumb Code    36  fsl_mcan.o(i.CAN1_IRQ0_DriverIRQHandler)
    CAN1_IRQ1_DriverIRQHandler               0x00001619   Thumb Code    36  fsl_mcan.o(i.CAN1_IRQ1_DriverIRQHandler)
    CLOCK_AttachClk                          0x00001671   Thumb Code    66  fsl_clock.o(i.CLOCK_AttachClk)
    CLOCK_GetAdcClkFreq                      0x0000176d   Thumb Code    72  fsl_clock.o(i.CLOCK_GetAdcClkFreq)
    CLOCK_GetAsyncApbClkFreq                 0x000017b9   Thumb Code    40  fsl_clock.o(i.CLOCK_GetAsyncApbClkFreq)
    CLOCK_GetAudioPllOutFreq                 0x000017e9   Thumb Code     6  fsl_clock.o(i.CLOCK_GetAudioPllOutFreq)
    CLOCK_GetClockOutClkFreq                 0x000017f5   Thumb Code   116  fsl_clock.o(i.CLOCK_GetClockOutClkFreq)
    CLOCK_GetCoreSysClkFreq                  0x0000186d   Thumb Code   120  fsl_clock.o(i.CLOCK_GetCoreSysClkFreq)
    CLOCK_GetExtClkFreq                      0x000018e9   Thumb Code     4  fsl_clock.o(i.CLOCK_GetExtClkFreq)
    CLOCK_GetFlexCommClkFreq                 0x000018f1   Thumb Code    88  fsl_clock.o(i.CLOCK_GetFlexCommClkFreq)
    CLOCK_GetFreq                            0x0000194d   Thumb Code   708  fsl_clock.o(i.CLOCK_GetFreq)
    CLOCK_GetFro12MFreq                      0x00001c15   Thumb Code    18  fsl_clock.o(i.CLOCK_GetFro12MFreq)
    CLOCK_GetFroHfFreq                       0x00001c31   Thumb Code    46  fsl_clock.o(i.CLOCK_GetFroHfFreq)
    CLOCK_GetI2SMClkFreq                     0x00001c71   Thumb Code     4  fsl_clock.o(i.CLOCK_GetI2SMClkFreq)
    CLOCK_GetLcdClkFreq                      0x00001c75   Thumb Code    58  fsl_clock.o(i.CLOCK_GetLcdClkFreq)
    CLOCK_GetLcdClkIn                        0x00001cb5   Thumb Code     4  fsl_clock.o(i.CLOCK_GetLcdClkIn)
    CLOCK_GetMclkClkFreq                     0x00001cb9   Thumb Code    58  fsl_clock.o(i.CLOCK_GetMclkClkFreq)
    CLOCK_GetOsc32KFreq                      0x00001cf9   Thumb Code     6  fsl_clock.o(i.CLOCK_GetOsc32KFreq)
    CLOCK_GetPllOutFreq                      0x00001e39   Thumb Code     6  fsl_clock.o(i.CLOCK_GetPllOutFreq)
    CLOCK_GetSctClkFreq                      0x00001e45   Thumb Code    72  fsl_clock.o(i.CLOCK_GetSctClkFreq)
    CLOCK_GetSdioClkFreq                     0x00001e91   Thumb Code    86  fsl_clock.o(i.CLOCK_GetSdioClkFreq)
    CLOCK_GetSpifiClkFreq                    0x00001eed   Thumb Code    86  fsl_clock.o(i.CLOCK_GetSpifiClkFreq)
    CLOCK_GetSystemPLLInClockRate            0x00001f49   Thumb Code    66  fsl_clock.o(i.CLOCK_GetSystemPLLInClockRate)
    CLOCK_GetSystemPLLOutFromSetup           0x00001f95   Thumb Code    90  fsl_clock.o(i.CLOCK_GetSystemPLLOutFromSetup)
    CLOCK_GetUsb0ClkFreq                     0x00002005   Thumb Code    58  fsl_clock.o(i.CLOCK_GetUsb0ClkFreq)
    CLOCK_GetUsb1ClkFreq                     0x00002045   Thumb Code    58  fsl_clock.o(i.CLOCK_GetUsb1ClkFreq)
    CLOCK_GetUsbPllOutFreq                   0x00002085   Thumb Code     6  fsl_clock.o(i.CLOCK_GetUsbPllOutFreq)
    CLOCK_GetWdtOscFreq                      0x00002091   Thumb Code    50  fsl_clock.o(i.CLOCK_GetWdtOscFreq)
    CLOCK_SetClkDiv                          0x000020d1   Thumb Code    36  fsl_clock.o(i.CLOCK_SetClkDiv)
    CLOCK_SetFLASHAccessCyclesForFreq        0x00002111   Thumb Code   124  fsl_clock.o(i.CLOCK_SetFLASHAccessCyclesForFreq)
    CLOCK_SetupPLLData                       0x000021ad   Thumb Code    50  fsl_clock.o(i.CLOCK_SetupPLLData)
    CLOCK_SetupSystemPLLPrec                 0x000021e1   Thumb Code   220  fsl_clock.o(i.CLOCK_SetupSystemPLLPrec)
    CTIMER0_DriverIRQHandler                 0x000022cd   Thumb Code    10  fsl_ctimer.o(i.CTIMER0_DriverIRQHandler)
    CTIMER1_DriverIRQHandler                 0x000022d7   Thumb Code    10  fsl_ctimer.o(i.CTIMER1_DriverIRQHandler)
    CTIMER2_DriverIRQHandler                 0x000022e1   Thumb Code    10  fsl_ctimer.o(i.CTIMER2_DriverIRQHandler)
    CTIMER3_DriverIRQHandler                 0x000022eb   Thumb Code    10  fsl_ctimer.o(i.CTIMER3_DriverIRQHandler)
    CTIMER4_DriverIRQHandler                 0x000022f5   Thumb Code    10  fsl_ctimer.o(i.CTIMER4_DriverIRQHandler)
    CTIMER_GenericIRQHandler                 0x00002305   Thumb Code   110  fsl_ctimer.o(i.CTIMER_GenericIRQHandler)
    DMA0_DriverIRQHandler                    0x00002381   Thumb Code   168  fsl_dma.o(i.DMA0_DriverIRQHandler)
    DMIC0_DriverIRQHandler                   0x0000242d   Thumb Code    16  fsl_dmic.o(i.DMIC0_DriverIRQHandler)
    DMIC0_IRQHandler                         0x00002441   Thumb Code   138  main.o(i.DMIC0_IRQHandler)
    DbgConsole_Init                          0x00002595   Thumb Code    74  fsl_debug_console.o(i.DbgConsole_Init)
    DbgConsole_Printf                        0x000025ed   Thumb Code    44  fsl_debug_console.o(i.DbgConsole_Printf)
    DbgConsole_Putchar                       0x00002885   Thumb Code    30  fsl_debug_console.o(i.DbgConsole_Putchar)
    EMC_DynamicMemInit                       0x000028e5   Thumb Code   596  fsl_emc.o(i.EMC_DynamicMemInit)
    EMC_Init                                 0x00002c01   Thumb Code   102  fsl_emc.o(i.EMC_Init)
    ETHERNET_DriverIRQHandler                0x00002cd9   Thumb Code    16  fsl_enet.o(i.ETHERNET_DriverIRQHandler)
    FLEXCOMM0_DriverIRQHandler               0x00002cf5   Thumb Code    36  fsl_flexcomm.o(i.FLEXCOMM0_DriverIRQHandler)
    FLEXCOMM1_DriverIRQHandler               0x00002d59   Thumb Code    36  fsl_flexcomm.o(i.FLEXCOMM1_DriverIRQHandler)
    FLEXCOMM2_DriverIRQHandler               0x00002dbd   Thumb Code    36  fsl_flexcomm.o(i.FLEXCOMM2_DriverIRQHandler)
    FLEXCOMM3_DriverIRQHandler               0x00002e21   Thumb Code    36  fsl_flexcomm.o(i.FLEXCOMM3_DriverIRQHandler)
    FLEXCOMM4_DriverIRQHandler               0x00002e85   Thumb Code    36  fsl_flexcomm.o(i.FLEXCOMM4_DriverIRQHandler)
    FLEXCOMM5_DriverIRQHandler               0x00002ee9   Thumb Code    36  fsl_flexcomm.o(i.FLEXCOMM5_DriverIRQHandler)
    FLEXCOMM8_DriverIRQHandler               0x00002f4d   Thumb Code    36  fsl_flexcomm.o(i.FLEXCOMM8_DriverIRQHandler)
    FLEXCOMM9_DriverIRQHandler               0x00002fb1   Thumb Code    36  fsl_flexcomm.o(i.FLEXCOMM9_DriverIRQHandler)
    FLEXCOMM_GetInstance                     0x00003015   Thumb Code    38  fsl_flexcomm.o(i.FLEXCOMM_GetInstance)
    FLEXCOMM_Init                            0x00003065   Thumb Code    72  fsl_flexcomm.o(i.FLEXCOMM_Init)
    FLEXCOMM_SetPeriph                       0x000030f3   Thumb Code    68  fsl_flexcomm.o(i.FLEXCOMM_SetPeriph)
    GINT0_DriverIRQHandler                   0x0000314d   Thumb Code    32  fsl_gint.o(i.GINT0_DriverIRQHandler)
    GINT1_DriverIRQHandler                   0x00003175   Thumb Code    32  fsl_gint.o(i.GINT1_DriverIRQHandler)
    HWVAD0_IRQHandler                        0x0000319d   Thumb Code    16  fsl_dmic.o(i.HWVAD0_IRQHandler)
    InitMicBuffers                           0x000031bd   Thumb Code    60  main.o(i.InitMicBuffers)
    Init_DMIC                                0x00003211   Thumb Code   132  audio.o(i.Init_DMIC)
    LCDC_ClearInterruptsStatus               0x000032b1   Thumb Code    22  fsl_lcdc.o(i.LCDC_ClearInterruptsStatus)
    LCDC_EnableInterrupts                    0x000032c7   Thumb Code    32  fsl_lcdc.o(i.LCDC_EnableInterrupts)
    LCDC_GetDefaultConfig                    0x000033dd   Thumb Code    52  fsl_lcdc.o(i.LCDC_GetDefaultConfig)
    LCDC_GetEnabledInterruptsPendingStatus   0x00003411   Thumb Code    12  fsl_lcdc.o(i.LCDC_GetEnabledInterruptsPendingStatus)
    LCDC_Init                                0x0000348d   Thumb Code   362  fsl_lcdc.o(i.LCDC_Init)
    LCD_IRQHandler                           0x00003699   Thumb Code    48  egfx_driver_lpcxpresso_54608.o(i.LCD_IRQHandler)
    PINT_PatternMatchResetDetectLogic        0x00003711   Thumb Code    20  fsl_pint.o(i.PINT_PatternMatchResetDetectLogic)
    PIN_INT0_DriverIRQHandler                0x0000372d   Thumb Code    40  fsl_pint.o(i.PIN_INT0_DriverIRQHandler)
    PIN_INT1_DriverIRQHandler                0x00003759   Thumb Code    40  fsl_pint.o(i.PIN_INT1_DriverIRQHandler)
    PIN_INT2_DriverIRQHandler                0x00003785   Thumb Code    40  fsl_pint.o(i.PIN_INT2_DriverIRQHandler)
    PIN_INT3_DriverIRQHandler                0x000037b1   Thumb Code    40  fsl_pint.o(i.PIN_INT3_DriverIRQHandler)
    PIN_INT4_DriverIRQHandler                0x000037dd   Thumb Code    40  fsl_pint.o(i.PIN_INT4_DriverIRQHandler)
    PIN_INT5_DriverIRQHandler                0x00003809   Thumb Code    40  fsl_pint.o(i.PIN_INT5_DriverIRQHandler)
    PIN_INT6_DriverIRQHandler                0x00003835   Thumb Code    40  fsl_pint.o(i.PIN_INT6_DriverIRQHandler)
    PIN_INT7_DriverIRQHandler                0x00003861   Thumb Code    40  fsl_pint.o(i.PIN_INT7_DriverIRQHandler)
    POWER_SetPLL                             0x000038b5   Thumb Code    24  fsl_power_lib.o(i.POWER_SetPLL)
    POWER_SetVoltageForFreq                  0x000038d5   Thumb Code   110  fsl_power_lib.o(i.POWER_SetVoltageForFreq)
    POWER_setVdLevel                         0x00003949   Thumb Code    14  fsl_power_lib.o(i.POWER_setVdLevel)
    RESET_ClearPeripheralReset               0x0000395d   Thumb Code    80  fsl_reset.o(i.RESET_ClearPeripheralReset)
    RESET_PeripheralReset                    0x000039dd   Thumb Code    18  fsl_reset.o(i.RESET_PeripheralReset)
    RESET_SetPeripheralReset                 0x000039f1   Thumb Code    80  fsl_reset.o(i.RESET_SetPeripheralReset)
    SCT0_IRQHandler                          0x00003a71   Thumb Code    12  fsl_sctimer.o(i.SCT0_IRQHandler)
    SCTIMER_CreateAndScheduleEvent           0x00003a85   Thumb Code   456  fsl_sctimer.o(i.SCTIMER_CreateAndScheduleEvent)
    SCTIMER_EventHandleIRQ                   0x00003c5d   Thumb Code    72  fsl_sctimer.o(i.SCTIMER_EventHandleIRQ)
    SCTIMER_GetDefaultConfig                 0x00003cad   Thumb Code    40  fsl_sctimer.o(i.SCTIMER_GetDefaultConfig)
    SCTIMER_Init                             0x00003d69   Thumb Code   222  fsl_sctimer.o(i.SCTIMER_Init)
    SCTIMER_SetupPwm                         0x00003ecd   Thumb Code   426  fsl_sctimer.o(i.SCTIMER_SetupPwm)
    SDIO_DriverIRQHandler                    0x000040c1   Thumb Code    36  fsl_sdif.o(i.SDIO_DriverIRQHandler)
    SysTick_Handler                          0x00004119   Thumb Code     8  main.o(i.SysTick_Handler)
    SystemInit                               0x00004125   Thumb Code    28  system_lpc54608.o(i.SystemInit)
    USART_GetDefaultConfig                   0x0000414d   Thumb Code    48  fsl_usart.o(i.USART_GetDefaultConfig)
    USART_Init                               0x000041a5   Thumb Code   226  fsl_usart.o(i.USART_Init)
    USART_ReadBlocking                       0x000042dd   Thumb Code   188  fsl_usart.o(i.USART_ReadBlocking)
    USART_SetBaudRate                        0x000043d5   Thumb Code   152  fsl_usart.o(i.USART_SetBaudRate)
    USART_WriteBlocking                      0x000044c5   Thumb Code    92  fsl_usart.o(i.USART_WriteBlocking)
    UTICK0_DriverIRQHandler                  0x0000455d   Thumb Code    16  fsl_utick.o(i.UTICK0_DriverIRQHandler)
    __0vsnprintf                             0x00004579   Thumb Code    40  printfa.o(i.__0vsnprintf)
    __1vsnprintf                             0x00004579   Thumb Code     0  printfa.o(i.__0vsnprintf)
    __2vsnprintf                             0x00004579   Thumb Code     0  printfa.o(i.__0vsnprintf)
    __c89vsnprintf                           0x00004579   Thumb Code     0  printfa.o(i.__0vsnprintf)
    vsnprintf                                0x00004579   Thumb Code     0  printfa.o(i.__0vsnprintf)
    __aeabi_assert                           0x000045a5   Thumb Code    24  fsl_common.o(i.__aeabi_assert)
    __scatterload_copy                       0x000045e9   Thumb Code    14  handlers.o(i.__scatterload_copy)
    __scatterload_null                       0x000045f7   Thumb Code     2  handlers.o(i.__scatterload_null)
    __scatterload_zeroinit                   0x000045f9   Thumb Code    14  handlers.o(i.__scatterload_zeroinit)
    arm_cfft_f32                             0x00004ed1   Thumb Code   204  arm_cfft_f32.o(i.arm_cfft_f32)
    arm_cfft_radix8by2_f32                   0x00004f9d   Thumb Code   392  arm_cfft_f32.o(i.arm_cfft_radix8by2_f32)
    arm_cfft_radix8by4_f32                   0x00005125   Thumb Code  1068  arm_cfft_f32.o(i.arm_cfft_radix8by4_f32)
    arm_cmplx_mag_squared_f32                0x00005551   Thumb Code   146  arm_cmplx_mag_squared_f32.o(i.arm_cmplx_mag_squared_f32)
    arm_radix8_butterfly_f32                 0x000055e5   Thumb Code  1220  arm_cfft_radix8_f32.o(i.arm_radix8_butterfly_f32)
    arm_rfft_fast_f32                        0x00005aa9   Thumb Code    68  arm_rfft_fast_f32.o(i.arm_rfft_fast_f32)
    arm_rfft_fast_init_f32                   0x00005aed   Thumb Code   198  arm_rfft_fast_init_f32.o(i.arm_rfft_fast_init_f32)
    eGFX_BitStreamGet                        0x00005c15   Thumb Code    20  egfx.o(i.eGFX_BitStreamGet)
    eGFX_BitStreamPut                        0x00005c29   Thumb Code    36  egfx.o(i.eGFX_BitStreamPut)
    eGFX_BlitColored                         0x00005c4d   Thumb Code    78  egfx.o(i.eGFX_BlitColored)
    eGFX_DrawCharacterColored                0x00005c9b   Thumb Code    76  egfx.o(i.eGFX_DrawCharacterColored)
    eGFX_DrawStringColored                   0x00005ce7   Thumb Code    76  egfx.o(i.eGFX_DrawStringColored)
    eGFX_DrawVline                           0x00005d33   Thumb Code    96  egfx.o(i.eGFX_DrawVline)
    eGFX_Dump                                0x00005d95   Thumb Code    50  egfx_driver_lpcxpresso_54608.o(i.eGFX_Dump)
    eGFX_GetPixel                            0x00005dd5   Thumb Code   334  egfx.o(i.eGFX_GetPixel)
    eGFX_GetStringWidth                      0x00005f23   Thumb Code    66  egfx.o(i.eGFX_GetStringWidth)
    eGFX_ImagePlaneInit                      0x00005f65   Thumb Code    14  egfx.o(i.eGFX_ImagePlaneInit)
    eGFX_ImagePlane_Clear                    0x00005f73   Thumb Code   206  egfx.o(i.eGFX_ImagePlane_Clear)
    eGFX_InitDriver                          0x00006041   Thumb Code    50  egfx_driver_lpcxpresso_54608.o(i.eGFX_InitDriver)
    eGFX_PutPixel                            0x0000607d   Thumb Code   350  egfx.o(i.eGFX_PutPixel)
    eGFX_WaitForVSync                        0x000061dd   Thumb Code    12  egfx_driver_lpcxpresso_54608.o(i.eGFX_WaitForVSync)
    eGFX_printf_HorizontalCentered_Colored   0x000061ed   Thumb Code    88  egfx.o(i.eGFX_printf_HorizontalCentered_Colored)
    main                                     0x000062a5   Thumb Code   344  main.o(i.main)
    merge_rfft_f32                           0x00006449   Thumb Code   160  arm_rfft_fast_f32.o(i.merge_rfft_f32)
    stage_rfft_f32                           0x0000674d   Thumb Code   170  arm_rfft_fast_f32.o(i.stage_rfft_f32)
    g_I2S_Mclk_Freq                          0x000067f8   Data           4  fsl_clock.o(.constdata)
    g_Ext_Clk_Freq                           0x000067fc   Data           4  fsl_clock.o(.constdata)
    g_Lcd_Clk_In_Freq                        0x00006800   Data           4  fsl_clock.o(.constdata)
    kFlexcommIrqs                            0x00006898   Data          10  fsl_flexcomm.o(.constdata)
    OCR_A_Extended__20px__Bold__SingleBitPerPixelGridFit_1BPP_FontElement_space_Data 0x0000692c   Data          20  ocr_a_extended__20px__bold__singlebitperpixelgridfit_1bpp.o(.constdata)
    OCR_A_Extended__20px__Bold__SingleBitPerPixelGridFit_1BPP_FontElement_space 0x00006940   Data          12  ocr_a_extended__20px__bold__singlebitperpixelgridfit_1bpp.o(.constdata)
    OCR_A_Extended__20px__Bold__SingleBitPerPixelGridFit_1BPP_FontElement_exclamation_point_Data 0x0000694c   Data          20  ocr_a_extended__20px__bold__singlebitperpixelgridfit_1bpp.o(.constdata)
    OCR_A_Extended__20px__Bold__SingleBitPerPixelGridFit_1BPP_FontElement_exclamation_point 0x00006960   Data          12  ocr_a_extended__20px__bold__singlebitperpixelgridfit_1bpp.o(.constdata)
    OCR_A_Extended__20px__Bold__SingleBitPerPixelGridFit_1BPP_FontElement_double_quotes_Data 0x0000696c   Data          20  ocr_a_extended__20px__bold__singlebitperpixelgridfit_1bpp.o(.constdata)
    OCR_A_Extended__20px__Bold__SingleBitPerPixelGridFit_1BPP_FontElement_double_quotes 0x00006980   Data          12  ocr_a_extended__20px__bold__singlebitperpixelgridfit_1bpp.o(.constdata)
    OCR_A_Extended__20px__Bold__SingleBitPerPixelGridFit_1BPP_FontElement_pound_Data 0x0000698c   Data          40  ocr_a_extended__20px__bold__singlebitperpixelgridfit_1bpp.o(.constdata)
    OCR_A_Extended__20px__Bold__SingleBitPerPixelGridFit_1BPP_FontElement_pound 0x000069b4   Data          12  ocr_a_extended__20px__bold__singlebitperpixelgridfit_1bpp.o(.constdata)
    OCR_A_Extended__20px__Bold__SingleBitPerPixelGridFit_1BPP_FontElement_dollar_sign_Data 0x000069c0   Data          20  ocr_a_extended__20px__bold__singlebitperpixelgridfit_1bpp.o(.constdata)
    OCR_A_Extended__20px__Bold__SingleBitPerPixelGridFit_1BPP_FontElement_dollar_sign 0x000069d4   Data          12  ocr_a_extended__20px__bold__singlebitperpixelgridfit_1bpp.o(.constdata)
    OCR_A_Extended__20px__Bold__SingleBitPerPixelGridFit_1BPP_FontElement_precent_sign_Data 0x000069e0   Data          20  ocr_a_extended__20px__bold__singlebitperpixelgridfit_1bpp.o(.constdata)
    OCR_A_Extended__20px__Bold__SingleBitPerPixelGridFit_1BPP_FontElement_precent_sign 0x000069f4   Data          12  ocr_a_extended__20px__bold__singlebitperpixelgridfit_1bpp.o(.constdata)
    OCR_A_Extended__20px__Bold__SingleBitPerPixelGridFit_1BPP_FontElement_ampersand_Data 0x00006a00   Data          20  ocr_a_extended__20px__bold__singlebitperpixelgridfit_1bpp.o(.constdata)
    OCR_A_Extended__20px__Bold__SingleBitPerPixelGridFit_1BPP_FontElement_ampersand 0x00006a14   Data          12  ocr_a_extended__20px__bold__singlebitperpixelgridfit_1bpp.o(.constdata)
    OCR_A_Extended__20px__Bold__SingleBitPerPixelGridFit_1BPP_FontElement_single_quote_Data 0x00006a20   Data          20  ocr_a_extended__20px__bold__singlebitperpixelgridfit_1bpp.o(.constdata)
    OCR_A_Extended__20px__Bold__SingleBitPerPixelGridFit_1BPP_FontElement_single_quote 0x00006a34   Data          12  ocr_a_extended__20px__bold__singlebitperpixelgridfit_1bpp.o(.constdata)
    OCR_A_Extended__20px__Bold__SingleBitPerPixelGridFit_1BPP_FontElement_left_parenthesis_Data 0x00006a40   Data          20  ocr_a_extended__20px__bold__singlebitperpixelgridfit_1bpp.o(.constdata)
    OCR_A_Extended__20px__Bold__SingleBitPerPixelGridFit_1BPP_FontElement_left_parenthesis 0x00006a54   Data          12  ocr_a_extended__20px__bold__singlebitperpixelgridfit_1bpp.o(.constdata)
    OCR_A_Extended__20px__Bold__SingleBitPerPixelGridFit_1BPP_FontElement_right_parenthesis_Data 0x00006a60   Data          20  ocr_a_extended__20px__bold__singlebitperpixelgridfit_1bpp.o(.constdata)
    OCR_A_Extended__20px__Bold__SingleBitPerPixelGridFit_1BPP_FontElement_right_parenthesis 0x00006a74   Data          12  ocr_a_extended__20px__bold__singlebitperpixelgridfit_1bpp.o(.constdata)
    OCR_A_Extended__20px__Bold__SingleBitPerPixelGridFit_1BPP_FontElement_star_Data 0x00006a80   Data          20  ocr_a_extended__20px__bold__singlebitperpixelgridfit_1bpp.o(.constdata)
    OCR_A_Extended__20px__Bold__SingleBitPerPixelGridFit_1BPP_FontElement_star 0x00006a94   Data          12  ocr_a_extended__20px__bold__singlebitperpixelgridfit_1bpp.o(.constdata)
    OCR_A_Extended__20px__Bold__SingleBitPerPixelGridFit_1BPP_FontElement_plus_Data 0x00006aa0   Data          20  ocr_a_extended__20px__bold__singlebitperpixelgridfit_1bpp.o(.constdata)
    OCR_A_Extended__20px__Bold__SingleBitPerPixelGridFit_1BPP_FontElement_plus 0x00006ab4   Data          12  ocr_a_extended__20px__bold__singlebitperpixelgridfit_1bpp.o(.constdata)
    OCR_A_Extended__20px__Bold__SingleBitPerPixelGridFit_1BPP_FontElement_comma_Data 0x00006ac0   Data          20  ocr_a_extended__20px__bold__singlebitperpixelgridfit_1bpp.o(.constdata)
    OCR_A_Extended__20px__Bold__SingleBitPerPixelGridFit_1BPP_FontElement_comma 0x00006ad4   Data          12  ocr_a_extended__20px__bold__singlebitperpixelgridfit_1bpp.o(.constdata)
    OCR_A_Extended__20px__Bold__SingleBitPerPixelGridFit_1BPP_FontElement_dash_Data 0x00006ae0   Data          20  ocr_a_extended__20px__bold__singlebitperpixelgridfit_1bpp.o(.constdata)
    OCR_A_Extended__20px__Bold__SingleBitPerPixelGridFit_1BPP_FontElement_dash 0x00006af4   Data          12  ocr_a_extended__20px__bold__singlebitperpixelgridfit_1bpp.o(.constdata)
    OCR_A_Extended__20px__Bold__SingleBitPerPixelGridFit_1BPP_FontElement_period_Data 0x00006b00   Data          20  ocr_a_extended__20px__bold__singlebitperpixelgridfit_1bpp.o(.constdata)
    OCR_A_Extended__20px__Bold__SingleBitPerPixelGridFit_1BPP_FontElement_period 0x00006b14   Data          12  ocr_a_extended__20px__bold__singlebitperpixelgridfit_1bpp.o(.constdata)
    OCR_A_Extended__20px__Bold__SingleBitPerPixelGridFit_1BPP_FontElement_forward_slash_Data 0x00006b20   Data          20  ocr_a_extended__20px__bold__singlebitperpixelgridfit_1bpp.o(.constdata)
    OCR_A_Extended__20px__Bold__SingleBitPerPixelGridFit_1BPP_FontElement_forward_slash 0x00006b34   Data          12  ocr_a_extended__20px__bold__singlebitperpixelgridfit_1bpp.o(.constdata)
    OCR_A_Extended__20px__Bold__SingleBitPerPixelGridFit_1BPP_FontElement_0_Data 0x00006b40   Data          20  ocr_a_extended__20px__bold__singlebitperpixelgridfit_1bpp.o(.constdata)
    OCR_A_Extended__20px__Bold__SingleBitPerPixelGridFit_1BPP_FontElement_0 0x00006b54   Data          12  ocr_a_extended__20px__bold__singlebitperpixelgridfit_1bpp.o(.constdata)
    OCR_A_Extended__20px__Bold__SingleBitPerPixelGridFit_1BPP_FontElement_1_Data 0x00006b60   Data          20  ocr_a_extended__20px__bold__singlebitperpixelgridfit_1bpp.o(.constdata)
    OCR_A_Extended__20px__Bold__SingleBitPerPixelGridFit_1BPP_FontElement_1 0x00006b74   Data          12  ocr_a_extended__20px__bold__singlebitperpixelgridfit_1bpp.o(.constdata)
    OCR_A_Extended__20px__Bold__SingleBitPerPixelGridFit_1BPP_FontElement_2_Data 0x00006b80   Data          20  ocr_a_extended__20px__bold__singlebitperpixelgridfit_1bpp.o(.constdata)
    OCR_A_Extended__20px__Bold__SingleBitPerPixelGridFit_1BPP_FontElement_2 0x00006b94   Data          12  ocr_a_extended__20px__bold__singlebitperpixelgridfit_1bpp.o(.constdata)
    OCR_A_Extended__20px__Bold__SingleBitPerPixelGridFit_1BPP_FontElement_3_Data 0x00006ba0   Data          40  ocr_a_extended__20px__bold__singlebitperpixelgridfit_1bpp.o(.constdata)
    OCR_A_Extended__20px__Bold__SingleBitPerPixelGridFit_1BPP_FontElement_3 0x00006bc8   Data          12  ocr_a_extended__20px__bold__singlebitperpixelgridfit_1bpp.o(.constdata)
    OCR_A_Extended__20px__Bold__SingleBitPerPixelGridFit_1BPP_FontElement_4_Data 0x00006bd4   Data          20  ocr_a_extended__20px__bold__singlebitperpixelgridfit_1bpp.o(.constdata)
    OCR_A_Extended__20px__Bold__SingleBitPerPixelGridFit_1BPP_FontElement_4 0x00006be8   Data          12  ocr_a_extended__20px__bold__singlebitperpixelgridfit_1bpp.o(.constdata)
    OCR_A_Extended__20px__Bold__SingleBitPerPixelGridFit_1BPP_FontElement_5_Data 0x00006bf4   Data          20  ocr_a_extended__20px__bold__singlebitperpixelgridfit_1bpp.o(.constdata)
    OCR_A_Extended__20px__Bold__SingleBitPerPixelGridFit_1BPP_FontElement_5 0x00006c08   Data          12  ocr_a_extended__20px__bold__singlebitperpixelgridfit_1bpp.o(.constdata)
    OCR_A_Extended__20px__Bold__SingleBitPerPixelGridFit_1BPP_FontElement_6_Data 0x00006c14   Data          20  ocr_a_extended__20px__bold__singlebitperpixelgridfit_1bpp.o(.constdata)
    OCR_A_Extended__20px__Bold__SingleBitPerPixelGridFit_1BPP_FontElement_6 0x00006c28   Data          12  ocr_a_extended__20px__bold__singlebitperpixelgridfit_1bpp.o(.constdata)
    OCR_A_Extended__20px__Bold__SingleBitPerPixelGridFit_1BPP_FontElement_7_Data 0x00006c34   Data          20  ocr_a_extended__20px__bold__singlebitperpixelgridfit_1bpp.o(.constdata)
    OCR_A_Extended__20px__Bold__SingleBitPerPixelGridFit_1BPP_FontElement_7 0x00006c48   Data          12  ocr_a_extended__20px__bold__singlebitperpixelgridfit_1bpp.o(.constdata)
    OCR_A_Extended__20px__Bold__SingleBitPerPixelGridFit_1BPP_FontElement_8_Data 0x00006c54   Data          20  ocr_a_extended__20px__bold__singlebitperpixelgridfit_1bpp.o(.constdata)
    OCR_A_Extended__20px__Bold__SingleBitPerPixelGridFit_1BPP_FontElement_8 0x00006c68   Data          12  ocr_a_extended__20px__bold__singlebitperpixelgridfit_1bpp.o(.constdata)
    OCR_A_Extended__20px__Bold__SingleBitPerPixelGridFit_1BPP_FontElement_9_Data 0x00006c74   Data          20  ocr_a_extended__20px__bold__singlebitperpixelgridfit_1bpp.o(.constdata)
    OCR_A_Extended__20px__Bold__SingleBitPerPixelGridFit_1BPP_FontElement_9 0x00006c88   Data          12  ocr_a_extended__20px__bold__singlebitperpixelgridfit_1bpp.o(.constdata)
    OCR_A_Extended__20px__Bold__SingleBitPerPixelGridFit_1BPP_FontElement_colon_Data 0x00006c94   Data          20  ocr_a_extended__20px__bold__singlebitperpixelgridfit_1bpp.o(.constdata)
    OCR_A_Extended__20px__Bold__SingleBitPerPixelGridFit_1BPP_FontElement_colon 0x00006ca8   Data          12  ocr_a_extended__20px__bold__singlebitperpixelgridfit_1bpp.o(.constdata)
    OCR_A_Extended__20px__Bold__SingleBitPerPixelGridFit_1BPP_FontElement_semicolon_Data 0x00006cb4   Data          20  ocr_a_extended__20px__bold__singlebitperpixelgridfit_1bpp.o(.constdata)
    OCR_A_Extended__20px__Bold__SingleBitPerPixelGridFit_1BPP_FontElement_semicolon 0x00006cc8   Data          12  ocr_a_extended__20px__bold__singlebitperpixelgridfit_1bpp.o(.constdata)
    OCR_A_Extended__20px__Bold__SingleBitPerPixelGridFit_1BPP_FontElement_less_than_Data 0x00006cd4   Data          20  ocr_a_extended__20px__bold__singlebitperpixelgridfit_1bpp.o(.constdata)
    OCR_A_Extended__20px__Bold__SingleBitPerPixelGridFit_1BPP_FontElement_less_than 0x00006ce8   Data          12  ocr_a_extended__20px__bold__singlebitperpixelgridfit_1bpp.o(.constdata)
    OCR_A_Extended__20px__Bold__SingleBitPerPixelGridFit_1BPP_FontElement_equals_Data 0x00006cf4   Data          20  ocr_a_extended__20px__bold__singlebitperpixelgridfit_1bpp.o(.constdata)
    OCR_A_Extended__20px__Bold__SingleBitPerPixelGridFit_1BPP_FontElement_equals 0x00006d08   Data          12  ocr_a_extended__20px__bold__singlebitperpixelgridfit_1bpp.o(.constdata)
    OCR_A_Extended__20px__Bold__SingleBitPerPixelGridFit_1BPP_FontElement_great_than_Data 0x00006d14   Data          20  ocr_a_extended__20px__bold__singlebitperpixelgridfit_1bpp.o(.constdata)
    OCR_A_Extended__20px__Bold__SingleBitPerPixelGridFit_1BPP_FontElement_great_than 0x00006d28   Data          12  ocr_a_extended__20px__bold__singlebitperpixelgridfit_1bpp.o(.constdata)
    OCR_A_Extended__20px__Bold__SingleBitPerPixelGridFit_1BPP_FontElement_question_mark_Data 0x00006d34   Data          20  ocr_a_extended__20px__bold__singlebitperpixelgridfit_1bpp.o(.constdata)
    OCR_A_Extended__20px__Bold__SingleBitPerPixelGridFit_1BPP_FontElement_question_mark 0x00006d48   Data          12  ocr_a_extended__20px__bold__singlebitperpixelgridfit_1bpp.o(.constdata)
    OCR_A_Extended__20px__Bold__SingleBitPerPixelGridFit_1BPP_FontElement_at_Data 0x00006d54   Data          20  ocr_a_extended__20px__bold__singlebitperpixelgridfit_1bpp.o(.constdata)
    OCR_A_Extended__20px__Bold__SingleBitPerPixelGridFit_1BPP_FontElement_at 0x00006d68   Data          12  ocr_a_extended__20px__bold__singlebitperpixelgridfit_1bpp.o(.constdata)
    OCR_A_Extended__20px__Bold__SingleBitPerPixelGridFit_1BPP_FontElement_uc_A_Data 0x00006d74   Data          20  ocr_a_extended__20px__bold__singlebitperpixelgridfit_1bpp.o(.constdata)
    OCR_A_Extended__20px__Bold__SingleBitPerPixelGridFit_1BPP_FontElement_uc_A 0x00006d88   Data          12  ocr_a_extended__20px__bold__singlebitperpixelgridfit_1bpp.o(.constdata)
    OCR_A_Extended__20px__Bold__SingleBitPerPixelGridFit_1BPP_FontElement_uc_B_Data 0x00006d94   Data          20  ocr_a_extended__20px__bold__singlebitperpixelgridfit_1bpp.o(.constdata)
    OCR_A_Extended__20px__Bold__SingleBitPerPixelGridFit_1BPP_FontElement_uc_B 0x00006da8   Data          12  ocr_a_extended__20px__bold__singlebitperpixelgridfit_1bpp.o(.constdata)
    OCR_A_Extended__20px__Bold__SingleBitPerPixelGridFit_1BPP_FontElement_uc_C_Data 0x00006db4   Data          20  ocr_a_extended__20px__bold__singlebitperpixelgridfit_1bpp.o(.constdata)
    OCR_A_Extended__20px__Bold__SingleBitPerPixelGridFit_1BPP_FontElement_uc_C 0x00006dc8   Data          12  ocr_a_extended__20px__bold__singlebitperpixelgridfit_1bpp.o(.constdata)
    OCR_A_Extended__20px__Bold__SingleBitPerPixelGridFit_1BPP_FontElement_uc_D_Data 0x00006dd4   Data          20  ocr_a_extended__20px__bold__singlebitperpixelgridfit_1bpp.o(.constdata)
    OCR_A_Extended__20px__Bold__SingleBitPerPixelGridFit_1BPP_FontElement_uc_D 0x00006de8   Data          12  ocr_a_extended__20px__bold__singlebitperpixelgridfit_1bpp.o(.constdata)
    OCR_A_Extended__20px__Bold__SingleBitPerPixelGridFit_1BPP_FontElement_uc_E_Data 0x00006df4   Data          20  ocr_a_extended__20px__bold__singlebitperpixelgridfit_1bpp.o(.constdata)
    OCR_A_Extended__20px__Bold__SingleBitPerPixelGridFit_1BPP_FontElement_uc_E 0x00006e08   Data          12  ocr_a_extended__20px__bold__singlebitperpixelgridfit_1bpp.o(.constdata)
    OCR_A_Extended__20px__Bold__SingleBitPerPixelGridFit_1BPP_FontElement_uc_F_Data 0x00006e14   Data          20  ocr_a_extended__20px__bold__singlebitperpixelgridfit_1bpp.o(.constdata)
    OCR_A_Extended__20px__Bold__SingleBitPerPixelGridFit_1BPP_FontElement_uc_F 0x00006e28   Data          12  ocr_a_extended__20px__bold__singlebitperpixelgridfit_1bpp.o(.constdata)
    OCR_A_Extended__20px__Bold__SingleBitPerPixelGridFit_1BPP_FontElement_uc_G_Data 0x00006e34   Data          20  ocr_a_extended__20px__bold__singlebitperpixelgridfit_1bpp.o(.constdata)
    OCR_A_Extended__20px__Bold__SingleBitPerPixelGridFit_1BPP_FontElement_uc_G 0x00006e48   Data          12  ocr_a_extended__20px__bold__singlebitperpixelgridfit_1bpp.o(.constdata)
    OCR_A_Extended__20px__Bold__SingleBitPerPixelGridFit_1BPP_FontElement_uc_H_Data 0x00006e54   Data          20  ocr_a_extended__20px__bold__singlebitperpixelgridfit_1bpp.o(.constdata)
    OCR_A_Extended__20px__Bold__SingleBitPerPixelGridFit_1BPP_FontElement_uc_H 0x00006e68   Data          12  ocr_a_extended__20px__bold__singlebitperpixelgridfit_1bpp.o(.constdata)
    OCR_A_Extended__20px__Bold__SingleBitPerPixelGridFit_1BPP_FontElement_uc_I_Data 0x00006e74   Data          20  ocr_a_extended__20px__bold__singlebitperpixelgridfit_1bpp.o(.constdata)
    OCR_A_Extended__20px__Bold__SingleBitPerPixelGridFit_1BPP_FontElement_uc_I 0x00006e88   Data          12  ocr_a_extended__20px__bold__singlebitperpixelgridfit_1bpp.o(.constdata)
    OCR_A_Extended__20px__Bold__SingleBitPerPixelGridFit_1BPP_FontElement_uc_J_Data 0x00006e94   Data          20  ocr_a_extended__20px__bold__singlebitperpixelgridfit_1bpp.o(.constdata)
    OCR_A_Extended__20px__Bold__SingleBitPerPixelGridFit_1BPP_FontElement_uc_J 0x00006ea8   Data          12  ocr_a_extended__20px__bold__singlebitperpixelgridfit_1bpp.o(.constdata)
    OCR_A_Extended__20px__Bold__SingleBitPerPixelGridFit_1BPP_FontElement_uc_K_Data 0x00006eb4   Data          20  ocr_a_extended__20px__bold__singlebitperpixelgridfit_1bpp.o(.constdata)
    OCR_A_Extended__20px__Bold__SingleBitPerPixelGridFit_1BPP_FontElement_uc_K 0x00006ec8   Data          12  ocr_a_extended__20px__bold__singlebitperpixelgridfit_1bpp.o(.constdata)
    OCR_A_Extended__20px__Bold__SingleBitPerPixelGridFit_1BPP_FontElement_uc_L_Data 0x00006ed4   Data          20  ocr_a_extended__20px__bold__singlebitperpixelgridfit_1bpp.o(.constdata)
    OCR_A_Extended__20px__Bold__SingleBitPerPixelGridFit_1BPP_FontElement_uc_L 0x00006ee8   Data          12  ocr_a_extended__20px__bold__singlebitperpixelgridfit_1bpp.o(.constdata)
    OCR_A_Extended__20px__Bold__SingleBitPerPixelGridFit_1BPP_FontElement_uc_M_Data 0x00006ef4   Data          20  ocr_a_extended__20px__bold__singlebitperpixelgridfit_1bpp.o(.constdata)
    OCR_A_Extended__20px__Bold__SingleBitPerPixelGridFit_1BPP_FontElement_uc_M 0x00006f08   Data          12  ocr_a_extended__20px__bold__singlebitperpixelgridfit_1bpp.o(.constdata)
    OCR_A_Extended__20px__Bold__SingleBitPerPixelGridFit_1BPP_FontElement_uc_N_Data 0x00006f14   Data          20  ocr_a_extended__20px__bold__singlebitperpixelgridfit_1bpp.o(.constdata)
    OCR_A_Extended__20px__Bold__SingleBitPerPixelGridFit_1BPP_FontElement_uc_N 0x00006f28   Data          12  ocr_a_extended__20px__bold__singlebitperpixelgridfit_1bpp.o(.constdata)
    OCR_A_Extended__20px__Bold__SingleBitPerPixelGridFit_1BPP_FontElement_uc_O_Data 0x00006f34   Data          20  ocr_a_extended__20px__bold__singlebitperpixelgridfit_1bpp.o(.constdata)
    OCR_A_Extended__20px__Bold__SingleBitPerPixelGridFit_1BPP_FontElement_uc_O 0x00006f48   Data          12  ocr_a_extended__20px__bold__singlebitperpixelgridfit_1bpp.o(.constdata)
    OCR_A_Extended__20px__Bold__SingleBitPerPixelGridFit_1BPP_FontElement_uc_P_Data 0x00006f54   Data          20  ocr_a_extended__20px__bold__singlebitperpixelgridfit_1bpp.o(.constdata)
    OCR_A_Extended__20px__Bold__SingleBitPerPixelGridFit_1BPP_FontElement_uc_P 0x00006f68   Data          12  ocr_a_extended__20px__bold__singlebitperpixelgridfit_1bpp.o(.constdata)
    OCR_A_Extended__20px__Bold__SingleBitPerPixelGridFit_1BPP_FontElement_uc_Q_Data 0x00006f74   Data          20  ocr_a_extended__20px__bold__singlebitperpixelgridfit_1bpp.o(.constdata)
    OCR_A_Extended__20px__Bold__SingleBitPerPixelGridFit_1BPP_FontElement_uc_Q 0x00006f88   Data          12  ocr_a_extended__20px__bold__singlebitperpixelgridfit_1bpp.o(.constdata)
    OCR_A_Extended__20px__Bold__SingleBitPerPixelGridFit_1BPP_FontElement_uc_R_Data 0x00006f94   Data          20  ocr_a_extended__20px__bold__singlebitperpixelgridfit_1bpp.o(.constdata)
    OCR_A_Extended__20px__Bold__SingleBitPerPixelGridFit_1BPP_FontElement_uc_R 0x00006fa8   Data          12  ocr_a_extended__20px__bold__singlebitperpixelgridfit_1bpp.o(.constdata)
    OCR_A_Extended__20px__Bold__SingleBitPerPixelGridFit_1BPP_FontElement_uc_S_Data 0x00006fb4   Data          20  ocr_a_extended__20px__bold__singlebitperpixelgridfit_1bpp.o(.constdata)
    OCR_A_Extended__20px__Bold__SingleBitPerPixelGridFit_1BPP_FontElement_uc_S 0x00006fc8   Data          12  ocr_a_extended__20px__bold__singlebitperpixelgridfit_1bpp.o(.constdata)
    OCR_A_Extended__20px__Bold__SingleBitPerPixelGridFit_1BPP_FontElement_uc_T_Data 0x00006fd4   Data          20  ocr_a_extended__20px__bold__singlebitperpixelgridfit_1bpp.o(.constdata)
    OCR_A_Extended__20px__Bold__SingleBitPerPixelGridFit_1BPP_FontElement_uc_T 0x00006fe8   Data          12  ocr_a_extended__20px__bold__singlebitperpixelgridfit_1bpp.o(.constdata)
    OCR_A_Extended__20px__Bold__SingleBitPerPixelGridFit_1BPP_FontElement_uc_U_Data 0x00006ff4   Data          20  ocr_a_extended__20px__bold__singlebitperpixelgridfit_1bpp.o(.constdata)
    OCR_A_Extended__20px__Bold__SingleBitPerPixelGridFit_1BPP_FontElement_uc_U 0x00007008   Data          12  ocr_a_extended__20px__bold__singlebitperpixelgridfit_1bpp.o(.constdata)
    OCR_A_Extended__20px__Bold__SingleBitPerPixelGridFit_1BPP_FontElement_uc_V_Data 0x00007014   Data          20  ocr_a_extended__20px__bold__singlebitperpixelgridfit_1bpp.o(.constdata)
    OCR_A_Extended__20px__Bold__SingleBitPerPixelGridFit_1BPP_FontElement_uc_V 0x00007028   Data          12  ocr_a_extended__20px__bold__singlebitperpixelgridfit_1bpp.o(.constdata)
    OCR_A_Extended__20px__Bold__SingleBitPerPixelGridFit_1BPP_FontElement_uc_W_Data 0x00007034   Data          40  ocr_a_extended__20px__bold__singlebitperpixelgridfit_1bpp.o(.constdata)
    OCR_A_Extended__20px__Bold__SingleBitPerPixelGridFit_1BPP_FontElement_uc_W 0x0000705c   Data          12  ocr_a_extended__20px__bold__singlebitperpixelgridfit_1bpp.o(.constdata)
    OCR_A_Extended__20px__Bold__SingleBitPerPixelGridFit_1BPP_FontElement_uc_X_Data 0x00007068   Data          20  ocr_a_extended__20px__bold__singlebitperpixelgridfit_1bpp.o(.constdata)
    OCR_A_Extended__20px__Bold__SingleBitPerPixelGridFit_1BPP_FontElement_uc_X 0x0000707c   Data          12  ocr_a_extended__20px__bold__singlebitperpixelgridfit_1bpp.o(.constdata)
    OCR_A_Extended__20px__Bold__SingleBitPerPixelGridFit_1BPP_FontElement_uc_Y_Data 0x00007088   Data          20  ocr_a_extended__20px__bold__singlebitperpixelgridfit_1bpp.o(.constdata)
    OCR_A_Extended__20px__Bold__SingleBitPerPixelGridFit_1BPP_FontElement_uc_Y 0x0000709c   Data          12  ocr_a_extended__20px__bold__singlebitperpixelgridfit_1bpp.o(.constdata)
    OCR_A_Extended__20px__Bold__SingleBitPerPixelGridFit_1BPP_FontElement_uc_Z_Data 0x000070a8   Data          20  ocr_a_extended__20px__bold__singlebitperpixelgridfit_1bpp.o(.constdata)
    OCR_A_Extended__20px__Bold__SingleBitPerPixelGridFit_1BPP_FontElement_uc_Z 0x000070bc   Data          12  ocr_a_extended__20px__bold__singlebitperpixelgridfit_1bpp.o(.constdata)
    OCR_A_Extended__20px__Bold__SingleBitPerPixelGridFit_1BPP_FontElement_left_bracket_Data 0x000070c8   Data          20  ocr_a_extended__20px__bold__singlebitperpixelgridfit_1bpp.o(.constdata)
    OCR_A_Extended__20px__Bold__SingleBitPerPixelGridFit_1BPP_FontElement_left_bracket 0x000070dc   Data          12  ocr_a_extended__20px__bold__singlebitperpixelgridfit_1bpp.o(.constdata)
    OCR_A_Extended__20px__Bold__SingleBitPerPixelGridFit_1BPP_FontElement_backslash_Data 0x000070e8   Data          20  ocr_a_extended__20px__bold__singlebitperpixelgridfit_1bpp.o(.constdata)
    OCR_A_Extended__20px__Bold__SingleBitPerPixelGridFit_1BPP_FontElement_backslash 0x000070fc   Data          12  ocr_a_extended__20px__bold__singlebitperpixelgridfit_1bpp.o(.constdata)
    OCR_A_Extended__20px__Bold__SingleBitPerPixelGridFit_1BPP_FontElement_right_bracket_Data 0x00007108   Data          20  ocr_a_extended__20px__bold__singlebitperpixelgridfit_1bpp.o(.constdata)
    OCR_A_Extended__20px__Bold__SingleBitPerPixelGridFit_1BPP_FontElement_right_bracket 0x0000711c   Data          12  ocr_a_extended__20px__bold__singlebitperpixelgridfit_1bpp.o(.constdata)
    OCR_A_Extended__20px__Bold__SingleBitPerPixelGridFit_1BPP_FontElement_carret_Data 0x00007128   Data          20  ocr_a_extended__20px__bold__singlebitperpixelgridfit_1bpp.o(.constdata)
    OCR_A_Extended__20px__Bold__SingleBitPerPixelGridFit_1BPP_FontElement_carret 0x0000713c   Data          12  ocr_a_extended__20px__bold__singlebitperpixelgridfit_1bpp.o(.constdata)
    OCR_A_Extended__20px__Bold__SingleBitPerPixelGridFit_1BPP_FontElement_underscore_Data 0x00007148   Data          40  ocr_a_extended__20px__bold__singlebitperpixelgridfit_1bpp.o(.constdata)
    OCR_A_Extended__20px__Bold__SingleBitPerPixelGridFit_1BPP_FontElement_underscore 0x00007170   Data          12  ocr_a_extended__20px__bold__singlebitperpixelgridfit_1bpp.o(.constdata)
    OCR_A_Extended__20px__Bold__SingleBitPerPixelGridFit_1BPP_FontElement_slanted_single_quote_Data 0x0000717c   Data          20  ocr_a_extended__20px__bold__singlebitperpixelgridfit_1bpp.o(.constdata)
    OCR_A_Extended__20px__Bold__SingleBitPerPixelGridFit_1BPP_FontElement_slanted_single_quote 0x00007190   Data          12  ocr_a_extended__20px__bold__singlebitperpixelgridfit_1bpp.o(.constdata)
    OCR_A_Extended__20px__Bold__SingleBitPerPixelGridFit_1BPP_FontElement_lc_a_Data 0x0000719c   Data          20  ocr_a_extended__20px__bold__singlebitperpixelgridfit_1bpp.o(.constdata)
    OCR_A_Extended__20px__Bold__SingleBitPerPixelGridFit_1BPP_FontElement_lc_a 0x000071b0   Data          12  ocr_a_extended__20px__bold__singlebitperpixelgridfit_1bpp.o(.constdata)
    OCR_A_Extended__20px__Bold__SingleBitPerPixelGridFit_1BPP_FontElement_lc_b_Data 0x000071bc   Data          20  ocr_a_extended__20px__bold__singlebitperpixelgridfit_1bpp.o(.constdata)
    OCR_A_Extended__20px__Bold__SingleBitPerPixelGridFit_1BPP_FontElement_lc_b 0x000071d0   Data          12  ocr_a_extended__20px__bold__singlebitperpixelgridfit_1bpp.o(.constdata)
    OCR_A_Extended__20px__Bold__SingleBitPerPixelGridFit_1BPP_FontElement_lc_c_Data 0x000071dc   Data          20  ocr_a_extended__20px__bold__singlebitperpixelgridfit_1bpp.o(.constdata)
    OCR_A_Extended__20px__Bold__SingleBitPerPixelGridFit_1BPP_FontElement_lc_c 0x000071f0   Data          12  ocr_a_extended__20px__bold__singlebitperpixelgridfit_1bpp.o(.constdata)
    OCR_A_Extended__20px__Bold__SingleBitPerPixelGridFit_1BPP_FontElement_lc_d_Data 0x000071fc   Data          20  ocr_a_extended__20px__bold__singlebitperpixelgridfit_1bpp.o(.constdata)
    OCR_A_Extended__20px__Bold__SingleBitPerPixelGridFit_1BPP_FontElement_lc_d 0x00007210   Data          12  ocr_a_extended__20px__bold__singlebitperpixelgridfit_1bpp.o(.constdata)
    OCR_A_Extended__20px__Bold__SingleBitPerPixelGridFit_1BPP_FontElement_lc_e_Data 0x0000721c   Data          20  ocr_a_extended__20px__bold__singlebitperpixelgridfit_1bpp.o(.constdata)
    OCR_A_Extended__20px__Bold__SingleBitPerPixelGridFit_1BPP_FontElement_lc_e 0x00007230   Data          12  ocr_a_extended__20px__bold__singlebitperpixelgridfit_1bpp.o(.constdata)
    OCR_A_Extended__20px__Bold__SingleBitPerPixelGridFit_1BPP_FontElement_lc_f_Data 0x0000723c   Data          20  ocr_a_extended__20px__bold__singlebitperpixelgridfit_1bpp.o(.constdata)
    OCR_A_Extended__20px__Bold__SingleBitPerPixelGridFit_1BPP_FontElement_lc_f 0x00007250   Data          12  ocr_a_extended__20px__bold__singlebitperpixelgridfit_1bpp.o(.constdata)
    OCR_A_Extended__20px__Bold__SingleBitPerPixelGridFit_1BPP_FontElement_lc_g_Data 0x0000725c   Data          20  ocr_a_extended__20px__bold__singlebitperpixelgridfit_1bpp.o(.constdata)
    OCR_A_Extended__20px__Bold__SingleBitPerPixelGridFit_1BPP_FontElement_lc_g 0x00007270   Data          12  ocr_a_extended__20px__bold__singlebitperpixelgridfit_1bpp.o(.constdata)
    OCR_A_Extended__20px__Bold__SingleBitPerPixelGridFit_1BPP_FontElement_lc_h_Data 0x0000727c   Data          20  ocr_a_extended__20px__bold__singlebitperpixelgridfit_1bpp.o(.constdata)
    OCR_A_Extended__20px__Bold__SingleBitPerPixelGridFit_1BPP_FontElement_lc_h 0x00007290   Data          12  ocr_a_extended__20px__bold__singlebitperpixelgridfit_1bpp.o(.constdata)
    OCR_A_Extended__20px__Bold__SingleBitPerPixelGridFit_1BPP_FontElement_lc_i_Data 0x0000729c   Data          20  ocr_a_extended__20px__bold__singlebitperpixelgridfit_1bpp.o(.constdata)
    OCR_A_Extended__20px__Bold__SingleBitPerPixelGridFit_1BPP_FontElement_lc_i 0x000072b0   Data          12  ocr_a_extended__20px__bold__singlebitperpixelgridfit_1bpp.o(.constdata)
    OCR_A_Extended__20px__Bold__SingleBitPerPixelGridFit_1BPP_FontElement_lc_j_Data 0x000072bc   Data          20  ocr_a_extended__20px__bold__singlebitperpixelgridfit_1bpp.o(.constdata)
    OCR_A_Extended__20px__Bold__SingleBitPerPixelGridFit_1BPP_FontElement_lc_j 0x000072d0   Data          12  ocr_a_extended__20px__bold__singlebitperpixelgridfit_1bpp.o(.constdata)
    OCR_A_Extended__20px__Bold__SingleBitPerPixelGridFit_1BPP_FontElement_lc_k_Data 0x000072dc   Data          20  ocr_a_extended__20px__bold__singlebitperpixelgridfit_1bpp.o(.constdata)
    OCR_A_Extended__20px__Bold__SingleBitPerPixelGridFit_1BPP_FontElement_lc_k 0x000072f0   Data          12  ocr_a_extended__20px__bold__singlebitperpixelgridfit_1bpp.o(.constdata)
    OCR_A_Extended__20px__Bold__SingleBitPerPixelGridFit_1BPP_FontElement_lc_l_Data 0x000072fc   Data          20  ocr_a_extended__20px__bold__singlebitperpixelgridfit_1bpp.o(.constdata)
    OCR_A_Extended__20px__Bold__SingleBitPerPixelGridFit_1BPP_FontElement_lc_l 0x00007310   Data          12  ocr_a_extended__20px__bold__singlebitperpixelgridfit_1bpp.o(.constdata)
    OCR_A_Extended__20px__Bold__SingleBitPerPixelGridFit_1BPP_FontElement_lc_m_Data 0x0000731c   Data          40  ocr_a_extended__20px__bold__singlebitperpixelgridfit_1bpp.o(.constdata)
    OCR_A_Extended__20px__Bold__SingleBitPerPixelGridFit_1BPP_FontElement_lc_m 0x00007344   Data          12  ocr_a_extended__20px__bold__singlebitperpixelgridfit_1bpp.o(.constdata)
    OCR_A_Extended__20px__Bold__SingleBitPerPixelGridFit_1BPP_FontElement_lc_n_Data 0x00007350   Data          20  ocr_a_extended__20px__bold__singlebitperpixelgridfit_1bpp.o(.constdata)
    OCR_A_Extended__20px__Bold__SingleBitPerPixelGridFit_1BPP_FontElement_lc_n 0x00007364   Data          12  ocr_a_extended__20px__bold__singlebitperpixelgridfit_1bpp.o(.constdata)
    OCR_A_Extended__20px__Bold__SingleBitPerPixelGridFit_1BPP_FontElement_lc_o_Data 0x00007370   Data          20  ocr_a_extended__20px__bold__singlebitperpixelgridfit_1bpp.o(.constdata)
    OCR_A_Extended__20px__Bold__SingleBitPerPixelGridFit_1BPP_FontElement_lc_o 0x00007384   Data          12  ocr_a_extended__20px__bold__singlebitperpixelgridfit_1bpp.o(.constdata)
    OCR_A_Extended__20px__Bold__SingleBitPerPixelGridFit_1BPP_FontElement_lc_p_Data 0x00007390   Data          20  ocr_a_extended__20px__bold__singlebitperpixelgridfit_1bpp.o(.constdata)
    OCR_A_Extended__20px__Bold__SingleBitPerPixelGridFit_1BPP_FontElement_lc_p 0x000073a4   Data          12  ocr_a_extended__20px__bold__singlebitperpixelgridfit_1bpp.o(.constdata)
    OCR_A_Extended__20px__Bold__SingleBitPerPixelGridFit_1BPP_FontElement_lc_q_Data 0x000073b0   Data          20  ocr_a_extended__20px__bold__singlebitperpixelgridfit_1bpp.o(.constdata)
    OCR_A_Extended__20px__Bold__SingleBitPerPixelGridFit_1BPP_FontElement_lc_q 0x000073c4   Data          12  ocr_a_extended__20px__bold__singlebitperpixelgridfit_1bpp.o(.constdata)
    OCR_A_Extended__20px__Bold__SingleBitPerPixelGridFit_1BPP_FontElement_lc_r_Data 0x000073d0   Data          20  ocr_a_extended__20px__bold__singlebitperpixelgridfit_1bpp.o(.constdata)
    OCR_A_Extended__20px__Bold__SingleBitPerPixelGridFit_1BPP_FontElement_lc_r 0x000073e4   Data          12  ocr_a_extended__20px__bold__singlebitperpixelgridfit_1bpp.o(.constdata)
    OCR_A_Extended__20px__Bold__SingleBitPerPixelGridFit_1BPP_FontElement_lc_s_Data 0x000073f0   Data          20  ocr_a_extended__20px__bold__singlebitperpixelgridfit_1bpp.o(.constdata)
    OCR_A_Extended__20px__Bold__SingleBitPerPixelGridFit_1BPP_FontElement_lc_s 0x00007404   Data          12  ocr_a_extended__20px__bold__singlebitperpixelgridfit_1bpp.o(.constdata)
    OCR_A_Extended__20px__Bold__SingleBitPerPixelGridFit_1BPP_FontElement_lc_t_Data 0x00007410   Data          40  ocr_a_extended__20px__bold__singlebitperpixelgridfit_1bpp.o(.constdata)
    OCR_A_Extended__20px__Bold__SingleBitPerPixelGridFit_1BPP_FontElement_lc_t 0x00007438   Data          12  ocr_a_extended__20px__bold__singlebitperpixelgridfit_1bpp.o(.constdata)
    OCR_A_Extended__20px__Bold__SingleBitPerPixelGridFit_1BPP_FontElement_lc_u_Data 0x00007444   Data          20  ocr_a_extended__20px__bold__singlebitperpixelgridfit_1bpp.o(.constdata)
    OCR_A_Extended__20px__Bold__SingleBitPerPixelGridFit_1BPP_FontElement_lc_u 0x00007458   Data          12  ocr_a_extended__20px__bold__singlebitperpixelgridfit_1bpp.o(.constdata)
    OCR_A_Extended__20px__Bold__SingleBitPerPixelGridFit_1BPP_FontElement_lc_v_Data 0x00007464   Data          20  ocr_a_extended__20px__bold__singlebitperpixelgridfit_1bpp.o(.constdata)
    OCR_A_Extended__20px__Bold__SingleBitPerPixelGridFit_1BPP_FontElement_lc_v 0x00007478   Data          12  ocr_a_extended__20px__bold__singlebitperpixelgridfit_1bpp.o(.constdata)
    OCR_A_Extended__20px__Bold__SingleBitPerPixelGridFit_1BPP_FontElement_lc_w_Data 0x00007484   Data          40  ocr_a_extended__20px__bold__singlebitperpixelgridfit_1bpp.o(.constdata)
    OCR_A_Extended__20px__Bold__SingleBitPerPixelGridFit_1BPP_FontElement_lc_w 0x000074ac   Data          12  ocr_a_extended__20px__bold__singlebitperpixelgridfit_1bpp.o(.constdata)
    OCR_A_Extended__20px__Bold__SingleBitPerPixelGridFit_1BPP_FontElement_lc_x_Data 0x000074b8   Data          20  ocr_a_extended__20px__bold__singlebitperpixelgridfit_1bpp.o(.constdata)
    OCR_A_Extended__20px__Bold__SingleBitPerPixelGridFit_1BPP_FontElement_lc_x 0x000074cc   Data          12  ocr_a_extended__20px__bold__singlebitperpixelgridfit_1bpp.o(.constdata)
    OCR_A_Extended__20px__Bold__SingleBitPerPixelGridFit_1BPP_FontElement_lc_y_Data 0x000074d8   Data          40  ocr_a_extended__20px__bold__singlebitperpixelgridfit_1bpp.o(.constdata)
    OCR_A_Extended__20px__Bold__SingleBitPerPixelGridFit_1BPP_FontElement_lc_y 0x00007500   Data          12  ocr_a_extended__20px__bold__singlebitperpixelgridfit_1bpp.o(.constdata)
    OCR_A_Extended__20px__Bold__SingleBitPerPixelGridFit_1BPP_FontElement_lc_z_Data 0x0000750c   Data          20  ocr_a_extended__20px__bold__singlebitperpixelgridfit_1bpp.o(.constdata)
    OCR_A_Extended__20px__Bold__SingleBitPerPixelGridFit_1BPP_FontElement_lc_z 0x00007520   Data          12  ocr_a_extended__20px__bold__singlebitperpixelgridfit_1bpp.o(.constdata)
    OCR_A_Extended__20px__Bold__SingleBitPerPixelGridFit_1BPP_FontElement_left_curly_brace_Data 0x0000752c   Data          20  ocr_a_extended__20px__bold__singlebitperpixelgridfit_1bpp.o(.constdata)
    OCR_A_Extended__20px__Bold__SingleBitPerPixelGridFit_1BPP_FontElement_left_curly_brace 0x00007540   Data          12  ocr_a_extended__20px__bold__singlebitperpixelgridfit_1bpp.o(.constdata)
    OCR_A_Extended__20px__Bold__SingleBitPerPixelGridFit_1BPP_FontElement_vertical_bar_Data 0x0000754c   Data          20  ocr_a_extended__20px__bold__singlebitperpixelgridfit_1bpp.o(.constdata)
    OCR_A_Extended__20px__Bold__SingleBitPerPixelGridFit_1BPP_FontElement_vertical_bar 0x00007560   Data          12  ocr_a_extended__20px__bold__singlebitperpixelgridfit_1bpp.o(.constdata)
    OCR_A_Extended__20px__Bold__SingleBitPerPixelGridFit_1BPP_FontElement_right_curly_brace_Data 0x0000756c   Data          20  ocr_a_extended__20px__bold__singlebitperpixelgridfit_1bpp.o(.constdata)
    OCR_A_Extended__20px__Bold__SingleBitPerPixelGridFit_1BPP_FontElement_right_curly_brace 0x00007580   Data          12  ocr_a_extended__20px__bold__singlebitperpixelgridfit_1bpp.o(.constdata)
    OCR_A_Extended__20px__Bold__SingleBitPerPixelGridFit_1BPP_FontElement_tilde_Data 0x0000758c   Data          40  ocr_a_extended__20px__bold__singlebitperpixelgridfit_1bpp.o(.constdata)
    OCR_A_Extended__20px__Bold__SingleBitPerPixelGridFit_1BPP_FontElement_tilde 0x000075b4   Data          12  ocr_a_extended__20px__bold__singlebitperpixelgridfit_1bpp.o(.constdata)
    OCR_A_Extended__20px__Bold__SingleBitPerPixelGridFit_1BPP_FontElement_delete_Data 0x000075c0   Data          60  ocr_a_extended__20px__bold__singlebitperpixelgridfit_1bpp.o(.constdata)
    OCR_A_Extended__20px__Bold__SingleBitPerPixelGridFit_1BPP_FontElement_delete 0x000075fc   Data          12  ocr_a_extended__20px__bold__singlebitperpixelgridfit_1bpp.o(.constdata)
    OCR_A_Extended__20px__Bold__SingleBitPerPixelGridFit_1BPP 0x00007608   Data         400  ocr_a_extended__20px__bold__singlebitperpixelgridfit_1bpp.o(.constdata)
    twiddleCoef_16                           0x00007798   Data         128  arm_common_tables.o(.constdata)
    twiddleCoef_32                           0x00007818   Data         256  arm_common_tables.o(.constdata)
    twiddleCoef_64                           0x00007918   Data         512  arm_common_tables.o(.constdata)
    twiddleCoef_128                          0x00007b18   Data        1024  arm_common_tables.o(.constdata)
    twiddleCoef_256                          0x00007f18   Data        2048  arm_common_tables.o(.constdata)
    twiddleCoef_512                          0x00008718   Data        4096  arm_common_tables.o(.constdata)
    twiddleCoef_1024                         0x00009718   Data        8192  arm_common_tables.o(.constdata)
    twiddleCoef_2048                         0x0000b718   Data       16384  arm_common_tables.o(.constdata)
    armBitRevIndexTable16                    0x0000f718   Data          40  arm_common_tables.o(.constdata)
    armBitRevIndexTable32                    0x0000f740   Data          96  arm_common_tables.o(.constdata)
    armBitRevIndexTable64                    0x0000f7a0   Data         112  arm_common_tables.o(.constdata)
    armBitRevIndexTable128                   0x0000f810   Data         416  arm_common_tables.o(.constdata)
    armBitRevIndexTable256                   0x0000f9b0   Data         880  arm_common_tables.o(.constdata)
    armBitRevIndexTable512                   0x0000fd20   Data         896  arm_common_tables.o(.constdata)
    armBitRevIndexTable1024                  0x000100a0   Data        3600  arm_common_tables.o(.constdata)
    armBitRevIndexTable2048                  0x00010eb0   Data        7616  arm_common_tables.o(.constdata)
    twiddleCoef_rfft_32                      0x00012c70   Data         128  arm_common_tables.o(.constdata)
    twiddleCoef_rfft_64                      0x00012cf0   Data         256  arm_common_tables.o(.constdata)
    twiddleCoef_rfft_128                     0x00012df0   Data         512  arm_common_tables.o(.constdata)
    twiddleCoef_rfft_256                     0x00012ff0   Data        1024  arm_common_tables.o(.constdata)
    twiddleCoef_rfft_512                     0x000133f0   Data        2048  arm_common_tables.o(.constdata)
    twiddleCoef_rfft_1024                    0x00013bf0   Data        4096  arm_common_tables.o(.constdata)
    twiddleCoef_rfft_2048                    0x00014bf0   Data        8192  arm_common_tables.o(.constdata)
    twiddleCoef_rfft_4096                    0x00016bf0   Data       16384  arm_common_tables.o(.constdata)
    Region$$Table$$Base                      0x0001abf0   Number         0  anon$$obj.o(Region$$Table)
    Region$$Table$$Limit                     0x0001ac10   Number         0  anon$$obj.o(Region$$Table)
    Image$$RW_m_data$$Base                   0x20000000   Number         0  anon$$obj.o ABSOLUTE
    SystemCoreClock                          0x20000000   Data           4  system_lpc54608.o(.data)
    MicBuffer                                0x2000006c   Data           4  main.o(.data)
    BackgroundMicBuffer                      0x20000070   Data           4  main.o(.data)
    BackgroundBufferIdx                      0x20000074   Data           4  main.o(.data)
    NextBufferReady                          0x20000078   Data           4  main.o(.data)
    BuffersCaptured                          0x2000007c   Data           4  main.o(.data)
    s_dma_descriptor_table                   0x20000400   Data         480  fsl_dma.o(.bss)
    MicBuffer1                               0x20000678   Data        4096  main.o(.bss)
    MicBuffer2                               0x20001678   Data        4096  main.o(.bss)
    MyFFT                                    0x20002678   Data          24  main.o(.bss)
    FFT_RawDataOut                           0x20002690   Data        4096  main.o(.bss)
    FFT_PowerSpectrum                        0x20003690   Data        4096  main.o(.bss)
    eGFX_Animators                           0x200046d0   Data         128  egfx.o(.bss)
    eGFX_Objects                             0x20004750   Data         256  egfx.o(.bss)
    eGFX_BackBuffer                          0x20004850   Data          12  egfx_driver_lpcxpresso_54608.o(.bss)
    Image$$ARM_LIB_STACK$$ZI$$Limit          0x20028000   Number         0  anon$$obj.o ABSOLUTE



==============================================================================

Memory Map of the image

  Image Entry point : 0x000004c1

  Load Region LR_m_text (Base: 0x00000000, Size: 0x0001ac94, Max: 0x00080000, ABSOLUTE)

    Execution Region VECTOR_ROM (Base: 0x00000000, Size: 0x00000124, Max: 0x00000400, ABSOLUTE)

    Base Addr    Size         Type   Attr      Idx    E Section Name        Object

    0x00000000   0x00000124   Data   RO            4    RESET               startup_lpc54608.o


    Execution Region VECTOR_RAM (Base: 0x00000000, Size: 0x00000000, Max: 0x00000000, ABSOLUTE)

    Base Addr    Size         Type   Attr      Idx    E Section Name        Object

    0x00000000   0x00000000   Zero   RW            1    VECTOR_RAM.bss      anon$$obj.o


    Execution Region ER_m_text (Base: 0x00000400, Size: 0x0001a810, Max: 0x0007fc00, ABSOLUTE, FIXED)

    Base Addr    Size         Type   Attr      Idx    E Section Name        Object

    0x00000400   0x000000c0   Code   RO         6053    . text              CMSIS_DSP_4_5_O3.lib(arm_bitreversal2.o)
    0x000004c0   0x00000000   Code   RO         6063  * .ARM.Collect$$$$00000000  mc_w.l(entry.o)
    0x000004c0   0x00000004   Code   RO         6110    .ARM.Collect$$$$00000003  mc_w.l(entry4.o)
    0x000004c4   0x00000004   Code   RO         6113    .ARM.Collect$$$$00000004  mc_w.l(entry5.o)
    0x000004c8   0x00000000   Code   RO         6115    .ARM.Collect$$$$00000008  mc_w.l(entry7b.o)
    0x000004c8   0x00000000   Code   RO         6117    .ARM.Collect$$$$0000000A  mc_w.l(entry8b.o)
    0x000004c8   0x00000008   Code   RO         6118    .ARM.Collect$$$$0000000B  mc_w.l(entry9a.o)
    0x000004d0   0x00000000   Code   RO         6120    .ARM.Collect$$$$0000000D  mc_w.l(entry10a.o)
    0x000004d0   0x00000000   Code   RO         6122    .ARM.Collect$$$$0000000F  mc_w.l(entry11a.o)
    0x000004d0   0x00000004   Code   RO         6111    .ARM.Collect$$$$00002714  mc_w.l(entry4.o)
    0x000004d4   0x000001ec   Code   RO            5    .text               startup_lpc54608.o
    0x000006c0   0x00000062   Code   RO         6066    .text               mc_w.l(uldiv.o)
    0x00000722   0x00000024   Code   RO         6068    .text               mc_w.l(memcpya.o)
    0x00000746   0x0000000e   Code   RO         6072    .text               mc_w.l(strlen.o)
    0x00000754   0x00000030   Code   RO         6108    .text               mf_w.l(cdrcmple.o)
    0x00000784   0x0000002c   Code   RO         6124    .text               mc_w.l(uidiv.o)
    0x000007b0   0x0000001e   Code   RO         6126    .text               mc_w.l(llshl.o)
    0x000007ce   0x00000020   Code   RO         6128    .text               mc_w.l(llushr.o)
    0x000007ee   0x00000000   Code   RO         6130    .text               mc_w.l(iusefp.o)
    0x000007ee   0x0000014e   Code   RO         6131    .text               mf_w.l(dadd.o)
    0x0000093c   0x000000e4   Code   RO         6133    .text               mf_w.l(dmul.o)
    0x00000a20   0x000000de   Code   RO         6135    .text               mf_w.l(ddiv.o)
    0x00000afe   0x00000030   Code   RO         6137    .text               mf_w.l(dfixul.o)
    0x00000b2e   0x00000002   PAD
    0x00000b30   0x00000024   Code   RO         6139    .text               mc_w.l(init.o)
    0x00000b54   0x00000024   Code   RO         6141    .text               mc_w.l(llsshr.o)
    0x00000b78   0x000000ba   Code   RO         6143    .text               mf_w.l(depilogue.o)
    0x00000c32   0x00000002   PAD
    0x00000c34   0x000000c0   Code   RO         5496    i.APP_LCDC_Init     egfx_driver_lpcxpresso_54608.o
    0x00000cf4   0x00000064   Code   RO         4595    i.BOARD_BootClock_PLL_RUN  main.o
    0x00000d58   0x0000006c   Code   RO         4731    i.BOARD_InitDebugConsole  board.o
    0x00000dc4   0x0000005c   Code   RO         5497    i.BOARD_InitPWM     egfx_driver_lpcxpresso_54608.o
    0x00000e20   0x00000654   Code   RO         4816    i.BOARD_InitPins    pin_mux.o
    0x00001474   0x0000009c   Code   RO         4732    i.BOARD_InitSDRAM   board.o
    0x00001510   0x00000058   Code   RO         2866    i.CAN0_IRQ0_DriverIRQHandler  fsl_mcan.o
    0x00001568   0x00000058   Code   RO         2867    i.CAN0_IRQ1_DriverIRQHandler  fsl_mcan.o
    0x000015c0   0x00000058   Code   RO         2868    i.CAN1_IRQ0_DriverIRQHandler  fsl_mcan.o
    0x00001618   0x00000058   Code   RO         2869    i.CAN1_IRQ1_DriverIRQHandler  fsl_mcan.o
    0x00001670   0x0000004c   Code   RO          360    i.CLOCK_AttachClk   fsl_clock.o
    0x000016bc   0x00000028   Code   RO         2741    i.CLOCK_EnableClock  fsl_lcdc.o
    0x000016e4   0x00000028   Code   RO         4596    i.CLOCK_EnableClock  main.o
    0x0000170c   0x00000028   Code   RO         4817    i.CLOCK_EnableClock  pin_mux.o
    0x00001734   0x00000038   Code   RO          367    i.CLOCK_Enable_SysOsc  fsl_clock.o
    0x0000176c   0x0000004c   Code   RO          368    i.CLOCK_GetAdcClkFreq  fsl_clock.o
    0x000017b8   0x00000030   Code   RO          369    i.CLOCK_GetAsyncApbClkFreq  fsl_clock.o
    0x000017e8   0x0000000c   Code   RO          374    i.CLOCK_GetAudioPllOutFreq  fsl_clock.o
    0x000017f4   0x00000078   Code   RO          375    i.CLOCK_GetClockOutClkFreq  fsl_clock.o
    0x0000186c   0x0000007c   Code   RO          376    i.CLOCK_GetCoreSysClkFreq  fsl_clock.o
    0x000018e8   0x00000008   Code   RO          377    i.CLOCK_GetExtClkFreq  fsl_clock.o
    0x000018f0   0x0000005c   Code   RO          379    i.CLOCK_GetFlexCommClkFreq  fsl_clock.o
    0x0000194c   0x000002c8   Code   RO          380    i.CLOCK_GetFreq     fsl_clock.o
    0x00001c14   0x0000001c   Code   RO          381    i.CLOCK_GetFro12MFreq  fsl_clock.o
    0x00001c30   0x00000040   Code   RO          382    i.CLOCK_GetFroHfFreq  fsl_clock.o
    0x00001c70   0x00000004   Code   RO          383    i.CLOCK_GetI2SMClkFreq  fsl_clock.o
    0x00001c74   0x00000040   Code   RO          384    i.CLOCK_GetLcdClkFreq  fsl_clock.o
    0x00001cb4   0x00000004   Code   RO          385    i.CLOCK_GetLcdClkIn  fsl_clock.o
    0x00001cb8   0x00000040   Code   RO          386    i.CLOCK_GetMclkClkFreq  fsl_clock.o
    0x00001cf8   0x00000006   Code   RO          387    i.CLOCK_GetOsc32KFreq  fsl_clock.o
    0x00001cfe   0x00000002   PAD
    0x00001d00   0x00000138   Code   RO          388    i.CLOCK_GetPllConfig  fsl_clock.o
    0x00001e38   0x0000000c   Code   RO          389    i.CLOCK_GetPllOutFreq  fsl_clock.o
    0x00001e44   0x0000004c   Code   RO          390    i.CLOCK_GetSctClkFreq  fsl_clock.o
    0x00001e90   0x0000005c   Code   RO          391    i.CLOCK_GetSdioClkFreq  fsl_clock.o
    0x00001eec   0x0000005c   Code   RO          392    i.CLOCK_GetSpifiClkFreq  fsl_clock.o
    0x00001f48   0x0000004c   Code   RO          393    i.CLOCK_GetSystemPLLInClockRate  fsl_clock.o
    0x00001f94   0x0000005a   Code   RO          395    i.CLOCK_GetSystemPLLOutFromSetup  fsl_clock.o
    0x00001fee   0x00000002   PAD
    0x00001ff0   0x00000014   Code   RO          396    i.CLOCK_GetSystemPLLOutFromSetupUpdate  fsl_clock.o
    0x00002004   0x00000040   Code   RO          397    i.CLOCK_GetUsb0ClkFreq  fsl_clock.o
    0x00002044   0x00000040   Code   RO          398    i.CLOCK_GetUsb1ClkFreq  fsl_clock.o
    0x00002084   0x0000000c   Code   RO          402    i.CLOCK_GetUsbPllOutFreq  fsl_clock.o
    0x00002090   0x00000040   Code   RO          403    i.CLOCK_GetWdtOscFreq  fsl_clock.o
    0x000020d0   0x00000028   Code   RO          404    i.CLOCK_SetClkDiv   fsl_clock.o
    0x000020f8   0x00000018   Code   RO          405    i.CLOCK_SetFLASHAccessCycles  fsl_clock.o
    0x00002110   0x0000009c   Code   RO          406    i.CLOCK_SetFLASHAccessCyclesForFreq  fsl_clock.o
    0x000021ac   0x00000032   Code   RO          416    i.CLOCK_SetupPLLData  fsl_clock.o
    0x000021de   0x00000002   PAD
    0x000021e0   0x000000ec   Code   RO          418    i.CLOCK_SetupSystemPLLPrec  fsl_clock.o
    0x000022cc   0x0000000a   Code   RO          913    i.CTIMER0_DriverIRQHandler  fsl_ctimer.o
    0x000022d6   0x0000000a   Code   RO          914    i.CTIMER1_DriverIRQHandler  fsl_ctimer.o
    0x000022e0   0x0000000a   Code   RO          915    i.CTIMER2_DriverIRQHandler  fsl_ctimer.o
    0x000022ea   0x0000000a   Code   RO          916    i.CTIMER3_DriverIRQHandler  fsl_ctimer.o
    0x000022f4   0x0000000a   Code   RO          917    i.CTIMER4_DriverIRQHandler  fsl_ctimer.o
    0x000022fe   0x00000004   Code   RO          918    i.CTIMER_ClearStatusFlags  fsl_ctimer.o
    0x00002302   0x00000002   PAD
    0x00002304   0x0000007c   Code   RO          920    i.CTIMER_GenericIRQHandler  fsl_ctimer.o
    0x00002380   0x000000ac   Code   RO         1040    i.DMA0_DriverIRQHandler  fsl_dma.o
    0x0000242c   0x00000014   Code   RO         1160    i.DMIC0_DriverIRQHandler  fsl_dmic.o
    0x00002440   0x000000ac   Code   RO         4597    i.DMIC0_IRQHandler  main.o
    0x000024ec   0x000000a8   Code   RO          116    i.DbgConsole_ConvertRadixNumToString  fsl_debug_console.o
    0x00002594   0x00000058   Code   RO          119    i.DbgConsole_Init   fsl_debug_console.o
    0x000025ec   0x00000034   Code   RO          120    i.DbgConsole_Printf  fsl_debug_console.o
    0x00002620   0x0000023a   Code   RO          121    i.DbgConsole_PrintfFormattedData  fsl_debug_console.o
    0x0000285a   0x00000028   Code   RO          122    i.DbgConsole_PrintfPaddingCharacter  fsl_debug_console.o
    0x00002882   0x00000002   PAD
    0x00002884   0x00000024   Code   RO          123    i.DbgConsole_Putchar  fsl_debug_console.o
    0x000028a8   0x0000003c   Code   RO         1425    i.EMC_CalculateTimerCycles  fsl_emc.o
    0x000028e4   0x000002a8   Code   RO         1427    i.EMC_DynamicMemInit  fsl_emc.o
    0x00002b8c   0x00000074   Code   RO         1428    i.EMC_GetInstance   fsl_emc.o
    0x00002c00   0x0000007c   Code   RO         1429    i.EMC_Init          fsl_emc.o
    0x00002c7c   0x0000005a   Code   RO         1431    i.EMC_ModeOffset    fsl_emc.o
    0x00002cd6   0x00000002   PAD
    0x00002cd8   0x0000001c   Code   RO         1524    i.ETHERNET_DriverIRQHandler  fsl_enet.o
    0x00002cf4   0x00000064   Code   RO         1773    i.FLEXCOMM0_DriverIRQHandler  fsl_flexcomm.o
    0x00002d58   0x00000064   Code   RO         1774    i.FLEXCOMM1_DriverIRQHandler  fsl_flexcomm.o
    0x00002dbc   0x00000064   Code   RO         1775    i.FLEXCOMM2_DriverIRQHandler  fsl_flexcomm.o
    0x00002e20   0x00000064   Code   RO         1776    i.FLEXCOMM3_DriverIRQHandler  fsl_flexcomm.o
    0x00002e84   0x00000064   Code   RO         1777    i.FLEXCOMM4_DriverIRQHandler  fsl_flexcomm.o
    0x00002ee8   0x00000064   Code   RO         1778    i.FLEXCOMM5_DriverIRQHandler  fsl_flexcomm.o
    0x00002f4c   0x00000064   Code   RO         1779    i.FLEXCOMM8_DriverIRQHandler  fsl_flexcomm.o
    0x00002fb0   0x00000064   Code   RO         1780    i.FLEXCOMM9_DriverIRQHandler  fsl_flexcomm.o
    0x00003014   0x00000050   Code   RO         1781    i.FLEXCOMM_GetInstance  fsl_flexcomm.o
    0x00003064   0x00000054   Code   RO         1782    i.FLEXCOMM_Init     fsl_flexcomm.o
    0x000030b8   0x0000003a   Code   RO         1783    i.FLEXCOMM_PeripheralIsPresent  fsl_flexcomm.o
    0x000030f2   0x00000044   Code   RO         1785    i.FLEXCOMM_SetPeriph  fsl_flexcomm.o
    0x00003136   0x00000014   Code   RO          419    i.FindGreatestCommonDivisor  fsl_clock.o
    0x0000314a   0x00000002   PAD
    0x0000314c   0x00000028   Code   RO         1947    i.GINT0_DriverIRQHandler  fsl_gint.o
    0x00003174   0x00000028   Code   RO         1948    i.GINT1_DriverIRQHandler  fsl_gint.o
    0x0000319c   0x00000014   Code   RO         1177    i.HWVAD0_IRQHandler  fsl_dmic.o
    0x000031b0   0x0000000c   Code   RO         4818    i.IOCON_PinMuxSet   pin_mux.o
    0x000031bc   0x00000054   Code   RO         4599    i.InitMicBuffers    main.o
    0x00003210   0x000000a0   Code   RO         5720    i.Init_DMIC         audio.o
    0x000032b0   0x00000016   Code   RO         2742    i.LCDC_ClearInterruptsStatus  fsl_lcdc.o
    0x000032c6   0x00000020   Code   RO         2746    i.LCDC_EnableInterrupts  fsl_lcdc.o
    0x000032e6   0x00000002   PAD
    0x000032e8   0x000000f4   Code   RO         2747    i.LCDC_GetClockDivider  fsl_lcdc.o
    0x000033dc   0x00000034   Code   RO         2748    i.LCDC_GetDefaultConfig  fsl_lcdc.o
    0x00003410   0x0000000c   Code   RO         2749    i.LCDC_GetEnabledInterruptsPendingStatus  fsl_lcdc.o
    0x0000341c   0x00000070   Code   RO         2750    i.LCDC_GetInstance  fsl_lcdc.o
    0x0000348c   0x0000020c   Code   RO         2752    i.LCDC_Init         fsl_lcdc.o
    0x00003698   0x00000038   Code   RO         5498    i.LCD_IRQHandler    egfx_driver_lpcxpresso_54608.o
    0x000036d0   0x00000016   Code   RO         5721    i.NVIC_EnableIRQ    audio.o
    0x000036e6   0x00000002   PAD
    0x000036e8   0x00000028   Code   RO         5722    i.NVIC_SetPriority  audio.o
    0x00003710   0x00000014   Code   RO         3211    i.PINT_PatternMatchResetDetectLogic  fsl_pint.o
    0x00003724   0x00000008   Code   RO         3212    i.PINT_PinInterruptClrStatus  fsl_pint.o
    0x0000372c   0x0000002c   Code   RO         3215    i.PIN_INT0_DriverIRQHandler  fsl_pint.o
    0x00003758   0x0000002c   Code   RO         3216    i.PIN_INT1_DriverIRQHandler  fsl_pint.o
    0x00003784   0x0000002c   Code   RO         3217    i.PIN_INT2_DriverIRQHandler  fsl_pint.o
    0x000037b0   0x0000002c   Code   RO         3218    i.PIN_INT3_DriverIRQHandler  fsl_pint.o
    0x000037dc   0x0000002c   Code   RO         3219    i.PIN_INT4_DriverIRQHandler  fsl_pint.o
    0x00003808   0x0000002c   Code   RO         3220    i.PIN_INT5_DriverIRQHandler  fsl_pint.o
    0x00003834   0x0000002c   Code   RO         3221    i.PIN_INT6_DriverIRQHandler  fsl_pint.o
    0x00003860   0x0000002c   Code   RO         3222    i.PIN_INT7_DriverIRQHandler  fsl_pint.o
    0x0000388c   0x00000014   Code   RO          420    i.POWER_DisablePD   fsl_clock.o
    0x000038a0   0x00000014   Code   RO          421    i.POWER_EnablePD    fsl_clock.o
    0x000038b4   0x00000020   Code   RO         5787    i.POWER_SetPLL      keil_lib_power.lib(fsl_power_lib.o)
    0x000038d4   0x00000074   Code   RO         5789    i.POWER_SetVoltageForFreq  keil_lib_power.lib(fsl_power_lib.o)
    0x00003948   0x00000014   Code   RO         5791    i.POWER_setVdLevel  keil_lib_power.lib(fsl_power_lib.o)
    0x0000395c   0x00000080   Code   RO         3361    i.RESET_ClearPeripheralReset  fsl_reset.o
    0x000039dc   0x00000012   Code   RO         3362    i.RESET_PeripheralReset  fsl_reset.o
    0x000039ee   0x00000002   PAD
    0x000039f0   0x00000080   Code   RO         3363    i.RESET_SetPeripheralReset  fsl_reset.o
    0x00003a70   0x00000014   Code   RO         3540    i.SCT0_IRQHandler   fsl_sctimer.o
    0x00003a84   0x000001d8   Code   RO         3541    i.SCTIMER_CreateAndScheduleEvent  fsl_sctimer.o
    0x00003c5c   0x00000050   Code   RO         3543    i.SCTIMER_EventHandleIRQ  fsl_sctimer.o
    0x00003cac   0x0000004c   Code   RO         3545    i.SCTIMER_GetDefaultConfig  fsl_sctimer.o
    0x00003cf8   0x00000070   Code   RO         3546    i.SCTIMER_GetInstance  fsl_sctimer.o
    0x00003d68   0x0000012c   Code   RO         3548    i.SCTIMER_Init      fsl_sctimer.o
    0x00003e94   0x0000001e   Code   RO         3552    i.SCTIMER_SetupOutputClearAction  fsl_sctimer.o
    0x00003eb2   0x0000001a   Code   RO         3553    i.SCTIMER_SetupOutputSetAction  fsl_sctimer.o
    0x00003ecc   0x000001f4   Code   RO         3555    i.SCTIMER_SetupPwm  fsl_sctimer.o
    0x000040c0   0x00000058   Code   RO         3696    i.SDIO_DriverIRQHandler  fsl_sdif.o
    0x00004118   0x0000000c   Code   RO         4600    i.SysTick_Handler   main.o
    0x00004124   0x00000028   Code   RO           15    i.SystemInit        system_lpc54608.o
    0x0000414c   0x00000058   Code   RO         4241    i.USART_GetDefaultConfig  fsl_usart.o
    0x000041a4   0x00000138   Code   RO         4243    i.USART_Init        fsl_usart.o
    0x000042dc   0x000000f8   Code   RO         4244    i.USART_ReadBlocking  fsl_usart.o
    0x000043d4   0x000000f0   Code   RO         4245    i.USART_SetBaudRate  fsl_usart.o
    0x000044c4   0x00000098   Code   RO         4258    i.USART_WriteBlocking  fsl_usart.o
    0x0000455c   0x0000001c   Code   RO         4460    i.UTICK0_DriverIRQHandler  fsl_utick.o
    0x00004578   0x0000002c   Code   RO         6082    i.__0vsnprintf      mc_w.l(printfa.o)
    0x000045a4   0x00000044   Code   RO          802    i.__aeabi_assert    fsl_common.o
    0x000045e8   0x0000000e   Code   RO         6147    i.__scatterload_copy  mc_w.l(handlers.o)
    0x000045f6   0x00000002   Code   RO         6148    i.__scatterload_null  mc_w.l(handlers.o)
    0x000045f8   0x0000000e   Code   RO         6149    i.__scatterload_zeroinit  mc_w.l(handlers.o)
    0x00004606   0x00000002   PAD
    0x00004608   0x00000184   Code   RO         6084    i._fp_digits        mc_w.l(printfa.o)
    0x0000478c   0x000006dc   Code   RO         6085    i._printf_core      mc_w.l(printfa.o)
    0x00004e68   0x00000024   Code   RO         6086    i._printf_post_padding  mc_w.l(printfa.o)
    0x00004e8c   0x0000002e   Code   RO         6087    i._printf_pre_padding  mc_w.l(printfa.o)
    0x00004eba   0x00000016   Code   RO         6088    i._snputc           mc_w.l(printfa.o)
    0x00004ed0   0x000000cc   Code   RO         5996    i.arm_cfft_f32      CMSIS_DSP_4_5_O3.lib(arm_cfft_f32.o)
    0x00004f9c   0x00000188   Code   RO         5997    i.arm_cfft_radix8by2_f32  CMSIS_DSP_4_5_O3.lib(arm_cfft_f32.o)
    0x00005124   0x0000042c   Code   RO         5998    i.arm_cfft_radix8by4_f32  CMSIS_DSP_4_5_O3.lib(arm_cfft_f32.o)
    0x00005550   0x00000092   Code   RO         5811    i.arm_cmplx_mag_squared_f32  CMSIS_DSP_4_5_O3.lib(arm_cmplx_mag_squared_f32.o)
    0x000055e2   0x00000002   PAD
    0x000055e4   0x000004c4   Code   RO         6032    i.arm_radix8_butterfly_f32  CMSIS_DSP_4_5_O3.lib(arm_cfft_radix8_f32.o)
    0x00005aa8   0x00000044   Code   RO         5850    i.arm_rfft_fast_f32  CMSIS_DSP_4_5_O3.lib(arm_rfft_fast_f32.o)
    0x00005aec   0x00000128   Code   RO         5886    i.arm_rfft_fast_init_f32  CMSIS_DSP_4_5_O3.lib(arm_rfft_fast_init_f32.o)
    0x00005c14   0x00000014   Code   RO         4869    i.eGFX_BitStreamGet  egfx.o
    0x00005c28   0x00000024   Code   RO         4870    i.eGFX_BitStreamPut  egfx.o
    0x00005c4c   0x0000004e   Code   RO         4872    i.eGFX_BlitColored  egfx.o
    0x00005c9a   0x0000004c   Code   RO         4881    i.eGFX_DrawCharacterColored  egfx.o
    0x00005ce6   0x0000004c   Code   RO         4905    i.eGFX_DrawStringColored  egfx.o
    0x00005d32   0x00000060   Code   RO         4909    i.eGFX_DrawVline    egfx.o
    0x00005d92   0x00000002   PAD
    0x00005d94   0x00000040   Code   RO         5499    i.eGFX_Dump         egfx_driver_lpcxpresso_54608.o
    0x00005dd4   0x0000014e   Code   RO         4920    i.eGFX_GetPixel     egfx.o
    0x00005f22   0x00000042   Code   RO         4921    i.eGFX_GetStringWidth  egfx.o
    0x00005f64   0x0000000e   Code   RO         4923    i.eGFX_ImagePlaneInit  egfx.o
    0x00005f72   0x000000ce   Code   RO         4924    i.eGFX_ImagePlane_Clear  egfx.o
    0x00006040   0x0000003c   Code   RO         5500    i.eGFX_InitDriver   egfx_driver_lpcxpresso_54608.o
    0x0000607c   0x0000015e   Code   RO         4944    i.eGFX_PutPixel     egfx.o
    0x000061da   0x00000002   PAD
    0x000061dc   0x00000010   Code   RO         5501    i.eGFX_WaitForVSync  egfx_driver_lpcxpresso_54608.o
    0x000061ec   0x0000005c   Code   RO         4955    i.eGFX_printf_HorizontalCentered_Colored  egfx.o
    0x00006248   0x0000001a   Code   RO          422    i.findPllMMult      fsl_clock.o
    0x00006262   0x00000020   Code   RO          423    i.findPllPostDiv    fsl_clock.o
    0x00006282   0x00000020   Code   RO          424    i.findPllPreDiv     fsl_clock.o
    0x000062a2   0x00000002   PAD
    0x000062a4   0x000001a4   Code   RO         4601    i.main              main.o
    0x00006448   0x000000a0   Code   RO         5851    i.merge_rfft_f32    CMSIS_DSP_4_5_O3.lib(arm_rfft_fast_f32.o)
    0x000064e8   0x0000005c   Code   RO          425    i.pllDecodeM        fsl_clock.o
    0x00006544   0x0000005c   Code   RO          426    i.pllDecodeN        fsl_clock.o
    0x000065a0   0x0000004e   Code   RO          427    i.pllDecodeP        fsl_clock.o
    0x000065ee   0x00000002   PAD
    0x000065f0   0x00000054   Code   RO          428    i.pllEncodeM        fsl_clock.o
    0x00006644   0x00000052   Code   RO          429    i.pllEncodeN        fsl_clock.o
    0x00006696   0x00000042   Code   RO          430    i.pllEncodeP        fsl_clock.o
    0x000066d8   0x00000072   Code   RO          431    i.pllFindSel        fsl_clock.o
    0x0000674a   0x00000002   PAD
    0x0000674c   0x000000aa   Code   RO         5852    i.stage_rfft_f32    CMSIS_DSP_4_5_O3.lib(arm_rfft_fast_f32.o)
    0x000067f6   0x00000002   PAD
    0x000067f8   0x0000005c   Data   RO          432    .constdata          fsl_clock.o
    0x00006854   0x00000039   Data   RO          931    .constdata          fsl_ctimer.o
    0x0000688d   0x00000003   PAD
    0x00006890   0x00000008   Data   RO         1433    .constdata          fsl_emc.o
    0x00006898   0x00000048   Data   RO         1787    .constdata          fsl_flexcomm.o
    0x000068e0   0x00000016   Data   RO         1960    .constdata          fsl_gint.o
    0x000068f6   0x00000002   PAD
    0x000068f8   0x0000000c   Data   RO         2758    .constdata          fsl_lcdc.o
    0x00006904   0x0000000c   Data   RO         3558    .constdata          fsl_sctimer.o
    0x00006910   0x0000001c   Data   RO         4603    .constdata          main.o
    0x0000692c   0x00000e6c   Data   RO         5602    .constdata          ocr_a_extended__20px__bold__singlebitperpixelgridfit_1bpp.o
    0x00007798   0x00000080   Data   RO         5915    .constdata          CMSIS_DSP_4_5_O3.lib(arm_common_tables.o)
    0x00007818   0x00000100   Data   RO         5916    .constdata          CMSIS_DSP_4_5_O3.lib(arm_common_tables.o)
    0x00007918   0x00000200   Data   RO         5917    .constdata          CMSIS_DSP_4_5_O3.lib(arm_common_tables.o)
    0x00007b18   0x00000400   Data   RO         5918    .constdata          CMSIS_DSP_4_5_O3.lib(arm_common_tables.o)
    0x00007f18   0x00000800   Data   RO         5919    .constdata          CMSIS_DSP_4_5_O3.lib(arm_common_tables.o)
    0x00008718   0x00001000   Data   RO         5920    .constdata          CMSIS_DSP_4_5_O3.lib(arm_common_tables.o)
    0x00009718   0x00002000   Data   RO         5921    .constdata          CMSIS_DSP_4_5_O3.lib(arm_common_tables.o)
    0x0000b718   0x00004000   Data   RO         5922    .constdata          CMSIS_DSP_4_5_O3.lib(arm_common_tables.o)
    0x0000f718   0x00000028   Data   RO         5944    .constdata          CMSIS_DSP_4_5_O3.lib(arm_common_tables.o)
    0x0000f740   0x00000060   Data   RO         5945    .constdata          CMSIS_DSP_4_5_O3.lib(arm_common_tables.o)
    0x0000f7a0   0x00000070   Data   RO         5946    .constdata          CMSIS_DSP_4_5_O3.lib(arm_common_tables.o)
    0x0000f810   0x000001a0   Data   RO         5947    .constdata          CMSIS_DSP_4_5_O3.lib(arm_common_tables.o)
    0x0000f9b0   0x00000370   Data   RO         5948    .constdata          CMSIS_DSP_4_5_O3.lib(arm_common_tables.o)
    0x0000fd20   0x00000380   Data   RO         5949    .constdata          CMSIS_DSP_4_5_O3.lib(arm_common_tables.o)
    0x000100a0   0x00000e10   Data   RO         5950    .constdata          CMSIS_DSP_4_5_O3.lib(arm_common_tables.o)
    0x00010eb0   0x00001dc0   Data   RO         5951    .constdata          CMSIS_DSP_4_5_O3.lib(arm_common_tables.o)
    0x00012c70   0x00000080   Data   RO         5962    .constdata          CMSIS_DSP_4_5_O3.lib(arm_common_tables.o)
    0x00012cf0   0x00000100   Data   RO         5963    .constdata          CMSIS_DSP_4_5_O3.lib(arm_common_tables.o)
    0x00012df0   0x00000200   Data   RO         5964    .constdata          CMSIS_DSP_4_5_O3.lib(arm_common_tables.o)
    0x00012ff0   0x00000400   Data   RO         5965    .constdata          CMSIS_DSP_4_5_O3.lib(arm_common_tables.o)
    0x000133f0   0x00000800   Data   RO         5966    .constdata          CMSIS_DSP_4_5_O3.lib(arm_common_tables.o)
    0x00013bf0   0x00001000   Data   RO         5967    .constdata          CMSIS_DSP_4_5_O3.lib(arm_common_tables.o)
    0x00014bf0   0x00002000   Data   RO         5968    .constdata          CMSIS_DSP_4_5_O3.lib(arm_common_tables.o)
    0x00016bf0   0x00004000   Data   RO         5969    .constdata          CMSIS_DSP_4_5_O3.lib(arm_common_tables.o)
    0x0001abf0   0x00000020   Data   RO         6145    Region$$Table       anon$$obj.o


    Execution Region RW_m_data (Base: 0x20000000, Size: 0x0000485c, Max: 0x00027800, ABSOLUTE)

    Base Addr    Size         Type   Attr      Idx    E Section Name        Object

    0x20000000   0x00000004   Data   RW           24    .data               system_lpc54608.o
    0x20000004   0x0000000c   Data   RW          433    .data               fsl_clock.o
    0x20000010   0x00000005   Data   RW          932    .data               fsl_ctimer.o
    0x20000015   0x00000003   PAD
    0x20000018   0x00000008   Data   RW         1180    .data               fsl_dmic.o
    0x20000020   0x00000010   Data   RW         1434    .data               fsl_emc.o
    0x20000030   0x00000008   Data   RW         1527    .data               fsl_enet.o
    0x20000038   0x00000008   Data   RW         1961    .data               fsl_gint.o
    0x20000040   0x0000000c   Data   RW         2913    .data               fsl_mcan.o
    0x2000004c   0x00000010   Data   RW         3559    .data               fsl_sctimer.o
    0x2000005c   0x00000008   Data   RW         3698    .data               fsl_sdif.o
    0x20000064   0x00000008   Data   RW         4469    .data               fsl_utick.o
    0x2000006c   0x00000014   Data   RW         4604    .data               main.o
    0x20000080   0x00000001   Data   RW         5503    .data               egfx_driver_lpcxpresso_54608.o
    0x20000081   0x00000003   PAD
    0x20000084   0x00000010   Zero   RW          129    .bss                fsl_debug_console.o
    0x20000094   0x00000014   Zero   RW          930    .bss                fsl_ctimer.o
    0x200000a8   0x00000158   PAD
    0x20000200   0x000003e0   Zero   RW         1055    .bss                fsl_dma.o
    0x200005e0   0x00000050   Zero   RW         1786    .bss                fsl_flexcomm.o
    0x20000630   0x00000020   Zero   RW         3223    .bss                fsl_pint.o
    0x20000650   0x00000028   Zero   RW         3557    .bss                fsl_sctimer.o
    0x20000678   0x00004018   Zero   RW         4602    .bss                main.o
    0x20004690   0x000001c0   Zero   RW         4956    .bss                egfx.o
    0x20004850   0x0000000c   Zero   RW         5502    .bss                egfx_driver_lpcxpresso_54608.o


    Execution Region ARM_LIB_HEAP (Base: 0x2000485c, Size: 0x00000400, Max: 0x00000400, ABSOLUTE)

    Base Addr    Size         Type   Attr      Idx    E Section Name        Object

    0x2000485c   0x00000400   Zero   RW            2    ARM_LIB_HEAP.bss    anon$$obj.o


    Execution Region ARM_LIB_STACK (Base: 0x20027c00, Size: 0x00000400, Max: 0x00000400, ABSOLUTE)

    Base Addr    Size         Type   Attr      Idx    E Section Name        Object

    0x20027c00   0x00000400   Zero   RW            3    ARM_LIB_STACK.bss   anon$$obj.o


==============================================================================

Image component sizes


      Code (inc. data)   RO Data    RW Data    ZI Data      Debug   Object Name

       222         36          0          0          0      28167   audio.o
       264         66          0          0          0       1235   board.o
      1444         28          0          0        448      14667   egfx.o
       480         52          0          1         12      15941   egfx_driver_lpcxpresso_54608.o
         0          0          0          0          0       3720   font_5_7_1bpp.o
         0          0          0          0          0      19672   fsl_adc.o
      3796        298         92         12          0      47191   fsl_clock.o
        68         44          0          0          0        649   fsl_common.o
         0          0          0          0          0      12896   fsl_crc.o
       178         14         57          5         20       7154   fsl_ctimer.o
       954         28          0          0         16     554977   fsl_debug_console.o
       172          4          0          0        992      33804   fsl_dma.o
        40          8          0          8          0       4141   fsl_dmic.o
      1070        182          8         16          0       7708   fsl_emc.o
        28         12          0          8          0      10486   fsl_enet.o
      1090        566         72          0         80       8520   fsl_flexcomm.o
        80         16         22          8          0       2386   fsl_gint.o
         0          0          0          0          0       2772   fsl_i2c.o
      1038        242         12          0          0      22134   fsl_lcdc.o
       352        208          0         12          0       9080   fsl_mcan.o
       380         32          0          0         32       9808   fsl_pint.o
       274         96          0          0          0       2364   fsl_reset.o
      1616        282         12         16         40      12913   fsl_sctimer.o
        88         52          0          8          0       8096   fsl_sdif.o
      1040        334          0          0          0      10645   fsl_usart.o
        28         12          0          8          0       1666   fsl_utick.o
       828        166         28         20      16408      62179   main.o
         0          0       3692          0          0      35686   ocr_a_extended__20px__bold__singlebitperpixelgridfit_1bpp.o
      1672         24          0          0          0       3589   pin_mux.o
       492        236        292          0          0       3640   startup_lpc54608.o
        40         12          0          4          0       5967   system_lpc54608.o

    ----------------------------------------------------------------------
     17764       3050       4324        132      20440     963853   Object Totals
         0          0         32          0       2048          0   (incl. Generated)
        30          0          5          6        344          0   (incl. Padding)

    ----------------------------------------------------------------------

      Code (inc. data)   RO Data    RW Data    ZI Data      Debug   Library Member Name

       192          0          0          0          0        564   arm_bitreversal2.o
      1664          0          0          0          0       4681   arm_cfft_f32.o
      1220          4          0          0          0       3023   arm_cfft_radix8_f32.o
       146          0          0          0          0      14448   arm_cmplx_mag_squared_f32.o
         0          0      78936          0          0       4700   arm_common_tables.o
       398          0          0          0          0       3046   arm_rfft_fast_f32.o
       296         98          0          0          0       1293   arm_rfft_fast_init_f32.o
       168         20          0          0          0        364   fsl_power_lib.o
         0          0          0          0          0          0   entry.o
         0          0          0          0          0          0   entry10a.o
         0          0          0          0          0          0   entry11a.o
         8          4          0          0          0          0   entry4.o
         4          0          0          0          0          0   entry5.o
         0          0          0          0          0          0   entry7b.o
         0          0          0          0          0          0   entry8b.o
         8          4          0          0          0          0   entry9a.o
        30          0          0          0          0          0   handlers.o
        36          8          0          0          0         68   init.o
         0          0          0          0          0          0   iusefp.o
        30          0          0          0          0         68   llshl.o
        36          0          0          0          0         68   llsshr.o
        32          0          0          0          0         68   llushr.o
        36          0          0          0          0         68   memcpya.o
      2292         84          0          0          0        516   printfa.o
        14          0          0          0          0         68   strlen.o
        44          0          0          0          0         80   uidiv.o
        98          0          0          0          0         92   uldiv.o
        48          0          0          0          0         68   cdrcmple.o
       334          0          0          0          0        148   dadd.o
       222          0          0          0          0        100   ddiv.o
       186          0          0          0          0        176   depilogue.o
        48          0          0          0          0         68   dfixul.o
       228          0          0          0          0         96   dmul.o

    ----------------------------------------------------------------------
      7828        222      78936          0          0      33871   Library Totals
        10          0          0          0          0          0   (incl. Padding)

    ----------------------------------------------------------------------

      Code (inc. data)   RO Data    RW Data    ZI Data      Debug   Library Name

      3916        102      78936          0          0      31755   CMSIS_DSP_4_5_O3.lib
       168         20          0          0          0        364   keil_lib_power.lib
      2668        100          0          0          0       1096   mc_w.l
      1066          0          0          0          0        656   mf_w.l

    ----------------------------------------------------------------------
      7828        222      78936          0          0      33871   Library Totals

    ----------------------------------------------------------------------

==============================================================================


      Code (inc. data)   RO Data    RW Data    ZI Data      Debug   

     25592       3272      83260        132      20440     981044   Grand Totals
     25592       3272      83260        132      20440     981044   ELF Image Totals
     25592       3272      83260        132          0          0   ROM Totals

==============================================================================

    Total RO  Size (Code + RO Data)               108852 ( 106.30kB)
    Total RW  Size (RW Data + ZI Data)             20572 (  20.09kB)
    Total ROM Size (Code + RO Data + RW Data)     108984 ( 106.43kB)

==============================================================================

