Component: ARM Compiler 5.06 update 4 (build 422) Tool: armlink [4d35d2]

==============================================================================

Section Cross References

    startup_lpc54608.o(RESET) refers to startup_lpc54608.o(.text) for Reset_Handler
    startup_lpc54608.o(RESET) refers to main.o(i.SysTick_Handler) for SysTick_Handler
    startup_lpc54608.o(RESET) refers to fsl_sctimer.o(i.SCT0_IRQHandler) for SCT0_IRQHandler
    startup_lpc54608.o(RESET) refers to fsl_dmic.o(i.HWVAD0_IRQHandler) for HWVAD0_IRQHandler
    startup_lpc54608.o(RESET) refers to egfx_driver_lpcxpresso_54608.o(i.LCD_IRQHandler) for LCD_IRQHandler
    startup_lpc54608.o(.text) refers to system_lpc54608.o(i.SystemInit) for SystemInit
    startup_lpc54608.o(.text) refers to entry.o(.ARM.Collect$$$$00000000) for __main
    startup_lpc54608.o(.text) refers to fsl_dma.o(i.DMA0_DriverIRQHandler) for DMA0_DriverIRQHandler
    startup_lpc54608.o(.text) refers to fsl_gint.o(i.GINT0_DriverIRQHandler) for GINT0_DriverIRQHandler
    startup_lpc54608.o(.text) refers to fsl_gint.o(i.GINT1_DriverIRQHandler) for GINT1_DriverIRQHandler
    startup_lpc54608.o(.text) refers to fsl_pint.o(i.PIN_INT0_DriverIRQHandler) for PIN_INT0_DriverIRQHandler
    startup_lpc54608.o(.text) refers to fsl_pint.o(i.PIN_INT1_DriverIRQHandler) for PIN_INT1_DriverIRQHandler
    startup_lpc54608.o(.text) refers to fsl_pint.o(i.PIN_INT2_DriverIRQHandler) for PIN_INT2_DriverIRQHandler
    startup_lpc54608.o(.text) refers to fsl_pint.o(i.PIN_INT3_DriverIRQHandler) for PIN_INT3_DriverIRQHandler
    startup_lpc54608.o(.text) refers to fsl_utick.o(i.UTICK0_DriverIRQHandler) for UTICK0_DriverIRQHandler
    startup_lpc54608.o(.text) refers to fsl_ctimer.o(i.CTIMER0_DriverIRQHandler) for CTIMER0_DriverIRQHandler
    startup_lpc54608.o(.text) refers to fsl_ctimer.o(i.CTIMER1_DriverIRQHandler) for CTIMER1_DriverIRQHandler
    startup_lpc54608.o(.text) refers to fsl_ctimer.o(i.CTIMER3_DriverIRQHandler) for CTIMER3_DriverIRQHandler
    startup_lpc54608.o(.text) refers to fsl_flexcomm.o(i.FLEXCOMM0_DriverIRQHandler) for FLEXCOMM0_DriverIRQHandler
    startup_lpc54608.o(.text) refers to fsl_flexcomm.o(i.FLEXCOMM1_DriverIRQHandler) for FLEXCOMM1_DriverIRQHandler
    startup_lpc54608.o(.text) refers to fsl_flexcomm.o(i.FLEXCOMM2_DriverIRQHandler) for FLEXCOMM2_DriverIRQHandler
    startup_lpc54608.o(.text) refers to fsl_flexcomm.o(i.FLEXCOMM3_DriverIRQHandler) for FLEXCOMM3_DriverIRQHandler
    startup_lpc54608.o(.text) refers to fsl_flexcomm.o(i.FLEXCOMM4_DriverIRQHandler) for FLEXCOMM4_DriverIRQHandler
    startup_lpc54608.o(.text) refers to fsl_flexcomm.o(i.FLEXCOMM5_DriverIRQHandler) for FLEXCOMM5_DriverIRQHandler
    startup_lpc54608.o(.text) refers to fsl_dmic.o(i.DMIC0_DriverIRQHandler) for DMIC0_DriverIRQHandler
    startup_lpc54608.o(.text) refers to fsl_pint.o(i.PIN_INT4_DriverIRQHandler) for PIN_INT4_DriverIRQHandler
    startup_lpc54608.o(.text) refers to fsl_pint.o(i.PIN_INT5_DriverIRQHandler) for PIN_INT5_DriverIRQHandler
    startup_lpc54608.o(.text) refers to fsl_pint.o(i.PIN_INT6_DriverIRQHandler) for PIN_INT6_DriverIRQHandler
    startup_lpc54608.o(.text) refers to fsl_pint.o(i.PIN_INT7_DriverIRQHandler) for PIN_INT7_DriverIRQHandler
    startup_lpc54608.o(.text) refers to fsl_ctimer.o(i.CTIMER2_DriverIRQHandler) for CTIMER2_DriverIRQHandler
    startup_lpc54608.o(.text) refers to fsl_ctimer.o(i.CTIMER4_DriverIRQHandler) for CTIMER4_DriverIRQHandler
    startup_lpc54608.o(.text) refers to fsl_flexcomm.o(i.FLEXCOMM8_DriverIRQHandler) for FLEXCOMM8_DriverIRQHandler
    startup_lpc54608.o(.text) refers to fsl_flexcomm.o(i.FLEXCOMM9_DriverIRQHandler) for FLEXCOMM9_DriverIRQHandler
    startup_lpc54608.o(.text) refers to fsl_sdif.o(i.SDIO_DriverIRQHandler) for SDIO_DriverIRQHandler
    startup_lpc54608.o(.text) refers to fsl_mcan.o(i.CAN0_IRQ0_DriverIRQHandler) for CAN0_IRQ0_DriverIRQHandler
    startup_lpc54608.o(.text) refers to fsl_mcan.o(i.CAN0_IRQ1_DriverIRQHandler) for CAN0_IRQ1_DriverIRQHandler
    startup_lpc54608.o(.text) refers to fsl_mcan.o(i.CAN1_IRQ0_DriverIRQHandler) for CAN1_IRQ0_DriverIRQHandler
    startup_lpc54608.o(.text) refers to fsl_mcan.o(i.CAN1_IRQ1_DriverIRQHandler) for CAN1_IRQ1_DriverIRQHandler
    startup_lpc54608.o(.text) refers to fsl_enet.o(i.ETHERNET_DriverIRQHandler) for ETHERNET_DriverIRQHandler
    system_lpc54608.o(i.SystemCoreClockUpdate) refers to system_lpc54608.o(i.getWdtOscFreq) for getWdtOscFreq
    system_lpc54608.o(i.SystemCoreClockUpdate) refers to system_lpc54608.o(i.findPllPreDiv) for findPllPreDiv
    system_lpc54608.o(i.SystemCoreClockUpdate) refers to system_lpc54608.o(i.findPllPostDiv) for findPllPostDiv
    system_lpc54608.o(i.SystemCoreClockUpdate) refers to system_lpc54608.o(i.findPllMMult) for findPllMMult
    system_lpc54608.o(i.SystemCoreClockUpdate) refers to uldiv.o(.text) for __aeabi_uldivmod
    system_lpc54608.o(i.SystemCoreClockUpdate) refers to system_lpc54608.o(.data) for SystemCoreClock
[...]
    OCR_A_Extended__20px__Bold__SingleBitPerPixelGridFit_1BPP_FontElement_6 0x00006628   Data          12  ocr_a_extended__20px__bold__singlebitperpixelgridfit_1bpp.o(.constdata)
    OCR_A_Extended__20px__Bold__SingleBitPerPixelGridFit_1BPP_FontElement_7_Data 0x00006634   Data          20  ocr_a_extended__20px__bold__singlebitperpixelgridfit_1bpp.o(.constdata)
    OCR_A_Extended__20px__Bold__SingleBitPerPixelGridFit_1BPP_FontElement_7 0x00006648   Data          12  ocr_a_extended__20px__bold__singlebitperpixelgridfit_1bpp.o(.constdata)
    OCR_A_Extended__20px__Bold__SingleBitPerPixelGridFit_1BPP_FontElement_8_Data 0x00006654   Data          20  ocr_a_extended__20px__bold__singlebitperpixelgridfit_1bpp.o(.constdata)
    OCR_A_Extended__20px__Bold__SingleBitPerPixelGridFit_1BPP_FontElement_8 0x00006668   Data          12  ocr_a_extended__20px__bold__singlebitperpixelgridfit_1bpp.o(.constdata)
    OCR_A_Extended__20px__Bold__SingleBitPerPixelGridFit_1BPP_FontElement_9_Data 0x00006674   Data          20  ocr_a_extended__20px__bold__singlebitperpixelgridfit_1bpp.o(.constdata)
    OCR_A_Extended__20px__Bold__SingleBitPerPixelGridFit_1BPP_FontElement_9 0x00006688   Data          12  ocr_a_extended__20px__bold__singlebitperpixelgridfit_1bpp.o(.constdata)
    OCR_A_Extended__20px__Bold__SingleBitPerPixelGridFit_1BPP_FontElement_colon_Data 0x00006694   Data          20  ocr_a_extended__20px__bold__singlebitperpixelgridfit_1bpp.o(.constdata)
    OCR_A_Extended__20px__Bold__SingleBitPerPixelGridFit_1BPP_FontElement_colon 0x000066a8   Data          12  ocr_a_extended__20px__bold__singlebitperpixelgridfit_1bpp.o(.constdata)
    OCR_A_Extended__20px__Bold__SingleBitPerPixelGridFit_1BPP_FontElement_semicolon_Data 0x000066b4   Data          20  ocr_a_extended__20px__bold__singlebitperpixelgridfit_1bpp.o(.constdata)
    OCR_A_Extended__20px__Bold__SingleBitPerPixelGridFit_1BPP_FontElement_semicolon 0x000066c8   Data          12  ocr_a_extended__20px__bold__singlebitperpixelgridfit_1bpp.o(.constdata)
    OCR_A_Extended__20px__Bold__SingleBitPerPixelGridFit_1BPP_FontElement_less_than_Data 0x000066d4   Data          20  ocr_a_extended__20px__bold__singlebitperpixelgridfit_1bpp.o(.constdata)
    OCR_A_Extended__20px__Bold__SingleBitPerPixelGridFit_1BPP_FontElement_less_than 0x000066e8   Data          12  ocr_a_extended__20px__bold__singlebitperpixelgridfit_1bpp.o(.constdata)
    OCR_A_Extended__20px__Bold__SingleBitPerPixelGridFit_1BPP_FontElement_equals_Data 0x000066f4   Data          20  ocr_a_extended__20px__bold__singlebitperpixelgridfit_1bpp.o(.constdata)
    OCR_A_Extended__20px__Bold__SingleBitPerPixelGridFit_1BPP_FontElement_equals 0x00006708   Data          12  ocr_a_extended__20px__bold__singlebitperpixelgridfit_1bpp.o(.constdata)
    OCR_A_Extended__20px__Bold__SingleBitPerPixelGridFit_1BPP_FontElement_great_than_Data 0x00006714   Data          20  ocr_a_extended__20px__bold__singlebitperpixelgridfit_1bpp.o(.constdata)
    OCR_A_Extended__20px__Bold__SingleBitPerPixelGridFit_1BPP_FontElement_great_than 0x00006728   Data          12  ocr_a_extended__20px__bold__singlebitperpixelgridfit_1bpp.o(.constdata)
    OCR_A_Extended__20px__Bold__SingleBitPerPixelGridFit_1BPP_FontElement_question_mark_Data 0x00006734   Data          20  ocr_a_extended__20px__bold__singlebitperpixelgridfit_1bpp.o(.constdata)
    OCR_A_Extended__20px__Bold__SingleBitPerPixelGridFit_1BPP_FontElement_question_mark 0x00006748   Data          12  ocr_a_extended__20px__bold__singlebitperpixelgridfit_1bpp.o(.constdata)
    OCR_A_Extended__20px__Bold__SingleBitPerPixelGridFit_1BPP_FontElement_at_Data 0x00006754   Data          20  ocr_a_extended__20px__bold__singlebitperpixelgridfit_1bpp.o(.constdata)
    OCR_A_Extended__20px__Bold__SingleBitPerPixelGridFit_1BPP_FontElement_at 0x00006768   Data          12  ocr_a_extended__20px__bold__singlebitperpixelgridfit_1bpp.o(.constdata)
    OCR_A_Extended__20px__Bold__SingleBitPerPixelGridFit_1BPP_FontElement_uc_A_Data 0x00006774   Data          20  ocr_a_extended__20px__bold__singlebitperpixelgridfit_1bpp.o(.constdata)
    OCR_A_Extended__20px__Bold__SingleBitPerPixelGridFit_1BPP_FontElement_uc_A 0x00006788   Data          12  ocr_a_extended__20px__bold__singlebitperpixelgridfit_1bpp.o(.constdata)
    OCR_A_Extended__20px__Bold__SingleBitPerPixelGridFit_1BPP_FontElement_uc_B_Data 0x00006794   Data          20  ocr_a_extended__20px__bold__singlebitperpixelgridfit_1bpp.o(.constdata)
    OCR_A_Extended__20px__Bold__SingleBitPerPixelGridFit_1BPP_FontElement_uc_B 0x000067a8   Data          12  ocr_a_extended__20px__bold__singlebitperpixelgridfit_1bpp.o(.constdata)
    OCR_A_Extended__20px__Bold__SingleBitPerPixelGridFit_1BPP_FontElement_uc_C_Data 0x000067b4   Data          20  ocr_a_extended__20px__bold__singlebitperpixelgridfit_1bpp.o(.constdata)
    OCR_A_Extended__20px__Bold__SingleBitPerPixelGridFit_1BPP_FontElement_uc_C 0x000067c8   Data          12  ocr_a_extended__20px__bold__singlebitperpixelgridfit_1bpp.o(.constdata)
    OCR_A_Extended__20px__Bold__SingleBitPerPixelGridFit_1BPP_FontElement_uc_D_Data 0x000067d4   Data          20  ocr_a_extended__20px__bold__singlebitperpixelgridfit_1bpp.o(.constdata)
    OCR_A_Extended__20px__Bold__SingleBitPerPixelGridFit_1BPP_FontElement_uc_D 0x000067e8   Data          12  ocr_a_extended__20px__bold__singlebitperpixelgridfit_1bpp.o(.constdata)
    OCR_A_Extended__20px__Bold__SingleBitPerPixelGridFit_1BPP_FontElement_uc_E_Data 0x000067f4   Data          20  ocr_a_extended__20px__bold__singlebitperpixelgridfit_1bpp.o(.constdata)
    OCR_A_Extended__20px__Bold__SingleBitPerPixelGridFit_1BPP_FontElement_uc_E 0x00006808   Data          12  ocr_a_extended__20px__bold__singlebitperpixelgridfit_1bpp.o(.constdata)
    OCR_A_Extended__20px__Bold__SingleBitPerPixelGridFit_1BPP_FontElement_uc_F_Data 0x00006814   Data          20  ocr_a_extended__20px__bold__singlebitperpixelgridfit_1bpp.o(.constdata)
    OCR_A_Extended__20px__Bold__SingleBitPerPixelGridFit_1BPP_FontElement_uc_F 0x00006828   Data          12  ocr_a_extended__20px__bold__singlebitperpixelgridfit_1bpp.o(.constdata)
    OCR_A_Extended__20px__Bold__SingleBitPerPixelGridFit_1BPP_FontElement_uc_G_Data 0x00006834   Data          20  ocr_a_extended__20px__bold__singlebitperpixelgridfit_1bpp.o(.constdata)
    OCR_A_Extended__20px__Bold__SingleBitPerPixelGridFit_1BPP_FontElement_uc_G 0x00006848   Data          12  ocr_a_extended__20px__bold__singlebitperpixelgridfit_1bpp.o(.constdata)
    OCR_A_Extended__20px__Bold__SingleBitPerPixelGridFit_1BPP_FontElement_uc_H_Data 0x00006854   Data          20  ocr_a_extended__20px__bold__singlebitperpixelgridfit_1bpp.o(.constdata)
    OCR_A_Extended__20px__Bold__SingleBitPerPixelGridFit_1BPP_FontElement_uc_H 0x00006868   Data          12  ocr_a_extended__20px__bold__singlebitperpixelgridfit_1bpp.o(.constdata)
    OCR_A_Extended__20px__Bold__SingleBitPerPixelGridFit_1BPP_FontElement_uc_I_Data 0x00006874   Data          20  ocr_a_extended__20px__bold__singlebitperpixelgridfit_1bpp.o(.constdata)
    OCR_A_Extended__20px__Bold__SingleBitPerPixelGridFit_1BPP_FontElement_uc_I 0x00006888   Data          12  ocr_a_extended__20px__bold__singlebitperpixelgridfit_1bpp.o(.constdata)
    OCR_A_Extended__20px__Bold__SingleBitPerPixelGridFit_1BPP_FontElement_uc_J_Data 0x00006894   Data          20  ocr_a_extended__20px__bold__singlebitperpixelgridfit_1bpp.o(.constdata)
    OCR_A_Extended__20px__Bold__SingleBitPerPixelGridFit_1BPP_FontElement_uc_J 0x000068a8   Data          12  ocr_a_extended__20px__bold__singlebitperpixelgridfit_1bpp.o(.constdata)
    OCR_A_Extended__20px__Bold__SingleBitPerPixelGridFit_1BPP_FontElement_uc_K_Data 0x000068b4   Data          20  ocr_a_extended__20px__bold__singlebitperpixelgridfit_1bpp.o(.constdata)
    OCR_A_Extended__20px__Bold__SingleBitPerPixelGridFit_1BPP_FontElement_uc_K 0x000068c8   Data          12  ocr_a_extended__20px__bold__singlebitperpixelgridfit_1bpp.o(.constdata)
    OCR_A_Extended__20px__Bold__SingleBitPerPixelGridFit_1BPP_FontElement_uc_L_Data 0x000068d4   Data          20  ocr_a_extended__20px__bold__singlebitperpixelgridfit_1bpp.o(.constdata)
    OCR_A_Extended__20px__Bold__SingleBitPerPixelGridFit_1BPP_FontElement_uc_L 0x000068e8   Data          12  ocr_a_extended__20px__bold__singlebitperpixelgridfit_1bpp.o(.constdata)
    OCR_A_Extended__20px__Bold__SingleBitPerPixelGridFit_1BPP_FontElement_uc_M_Data 0x000068f4   Data          20  ocr_a_extended__20px__bold__singlebitperpixelgridfit_1bpp.o(.constdata)
    OCR_A_Extended__20px__Bold__SingleBitPerPixelGridFit_1BPP_FontElement_uc_M 0x00006908   Data          12  ocr_a_extended__20px__bold__singlebitperpixelgridfit_1bpp.o(.constdata)
    OCR_A_Extended__20px__Bold__SingleBitPerPixelGridFit_1BPP_FontElement_uc_N_Data 0x00006914   Data          20  ocr_a_extended__20px__bold__singlebitperpixelgridfit_1bpp.o(.constdata)
    OCR_A_Extended__20px__Bold__SingleBitPerPixelGridFit_1BPP_FontElement_uc_N 0x00006928   Data          12  ocr_a_extended__20px__bold__singlebitperpixelgridfit_1bpp.o(.constdata)
    OCR_A_Extended__20px__Bold__SingleBitPerPixelGridFit_1BPP_FontElement_uc_O_Data 0x00006934   Data          20  ocr_a_extended__20px__bold__singlebitperpixelgridfit_1bpp.o(.constdata)
    OCR_A_Extended__20px__Bold__SingleBitPerPixelGridFit_1BPP_FontElement_uc_O 0x00006948   Data          12  ocr_a_extended__20px__bold__singlebitperpixelgridfit_1bpp.o(.constdata)
    OCR_A_Extended__20px__Bold__SingleBitPerPixelGridFit_1BPP_FontElement_uc_P_Data 0x00006954   Data          20  ocr_a_extended__20px__bold__singlebitperpixelgridfit_1bpp.o(.constdata)
    OCR_A_Extended__20px__Bold__SingleBitPerPixelGridFit_1BPP_FontElement_uc_P 0x00006968   Data          12  ocr_a_extended__20px__bold__singlebitperpixelgridfit_1bpp.o(.constdata)
    OCR_A_Extended__20px__Bold__SingleBitPerPixelGridFit_1BPP_FontElement_uc_Q_Data 0x00006974   Data          20  ocr_a_extended__20px__bold__singlebitperpixelgridfit_1bpp.o(.constdata)
    OCR_A_Extended__20px__Bold__SingleBitPerPixelGridFit_1BPP_FontElement_uc_Q 0x00006988   Data          12  ocr_a_extended__20px__bold__singlebitperpixelgridfit_1bpp.o(.constdata)
    OCR_A_Extended__20px__Bold__SingleBitPerPixelGridFit_1BPP_FontElement_uc_R_Data 0x00006994   Data          20  ocr_a_extended__20px__bold__singlebitperpixelgridfit_1bpp.o(.constdata)
    OCR_A_Extended__20px__Bold__SingleBitPerPixelGridFit_1BPP_FontElement_uc_R 0x000069a8   Data          12  ocr_a_extended__20px__bold__singlebitperpixelgridfit_1bpp.o(.constdata)
    OCR_A_Extended__20px__Bold__SingleBitPerPixelGridFit_1BPP_FontElement_uc_S_Data 0x000069b4   Data          20  ocr_a_extended__20px__bold__singlebitperpixelgridfit_1bpp.o(.constdata)
    OCR_A_Extended__20px__Bold__SingleBitPerPixelGridFit_1BPP_FontElement_uc_S 0x000069c8   Data          12  ocr_a_extended__20px__bold__singlebitperpixelgridfit_1bpp.o(.constdata)
    OCR_A_Extended__20px__Bold__SingleBitPerPixelGridFit_1BPP_FontElement_uc_T_Data 0x000069d4   Data          20  ocr_a_extended__20px__bold__singlebitperpixelgridfit_1bpp.o(.constdata)
    OCR_A_Extended__20px__Bold__SingleBitPerPixelGridFit_1BPP_FontElement_uc_T 0x000069e8   Data          12  ocr_a_extended__20px__bold__singlebitperpixelgridfit_1bpp.o(.constdata)
    OCR_A_Extended__20px__Bold__SingleBitPerPixelGridFit_1BPP_FontElement_uc_U_Data 0x000069f4   Data          20  ocr_a_extended__20px__bold__singlebitperpixelgridfit_1bpp.o(.constdata)
    OCR_A_Extended__20px__Bold__SingleBitPerPixelGridFit_1BPP_FontElement_uc_U 0x00006a08   Data          12  ocr_a_extended__20px__bold__singlebitperpixelgridfit_1bpp.o(.constdata)
    OCR_A_Extended__20px__Bold__SingleBitPerPixelGridFit_1BPP_FontElement_uc_V_Data 0x00006a14   Data          20  ocr_a_extended__20px__bold__singlebitperpixelgridfit_1bpp.o(.constdata)
    OCR_A_Extended__20px__Bold__SingleBitPerPixelGridFit_1BPP_FontElement_uc_V 0x00006a28   Data          12  ocr_a_extended__20px__bold__singlebitperpixelgridfit_1bpp.o(.constdata)
    OCR_A_Extended__20px__Bold__SingleBitPerPixelGridFit_1BPP_FontElement_uc_W_Data 0x00006a34   Data          40  ocr_a_extended__20px__bold__singlebitperpixelgridfit_1bpp.o(.constdata)
    OCR_A_Extended__20px__Bold__SingleBitPerPixelGridFit_1BPP_FontElement_uc_W 0x00006a5c   Data          12  ocr_a_extended__20px__bold__singlebitperpixelgridfit_1bpp.o(.constdata)
    OCR_A_Extended__20px__Bold__SingleBitPerPixelGridFit_1BPP_FontElement_uc_X_Data 0x00006a68   Data          20  ocr_a_extended__20px__bold__singlebitperpixelgridfit_1bpp.o(.constdata)
    OCR_A_Extended__20px__Bold__SingleBitPerPixelGridFit_1BPP_FontElement_uc_X 0x00006a7c   Data          12  ocr_a_extended__20px__bold__singlebitperpixelgridfit_1bpp.o(.constdata)
    OCR_A_Extended__20px__Bold__SingleBitPerPixelGridFit_1BPP_FontElement_uc_Y_Data 0x00006a88   Data          20  ocr_a_extended__20px__bold__singlebitperpixelgridfit_1bpp.o(.constdata)
    OCR_A_Extended__20px__Bold__SingleBitPerPixelGridFit_1BPP_FontElement_uc_Y 0x00006a9c   Data          12  ocr_a_extended__20px__bold__singlebitperpixelgridfit_1bpp.o(.constdata)
    OCR_A_Extended__20px__Bold__SingleBitPerPixelGridFit_1BPP_FontElement_uc_Z_Data 0x00006aa8   Data          20  ocr_a_extended__20px__bold__singlebitperpixelgridfit_1bpp.o(.constdata)
    OCR_A_Extended__20px__Bold__SingleBitPerPixelGridFit_1BPP_FontElement_uc_Z 0x00006abc   Data          12  ocr_a_extended__20px__bold__singlebitperpixelgridfit_1bpp.o(.constdata)
    OCR_A_Extended__20px__Bold__SingleBitPerPixelGridFit_1BPP_FontElement_left_bracket_Data 0x00006ac8   Data          20  ocr_a_extended__20px__bold__singlebitperpixelgridfit_1bpp.o(.constdata)
    OCR_A_Extended__20px__Bold__SingleBitPerPixelGridFit_1BPP_FontElement_left_bracket 0x00006adc   Data          12  ocr_a_extended__20px__bold__singlebitperpixelgridfit_1bpp.o(.constdata)
    OCR_A_Extended__20px__Bold__SingleBitPerPixelGridFit_1BPP_FontElement_backslash_Data 0x00006ae8   Data          20  ocr_a_extended__20px__bold__singlebitperpixelgridfit_1bpp.o(.constdata)
    OCR_A_Extended__20px__Bold__SingleBitPerPixelGridFit_1BPP_FontElement_backslash 0x00006afc   Data          12  ocr_a_extended__20px__bold__singlebitperpixelgridfit_1bpp.o(.constdata)
    OCR_A_Extended__20px__Bold__SingleBitPerPixelGridFit_1BPP_FontElement_right_bracket_Data 0x00006b08   Data          20  ocr_a_extended__20px__bold__singlebitperpixelgridfit_1bpp.o(.constdata)
    OCR_A_Extended__20px__Bold__SingleBitPerPixelGridFit_1BPP_FontElement_right_bracket 0x00006b1c   Data          12  ocr_a_extended__20px__bold__singlebitperpixelgridfit_1bpp.o(.constdata)
    OCR_A_Extended__20px__Bold__SingleBitPerPixelGridFit_1BPP_FontElement_carret_Data 0x00006b28   Data          20  ocr_a_extended__20px__bold__singlebitperpixelgridfit_1bpp.o(.constdata)
    OCR_A_Extended__20px__Bold__SingleBitPerPixelGridFit_1BPP_FontElement_carret 0x00006b3c   Data          12  ocr_a_extended__20px__bold__singlebitperpixelgridfit_1bpp.o(.constdata)
    OCR_A_Extended__20px__Bold__SingleBitPerPixelGridFit_1BPP_FontElement_underscore_Data 0x00006b48   Data          40  ocr_a_extended__20px__bold__singlebitperpixelgridfit_1bpp.o(.constdata)
    OCR_A_Extended__20px__Bold__SingleBitPerPixelGridFit_1BPP_FontElement_underscore 0x00006b70   Data          12  ocr_a_extended__20px__bold__singlebitperpixelgridfit_1bpp.o(.constdata)
    OCR_A_Extended__20px__Bold__SingleBitPerPixelGridFit_1BPP_FontElement_slanted_single_quote_Data 0x00006b7c   Data          20  ocr_a_extended__20px__bold__singlebitperpixelgridfit_1bpp.o(.constdata)
    OCR_A_Extended__20px__Bold__SingleBitPerPixelGridFit_1BPP_FontElement_slanted_single_quote 0x00006b90   Data          12  ocr_a_extended__20px__bold__singlebitperpixelgridfit_1bpp.o(.constdata)
    OCR_A_Extended__20px__Bold__SingleBitPerPixelGridFit_1BPP_FontElement_lc_a_Data 0x00006b9c   Data          20  ocr_a_extended__20px__bold__singlebitperpixelgridfit_1bpp.o(.constdata)
    OCR_A_Extended__20px__Bold__SingleBitPerPixelGridFit_1BPP_FontElement_lc_a 0x00006bb0   Data          12  ocr_a_extended__20px__bold__singlebitperpixelgridfit_1bpp.o(.constdata)
    OCR_A_Extended__20px__Bold__SingleBitPerPixelGridFit_1BPP_FontElement_lc_b_Data 0x00006bbc   Data          20  ocr_a_extended__20px__bold__singlebitperpixelgridfit_1bpp.o(.constdata)
    OCR_A_Extended__20px__Bold__SingleBitPerPixelGridFit_1BPP_FontElement_lc_b 0x00006bd0   Data          12  ocr_a_extended__20px__bold__singlebitperpixelgridfit_1bpp.o(.constdata)
    OCR_A_Extended__20px__Bold__SingleBitPerPixelGridFit_1BPP_FontElement_lc_c_Data 0x00006bdc   Data          20  ocr_a_extended__20px__bold__singlebitperpixelgridfit_1bpp.o(.constdata)
    OCR_A_Extended__20px__Bold__SingleBitPerPixelGridFit_1BPP_FontElement_lc_c 0x00006bf0   Data          12  ocr_a_extended__20px__bold__singlebitperpixelgridfit_1bpp.o(.constdata)
    OCR_A_Extended__20px__Bold__SingleBitPerPixelGridFit_1BPP_FontElement_lc_d_Data 0x00006bfc   Data          20  ocr_a_extended__20px__bold__singlebitperpixelgridfit_1bpp.o(.constdata)
    OCR_A_Extended__20px__Bold__SingleBitPerPixelGridFit_1BPP_FontElement_lc_d 0x00006c10   Data          12  ocr_a_extended__20px__bold__singlebitperpixelgridfit_1bpp.o(.constdata)
    OCR_A_Extended__20px__Bold__SingleBitPerPixelGridFit_1BPP_FontElement_lc_e_Data 0x00006c1c   Data          20  ocr_a_extended__20px__bold__singlebitperpixelgridfit_1bpp.o(.constdata)
    OCR_A_Extended__20px__Bold__SingleBitPerPixelGridFit_1BPP_FontElement_lc_e 0x00006c30   Data          12  ocr_a_extended__20px__bold__singlebitperpixelgridfit_1bpp.o(.constdata)
    OCR_A_Extended__20px__Bold__SingleBitPerPixelGridFit_1BPP_FontElement_lc_f_Data 0x00006c3c   Data          20  ocr_a_extended__20px__bold__singlebitperpixelgridfit_1bpp.o(.constdata)
    OCR_A_Extended__20px__Bold__SingleBitPerPixelGridFit_1BPP_FontElement_lc_f 0x00006c50   Data          12  ocr_a_extended__20px__bold__singlebitperpixelgridfit_1bpp.o(.constdata)
    OCR_A_Extended__20px__Bold__SingleBitPerPixelGridFit_1BPP_FontElement_lc_g_Data 0x00006c5c   Data          20  ocr_a_extended__20px__bold__singlebitperpixelgridfit_1bpp.o(.constdata)
    OCR_A_Extended__20px__Bold__SingleBitPerPixelGridFit_1BPP_FontElement_lc_g 0x00006c70   Data          12  ocr_a_extended__20px__bold__singlebitperpixelgridfit_1bpp.o(.constdata)
    OCR_A_Extended__20px__Bold__SingleBitPerPixelGridFit_1BPP_FontElement_lc_h_Data 0x00006c7c   Data          20  ocr_a_extended__20px__bold__singlebitperpixelgridfit_1bpp.o(.constdata)
    OCR_A_Extended__20px__Bold__SingleBitPerPixelGridFit_1BPP_FontElement_lc_h 0x00006c90   Data          12  ocr_a_extended__20px__bold__singlebitperpixelgridfit_1bpp.o(.constdata)
    OCR_A_Extended__20px__Bold__SingleBitPerPixelGridFit_1BPP_FontElement_lc_i_Data 0x00006c9c   Data          20  ocr_a_extended__20px__bold__singlebitperpixelgridfit_1bpp.o(.constdata)
    OCR_A_Extended__20px__Bold__SingleBitPerPixelGridFit_1BPP_FontElement_lc_i 0x00006cb0   Data          12  ocr_a_extended__20px__bold__singlebitperpixelgridfit_1bpp.o(.constdata)
    OCR_A_Extended__20px__Bold__SingleBitPerPixelGridFit_1BPP_FontElement_lc_j_Data 0x00006cbc   Data          20  ocr_a_extended__20px__bold__singlebitperpixelgridfit_1bpp.o(.constdata)
    OCR_A_Extended__20px__Bold__SingleBitPerPixelGridFit_1BPP_FontElement_lc_j 0x00006cd0   Data          12  ocr_a_extended__20px__bold__singlebitperpixelgridfit_1bpp.o(.constdata)
    OCR_A_Extended__20px__Bold__SingleBitPerPixelGridFit_1BPP_FontElement_lc_k_Data 0x00006cdc   Data          20  ocr_a_extended__20px__bold__singlebitperpixelgridfit_1bpp.o(.constdata)
    OCR_A_Extended__20px__Bold__SingleBitPerPixelGridFit_1BPP_FontElement_lc_k 0x00006cf0   Data          12  ocr_a_extended__20px__bold__singlebitperpixelgridfit_1bpp.o(.constdata)
    OCR_A_Extended__20px__Bold__SingleBitPerPixelGridFit_1BPP_FontElement_lc_l_Data 0x00006cfc   Data          20  ocr_a_extended__20px__bold__singlebitperpixelgridfit_1bpp.o(.constdata)
    OCR_A_Extended__20px__Bold__SingleBitPerPixelGridFit_1BPP_FontElement_lc_l 0x00006d10   Data          12  ocr_a_extended__20px__bold__singlebitperpixelgridfit_1bpp.o(.constdata)
    OCR_A_Extended__20px__Bold__SingleBitPerPixelGridFit_1BPP_FontElement_lc_m_Data 0x00006d1c   Data          40  ocr_a_extended__20px__bold__singlebitperpixelgridfit_1bpp.o(.constdata)
    OCR_A_Extended__20px__Bold__SingleBitPerPixelGridFit_1BPP_FontElement_lc_m 0x00006d44   Data          12  ocr_a_extended__20px__bold__singlebitperpixelgridfit_1bpp.o(.constdata)
    OCR_A_Extended__20px__Bold__SingleBitPerPixelGridFit_1BPP_FontElement_lc_n_Data 0x00006d50   Data          20  ocr_a_extended__20px__bold__singlebitperpixelgridfit_1bpp.o(.constdata)
    OCR_A_Extended__20px__Bold__SingleBitPerPixelGridFit_1BPP_FontElement_lc_n 0x00006d64   Data          12  ocr_a_extended__20px__bold__singlebitperpixelgridfit_1bpp.o(.constdata)
    OCR_A_Extended__20px__Bold__SingleBitPerPixelGridFit_1BPP_FontElement_lc_o_Data 0x00006d70   Data          20  ocr_a_extended__20px__bold__singlebitperpixelgridfit_1bpp.o(.constdata)
    OCR_A_Extended__20px__Bold__SingleBitPerPixelGridFit_1BPP_FontElement_lc_o 0x00006d84   Data          12  ocr_a_extended__20px__bold__singlebitperpixelgridfit_1bpp.o(.constdata)
    OCR_A_Extended__20px__Bold__SingleBitPerPixelGridFit_1BPP_FontElement_lc_p_Data 0x00006d90   Data          20  ocr_a_extended__20px__bold__singlebitperpixelgridfit_1bpp.o(.constdata)
    OCR_A_Extended__20px__Bold__SingleBitPerPixelGridFit_1BPP_FontElement_lc_p 0x00006da4   Data          12  ocr_a_extended__20px__bold__singlebitperpixelgridfit_1bpp.o(.constdata)
    OCR_A_Extended__20px__Bold__SingleBitPerPixelGridFit_1BPP_FontElement_lc_q_Data 0x00006db0   Data          20  ocr_a_extended__20px__bold__singlebitperpixelgridfit_1bpp.o(.constdata)
    OCR_A_Extended__20px__Bold__SingleBitPerPixelGridFit_1BPP_FontElement_lc_q 0x00006dc4   Data          12  ocr_a_extended__20px__bold__singlebitperpixelgridfit_1bpp.o(.constdata)
    OCR_A_Extended__20px__Bold__SingleBitPerPixelGridFit_1BPP_FontElement_lc_r_Data 0x00006dd0   Data          20  ocr_a_extended__20px__bold__singlebitperpixelgridfit_1bpp.o(.constdata)
    OCR_A_Extended__20px__Bold__SingleBitPerPixelGridFit_1BPP_FontElement_lc_r 0x00006de4   Data          12  ocr_a_extended__20px__bold__singlebitperpixelgridfit_1bpp.o(.constdata)
    OCR_A_Extended__20px__Bold__SingleBitPerPixelGridFit_1BPP_FontElement_lc_s_Data 0x00006df0   Data          20  ocr_a_extended__20px__bold__singlebitperpixelgridfit_1bpp.o(.constdata)
    OCR_A_Extended__20px__Bold__SingleBitPerPixelGridFit_1BPP_FontElement_lc_s 0x00006e04   Data          12  ocr_a_extended__20px__bold__singlebitperpixelgridfit_1bpp.o(.constdata)
    OCR_A_Extended__20px__Bold__SingleBitPerPixelGridFit_1BPP_FontElement_lc_t_Data 0x00006e10   Data          40  ocr_a_extended__20px__bold__singlebitperpixelgridfit_1bpp.o(.constdata)
    OCR_A_Extended__20px__Bold__SingleBitPerPixelGridFit_1BPP_FontElement_lc_t 0x00006e38   Data          12  ocr_a_extended__20px__bold__singlebitperpixelgridfit_1bpp.o(.constdata)
    OCR_A_Extended__20px__Bold__SingleBitPerPixelGridFit_1BPP_FontElement_lc_u_Data 0x00006e44   Data          20  ocr_a_extended__20px__bold__singlebitperpixelgridfit_1bpp.o(.constdata)
    OCR_A_Extended__20px__Bold__SingleBitPerPixelGridFit_1BPP_FontElement_lc_u 0x00006e58   Data          12  ocr_a_extended__20px__bold__singlebitperpixelgridfit_1bpp.o(.constdata)
    OCR_A_Extended__20px__Bold__SingleBitPerPixelGridFit_1BPP_FontElement_lc_v_Data 0x00006e64   Data          20  ocr_a_extended__20px__bold__singlebitperpixelgridfit_1bpp.o(.constdata)
    OCR_A_Extended__20px__Bold__SingleBitPerPixelGridFit_1BPP_FontElement_lc_v 0x00006e78   Data          12  ocr_a_extended__20px__bold__singlebitperpixelgridfit_1bpp.o(.constdata)
    OCR_A_Extended__20px__Bold__SingleBitPerPixelGridFit_1BPP_FontElement_lc_w_Data 0x00006e84   Data          40  ocr_a_extended__20px__bold__singlebitperpixelgridfit_1bpp.o(.constdata)
    OCR_A_Extended__20px__Bold__SingleBitPerPixelGridFit_1BPP_FontElement_lc_w 0x00006eac   Data          12  ocr_a_extended__20px__bold__singlebitperpixelgridfit_1bpp.o(.constdata)
    OCR_A_Extended__20px__Bold__SingleBitPerPixelGridFit_1BPP_FontElement_lc_x_Data 0x00006eb8   Data          20  ocr_a_extended__20px__bold__singlebitperpixelgridfit_1bpp.o(.constdata)
    OCR_A_Extended__20px__Bold__SingleBitPerPixelGridFit_1BPP_FontElement_lc_x 0x00006ecc   Data          12  ocr_a_extended__20px__bold__singlebitperpixelgridfit_1bpp.o(.constdata)
    OCR_A_Extended__20px__Bold__SingleBitPerPixelGridFit_1BPP_FontElement_lc_y_Data 0x00006ed8   Data          40  ocr_a_extended__20px__bold__singlebitperpixelgridfit_1bpp.o(.constdata)
    OCR_A_Extended__20px__Bold__SingleBitPerPixelGridFit_1BPP_FontElement_lc_y 0x00006f00   Data          12  ocr_a_extended__20px__bold__singlebitperpixelgridfit_1bpp.o(.constdata)
    OCR_A_Extended__20px__Bold__SingleBitPerPixelGridFit_1BPP_FontElement_lc_z_Data 0x00006f0c   Data          20  ocr_a_extended__20px__bold__singlebitperpixelgridfit_1bpp.o(.constdata)
    OCR_A_Extended__20px__Bold__SingleBitPerPixelGridFit_1BPP_FontElement_lc_z 0x00006f20   Data          12  ocr_a_extended__20px__bold__singlebitperpixelgridfit_1bpp.o(.constdata)
    OCR_A_Extended__20px__Bold__SingleBitPerPixelGridFit_1BPP_FontElement_left_curly_brace_Data 0x00006f2c   Data          20  ocr_a_extended__20px__bold__singlebitperpixelgridfit_1bpp.o(.constdata)
    OCR_A_Extended__20px__Bold__SingleBitPerPixelGridFit_1BPP_FontElement_left_curly_brace 0x00006f40   Data          12  ocr_a_extended__20px__bold__singlebitperpixelgridfit_1bpp.o(.constdata)
    OCR_A_Extended__20px__Bold__SingleBitPerPixelGridFit_1BPP_FontElement_vertical_bar_Data 0x00006f4c   Data          20  ocr_a_extended__20px__bold__singlebitperpixelgridfit_1bpp.o(.constdata)
    OCR_A_Extended__20px__Bold__SingleBitPerPixelGridFit_1BPP_FontElement_vertical_bar 0x00006f60   Data          12  ocr_a_extended__20px__bold__singlebitperpixelgridfit_1bpp.o(.constdata)
    OCR_A_Extended__20px__Bold__SingleBitPerPixelGridFit_1BPP_FontElement_right_curly_brace_Data 0x00006f6c   Data          20  ocr_a_extended__20px__bold__singlebitperpixelgridfit_1bpp.o(.constdata)
    OCR_A_Extended__20px__Bold__SingleBitPerPixelGridFit_1BPP_FontElement_right_curly_brace 0x00006f80   Data          12  ocr_a_extended__20px__bold__singlebitperpixelgridfit_1bpp.o(.constdata)
    OCR_A_Extended__20px__Bold__SingleBitPerPixelGridFit_1BPP_FontElement_tilde_Data 0x00006f8c   Data          40  ocr_a_extended__20px__bold__singlebitperpixelgridfit_1bpp.o(.constdata)
    OCR_A_Extended__20px__Bold__SingleBitPerPixelGridFit_1BPP_FontElement_tilde 0x00006fb4   Data          12  ocr_a_extended__20px__bold__singlebitperpixelgridfit_1bpp.o(.constdata)
    OCR_A_Extended__20px__Bold__SingleBitPerPixelGridFit_1BPP_FontElement_delete_Data 0x00006fc0   Data          60  ocr_a_extended__20px__bold__singlebitperpixelgridfit_1bpp.o(.constdata)
    OCR_A_Extended__20px__Bold__SingleBitPerPixelGridFit_1BPP_FontElement_delete 0x00006ffc   Data          12  ocr_a_extended__20px__bold__singlebitperpixelgridfit_1bpp.o(.constdata)
    OCR_A_Extended__20px__Bold__SingleBitPerPixelGridFit_1BPP 0x00007008   Data         400  ocr_a_extended__20px__bold__singlebitperpixelgridfit_1bpp.o(.constdata)
    Consolas__26px__Regular__AntiAliasGridFit_1BPP_FontElement_space_Data 0x00007198   Data          52  consolas__26px__regular__antialiasgridfit_1bpp.o(.constdata)
    Consolas__26px__Regular__AntiAliasGridFit_1BPP_FontElement_space 0x000071cc   Data          12  consolas__26px__regular__antialiasgridfit_1bpp.o(.constdata)
    Consolas__26px__Regular__AntiAliasGridFit_1BPP_FontElement_exclamation_point_Data 0x000071d8   Data          26  consolas__26px__regular__antialiasgridfit_1bpp.o(.constdata)
    Consolas__26px__Regular__AntiAliasGridFit_1BPP_FontElement_exclamation_point 0x000071f4   Data          12  consolas__26px__regular__antialiasgridfit_1bpp.o(.constdata)
    Consolas__26px__Regular__AntiAliasGridFit_1BPP_FontElement_double_quotes_Data 0x00007200   Data          52  consolas__26px__regular__antialiasgridfit_1bpp.o(.constdata)
    Consolas__26px__Regular__AntiAliasGridFit_1BPP_FontElement_double_quotes 0x00007234   Data          12  consolas__26px__regular__antialiasgridfit_1bpp.o(.constdata)
    Consolas__26px__Regular__AntiAliasGridFit_1BPP_FontElement_pound_Data 0x00007240   Data          52  consolas__26px__regular__antialiasgridfit_1bpp.o(.constdata)
    Consolas__26px__Regular__AntiAliasGridFit_1BPP_FontElement_pound 0x00007274   Data          12  consolas__26px__regular__antialiasgridfit_1bpp.o(.constdata)
    Consolas__26px__Regular__AntiAliasGridFit_1BPP_FontElement_dollar_sign_Data 0x00007280   Data          52  consolas__26px__regular__antialiasgridfit_1bpp.o(.constdata)
    Consolas__26px__Regular__AntiAliasGridFit_1BPP_FontElement_dollar_sign 0x000072b4   Data          12  consolas__26px__regular__antialiasgridfit_1bpp.o(.constdata)
    Consolas__26px__Regular__AntiAliasGridFit_1BPP_FontElement_precent_sign_Data 0x000072c0   Data          52  consolas__26px__regular__antialiasgridfit_1bpp.o(.constdata)
    Consolas__26px__Regular__AntiAliasGridFit_1BPP_FontElement_precent_sign 0x000072f4   Data          12  consolas__26px__regular__antialiasgridfit_1bpp.o(.constdata)
    Consolas__26px__Regular__AntiAliasGridFit_1BPP_FontElement_ampersand_Data 0x00007300   Data          52  consolas__26px__regular__antialiasgridfit_1bpp.o(.constdata)
    Consolas__26px__Regular__AntiAliasGridFit_1BPP_FontElement_ampersand 0x00007334   Data          12  consolas__26px__regular__antialiasgridfit_1bpp.o(.constdata)
    Consolas__26px__Regular__AntiAliasGridFit_1BPP_FontElement_single_quote_Data 0x00007340   Data          26  consolas__26px__regular__antialiasgridfit_1bpp.o(.constdata)
    Consolas__26px__Regular__AntiAliasGridFit_1BPP_FontElement_single_quote 0x0000735c   Data          12  consolas__26px__regular__antialiasgridfit_1bpp.o(.constdata)
    Consolas__26px__Regular__AntiAliasGridFit_1BPP_FontElement_left_parenthesis_Data 0x00007368   Data          26  consolas__26px__regular__antialiasgridfit_1bpp.o(.constdata)
    Consolas__26px__Regular__AntiAliasGridFit_1BPP_FontElement_left_parenthesis 0x00007384   Data          12  consolas__26px__regular__antialiasgridfit_1bpp.o(.constdata)
    Consolas__26px__Regular__AntiAliasGridFit_1BPP_FontElement_right_parenthesis_Data 0x00007390   Data          26  consolas__26px__regular__antialiasgridfit_1bpp.o(.constdata)
    Consolas__26px__Regular__AntiAliasGridFit_1BPP_FontElement_right_parenthesis 0x000073ac   Data          12  consolas__26px__regular__antialiasgridfit_1bpp.o(.constdata)
    Consolas__26px__Regular__AntiAliasGridFit_1BPP_FontElement_star_Data 0x000073b8   Data          52  consolas__26px__regular__antialiasgridfit_1bpp.o(.constdata)
    Consolas__26px__Regular__AntiAliasGridFit_1BPP_FontElement_star 0x000073ec   Data          12  consolas__26px__regular__antialiasgridfit_1bpp.o(.constdata)
    Consolas__26px__Regular__AntiAliasGridFit_1BPP_FontElement_plus_Data 0x000073f8   Data          52  consolas__26px__regular__antialiasgridfit_1bpp.o(.constdata)
    Consolas__26px__Regular__AntiAliasGridFit_1BPP_FontElement_plus 0x0000742c   Data          12  consolas__26px__regular__antialiasgridfit_1bpp.o(.constdata)
    Consolas__26px__Regular__AntiAliasGridFit_1BPP_FontElement_comma_Data 0x00007438   Data          26  consolas__26px__regular__antialiasgridfit_1bpp.o(.constdata)
    Consolas__26px__Regular__AntiAliasGridFit_1BPP_FontElement_comma 0x00007454   Data          12  consolas__26px__regular__antialiasgridfit_1bpp.o(.constdata)
    Consolas__26px__Regular__AntiAliasGridFit_1BPP_FontElement_dash_Data 0x00007460   Data          52  consolas__26px__regular__antialiasgridfit_1bpp.o(.constdata)
    Consolas__26px__Regular__AntiAliasGridFit_1BPP_FontElement_dash 0x00007494   Data          12  consolas__26px__regular__antialiasgridfit_1bpp.o(.constdata)
    Consolas__26px__Regular__AntiAliasGridFit_1BPP_FontElement_period_Data 0x000074a0   Data          26  consolas__26px__regular__antialiasgridfit_1bpp.o(.constdata)
    Consolas__26px__Regular__AntiAliasGridFit_1BPP_FontElement_period 0x000074bc   Data          12  consolas__26px__regular__antialiasgridfit_1bpp.o(.constdata)
    Consolas__26px__Regular__AntiAliasGridFit_1BPP_FontElement_forward_slash_Data 0x000074c8   Data          52  consolas__26px__regular__antialiasgridfit_1bpp.o(.constdata)
    Consolas__26px__Regular__AntiAliasGridFit_1BPP_FontElement_forward_slash 0x000074fc   Data          12  consolas__26px__regular__antialiasgridfit_1bpp.o(.constdata)
    Consolas__26px__Regular__AntiAliasGridFit_1BPP_FontElement__0_Data 0x00007508   Data          52  consolas__26px__regular__antialiasgridfit_1bpp.o(.constdata)
    Consolas__26px__Regular__AntiAliasGridFit_1BPP_FontElement__0 0x0000753c   Data          12  consolas__26px__regular__antialiasgridfit_1bpp.o(.constdata)
    Consolas__26px__Regular__AntiAliasGridFit_1BPP_FontElement__1_Data 0x00007548   Data          52  consolas__26px__regular__antialiasgridfit_1bpp.o(.constdata)
    Consolas__26px__Regular__AntiAliasGridFit_1BPP_FontElement__1 0x0000757c   Data          12  consolas__26px__regular__antialiasgridfit_1bpp.o(.constdata)
    Consolas__26px__Regular__AntiAliasGridFit_1BPP_FontElement__2_Data 0x00007588   Data          52  consolas__26px__regular__antialiasgridfit_1bpp.o(.constdata)
    Consolas__26px__Regular__AntiAliasGridFit_1BPP_FontElement__2 0x000075bc   Data          12  consolas__26px__regular__antialiasgridfit_1bpp.o(.constdata)
    Consolas__26px__Regular__AntiAliasGridFit_1BPP_FontElement__3_Data 0x000075c8   Data          52  consolas__26px__regular__antialiasgridfit_1bpp.o(.constdata)
    Consolas__26px__Regular__AntiAliasGridFit_1BPP_FontElement__3 0x000075fc   Data          12  consolas__26px__regular__antialiasgridfit_1bpp.o(.constdata)
    Consolas__26px__Regular__AntiAliasGridFit_1BPP_FontElement__4_Data 0x00007608   Data          52  consolas__26px__regular__antialiasgridfit_1bpp.o(.constdata)
    Consolas__26px__Regular__AntiAliasGridFit_1BPP_FontElement__4 0x0000763c   Data          12  consolas__26px__regular__antialiasgridfit_1bpp.o(.constdata)
    Consolas__26px__Regular__AntiAliasGridFit_1BPP_FontElement__5_Data 0x00007648   Data          52  consolas__26px__regular__antialiasgridfit_1bpp.o(.constdata)
    Consolas__26px__Regular__AntiAliasGridFit_1BPP_FontElement__5 0x0000767c   Data          12  consolas__26px__regular__antialiasgridfit_1bpp.o(.constdata)
    Consolas__26px__Regular__AntiAliasGridFit_1BPP_FontElement__6_Data 0x00007688   Data          52  consolas__26px__regular__antialiasgridfit_1bpp.o(.constdata)
    Consolas__26px__Regular__AntiAliasGridFit_1BPP_FontElement__6 0x000076bc   Data          12  consolas__26px__regular__antialiasgridfit_1bpp.o(.constdata)
    Consolas__26px__Regular__AntiAliasGridFit_1BPP_FontElement__7_Data 0x000076c8   Data          52  consolas__26px__regular__antialiasgridfit_1bpp.o(.constdata)
    Consolas__26px__Regular__AntiAliasGridFit_1BPP_FontElement__7 0x000076fc   Data          12  consolas__26px__regular__antialiasgridfit_1bpp.o(.constdata)
    Consolas__26px__Regular__AntiAliasGridFit_1BPP_FontElement__8_Data 0x00007708   Data          52  consolas__26px__regular__antialiasgridfit_1bpp.o(.constdata)
    Consolas__26px__Regular__AntiAliasGridFit_1BPP_FontElement__8 0x0000773c   Data          12  consolas__26px__regular__antialiasgridfit_1bpp.o(.constdata)
    Consolas__26px__Regular__AntiAliasGridFit_1BPP_FontElement__9_Data 0x00007748   Data          52  consolas__26px__regular__antialiasgridfit_1bpp.o(.constdata)
    Consolas__26px__Regular__AntiAliasGridFit_1BPP_FontElement__9 0x0000777c   Data          12  consolas__26px__regular__antialiasgridfit_1bpp.o(.constdata)
    Consolas__26px__Regular__AntiAliasGridFit_1BPP_FontElement_colon_Data 0x00007788   Data          26  consolas__26px__regular__antialiasgridfit_1bpp.o(.constdata)
    Consolas__26px__Regular__AntiAliasGridFit_1BPP_FontElement_colon 0x000077a4   Data          12  consolas__26px__regular__antialiasgridfit_1bpp.o(.constdata)
    Consolas__26px__Regular__AntiAliasGridFit_1BPP_FontElement_semicolon_Data 0x000077b0   Data          26  consolas__26px__regular__antialiasgridfit_1bpp.o(.constdata)
    Consolas__26px__Regular__AntiAliasGridFit_1BPP_FontElement_semicolon 0x000077cc   Data          12  consolas__26px__regular__antialiasgridfit_1bpp.o(.constdata)
    Consolas__26px__Regular__AntiAliasGridFit_1BPP_FontElement_less_than_Data 0x000077d8   Data          52  consolas__26px__regular__antialiasgridfit_1bpp.o(.constdata)
    Consolas__26px__Regular__AntiAliasGridFit_1BPP_FontElement_less_than 0x0000780c   Data          12  consolas__26px__regular__antialiasgridfit_1bpp.o(.constdata)
    Consolas__26px__Regular__AntiAliasGridFit_1BPP_FontElement_equals_Data 0x00007818   Data          52  consolas__26px__regular__antialiasgridfit_1bpp.o(.constdata)
    Consolas__26px__Regular__AntiAliasGridFit_1BPP_FontElement_equals 0x0000784c   Data          12  consolas__26px__regular__antialiasgridfit_1bpp.o(.constdata)
    Consolas__26px__Regular__AntiAliasGridFit_1BPP_FontElement_great_than_Data 0x00007858   Data          52  consolas__26px__regular__antialiasgridfit_1bpp.o(.constdata)
    Consolas__26px__Regular__AntiAliasGridFit_1BPP_FontElement_great_than 0x0000788c   Data          12  consolas__26px__regular__antialiasgridfit_1bpp.o(.constdata)
    Consolas__26px__Regular__AntiAliasGridFit_1BPP_FontElement_question_mark_Data 0x00007898   Data          26  consolas__26px__regular__antialiasgridfit_1bpp.o(.constdata)
    Consolas__26px__Regular__AntiAliasGridFit_1BPP_FontElement_question_mark 0x000078b4   Data          12  consolas__26px__regular__antialiasgridfit_1bpp.o(.constdata)
    Consolas__26px__Regular__AntiAliasGridFit_1BPP_FontElement_at_Data 0x000078c0   Data          52  consolas__26px__regular__antialiasgridfit_1bpp.o(.constdata)
    Consolas__26px__Regular__AntiAliasGridFit_1BPP_FontElement_at 0x000078f4   Data          12  consolas__26px__regular__antialiasgridfit_1bpp.o(.constdata)
    Consolas__26px__Regular__AntiAliasGridFit_1BPP_FontElement_uc_A_Data 0x00007900   Data          52  consolas__26px__regular__antialiasgridfit_1bpp.o(.constdata)
    Consolas__26px__Regular__AntiAliasGridFit_1BPP_FontElement_uc_A 0x00007934   Data          12  consolas__26px__regular__antialiasgridfit_1bpp.o(.constdata)
    Consolas__26px__Regular__AntiAliasGridFit_1BPP_FontElement_uc_B_Data 0x00007940   Data          52  consolas__26px__regular__antialiasgridfit_1bpp.o(.constdata)
    Consolas__26px__Regular__AntiAliasGridFit_1BPP_FontElement_uc_B 0x00007974   Data          12  consolas__26px__regular__antialiasgridfit_1bpp.o(.constdata)
    Consolas__26px__Regular__AntiAliasGridFit_1BPP_FontElement_uc_C_Data 0x00007980   Data          52  consolas__26px__regular__antialiasgridfit_1bpp.o(.constdata)
    Consolas__26px__Regular__AntiAliasGridFit_1BPP_FontElement_uc_C 0x000079b4   Data          12  consolas__26px__regular__antialiasgridfit_1bpp.o(.constdata)
    Consolas__26px__Regular__AntiAliasGridFit_1BPP_FontElement_uc_D_Data 0x000079c0   Data          52  consolas__26px__regular__antialiasgridfit_1bpp.o(.constdata)
    Consolas__26px__Regular__AntiAliasGridFit_1BPP_FontElement_uc_D 0x000079f4   Data          12  consolas__26px__regular__antialiasgridfit_1bpp.o(.constdata)
    Consolas__26px__Regular__AntiAliasGridFit_1BPP_FontElement_uc_E_Data 0x00007a00   Data          52  consolas__26px__regular__antialiasgridfit_1bpp.o(.constdata)
    Consolas__26px__Regular__AntiAliasGridFit_1BPP_FontElement_uc_E 0x00007a34   Data          12  consolas__26px__regular__antialiasgridfit_1bpp.o(.constdata)
    Consolas__26px__Regular__AntiAliasGridFit_1BPP_FontElement_uc_F_Data 0x00007a40   Data          52  consolas__26px__regular__antialiasgridfit_1bpp.o(.constdata)
    Consolas__26px__Regular__AntiAliasGridFit_1BPP_FontElement_uc_F 0x00007a74   Data          12  consolas__26px__regular__antialiasgridfit_1bpp.o(.constdata)
    Consolas__26px__Regular__AntiAliasGridFit_1BPP_FontElement_uc_G_Data 0x00007a80   Data          52  consolas__26px__regular__antialiasgridfit_1bpp.o(.constdata)
    Consolas__26px__Regular__AntiAliasGridFit_1BPP_FontElement_uc_G 0x00007ab4   Data          12  consolas__26px__regular__antialiasgridfit_1bpp.o(.constdata)
    Consolas__26px__Regular__AntiAliasGridFit_1BPP_FontElement_uc_H_Data 0x00007ac0   Data          52  consolas__26px__regular__antialiasgridfit_1bpp.o(.constdata)
    Consolas__26px__Regular__AntiAliasGridFit_1BPP_FontElement_uc_H 0x00007af4   Data          12  consolas__26px__regular__antialiasgridfit_1bpp.o(.constdata)
    Consolas__26px__Regular__AntiAliasGridFit_1BPP_FontElement_uc_I_Data 0x00007b00   Data          52  consolas__26px__regular__antialiasgridfit_1bpp.o(.constdata)
    Consolas__26px__Regular__AntiAliasGridFit_1BPP_FontElement_uc_I 0x00007b34   Data          12  consolas__26px__regular__antialiasgridfit_1bpp.o(.constdata)
    Consolas__26px__Regular__AntiAliasGridFit_1BPP_FontElement_uc_J_Data 0x00007b40   Data          52  consolas__26px__regular__antialiasgridfit_1bpp.o(.constdata)
    Consolas__26px__Regular__AntiAliasGridFit_1BPP_FontElement_uc_J 0x00007b74   Data          12  consolas__26px__regular__antialiasgridfit_1bpp.o(.constdata)
    Consolas__26px__Regular__AntiAliasGridFit_1BPP_FontElement_uc_K_Data 0x00007b80   Data          52  consolas__26px__regular__antialiasgridfit_1bpp.o(.constdata)
    Consolas__26px__Regular__AntiAliasGridFit_1BPP_FontElement_uc_K 0x00007bb4   Data          12  consolas__26px__regular__antialiasgridfit_1bpp.o(.constdata)
    Consolas__26px__Regular__AntiAliasGridFit_1BPP_FontElement_uc_L_Data 0x00007bc0   Data          52  consolas__26px__regular__antialiasgridfit_1bpp.o(.constdata)
    Consolas__26px__Regular__AntiAliasGridFit_1BPP_FontElement_uc_L 0x00007bf4   Data          12  consolas__26px__regular__antialiasgridfit_1bpp.o(.constdata)
    Consolas__26px__Regular__AntiAliasGridFit_1BPP_FontElement_uc_M_Data 0x00007c00   Data          52  consolas__26px__regular__antialiasgridfit_1bpp.o(.constdata)
    Consolas__26px__Regular__AntiAliasGridFit_1BPP_FontElement_uc_M 0x00007c34   Data          12  consolas__26px__regular__antialiasgridfit_1bpp.o(.constdata)
    Consolas__26px__Regular__AntiAliasGridFit_1BPP_FontElement_uc_N_Data 0x00007c40   Data          52  consolas__26px__regular__antialiasgridfit_1bpp.o(.constdata)
    Consolas__26px__Regular__AntiAliasGridFit_1BPP_FontElement_uc_N 0x00007c74   Data          12  consolas__26px__regular__antialiasgridfit_1bpp.o(.constdata)
    Consolas__26px__Regular__AntiAliasGridFit_1BPP_FontElement_uc_O_Data 0x00007c80   Data          52  consolas__26px__regular__antialiasgridfit_1bpp.o(.constdata)
    Consolas__26px__Regular__AntiAliasGridFit_1BPP_FontElement_uc_O 0x00007cb4   Data          12  consolas__26px__regular__antialiasgridfit_1bpp.o(.constdata)
    Consolas__26px__Regular__AntiAliasGridFit_1BPP_FontElement_uc_P_Data 0x00007cc0   Data          52  consolas__26px__regular__antialiasgridfit_1bpp.o(.constdata)
    Consolas__26px__Regular__AntiAliasGridFit_1BPP_FontElement_uc_P 0x00007cf4   Data          12  consolas__26px__regular__antialiasgridfit_1bpp.o(.constdata)
    Consolas__26px__Regular__AntiAliasGridFit_1BPP_FontElement_uc_Q_Data 0x00007d00   Data          52  consolas__26px__regular__antialiasgridfit_1bpp.o(.constdata)
    Consolas__26px__Regular__AntiAliasGridFit_1BPP_FontElement_uc_Q 0x00007d34   Data          12  consolas__26px__regular__antialiasgridfit_1bpp.o(.constdata)
    Consolas__26px__Regular__AntiAliasGridFit_1BPP_FontElement_uc_R_Data 0x00007d40   Data          52  consolas__26px__regular__antialiasgridfit_1bpp.o(.constdata)
    Consolas__26px__Regular__AntiAliasGridFit_1BPP_FontElement_uc_R 0x00007d74   Data          12  consolas__26px__regular__antialiasgridfit_1bpp.o(.constdata)
    Consolas__26px__Regular__AntiAliasGridFit_1BPP_FontElement_uc_S_Data 0x00007d80   Data          52  consolas__26px__regular__antialiasgridfit_1bpp.o(.constdata)
    Consolas__26px__Regular__AntiAliasGridFit_1BPP_FontElement_uc_S 0x00007db4   Data          12  consolas__26px__regular__antialiasgridfit_1bpp.o(.constdata)
    Consolas__26px__Regular__AntiAliasGridFit_1BPP_FontElement_uc_T_Data 0x00007dc0   Data          52  consolas__26px__regular__antialiasgridfit_1bpp.o(.constdata)
    Consolas__26px__Regular__AntiAliasGridFit_1BPP_FontElement_uc_T 0x00007df4   Data          12  consolas__26px__regular__antialiasgridfit_1bpp.o(.constdata)
    Consolas__26px__Regular__AntiAliasGridFit_1BPP_FontElement_uc_U_Data 0x00007e00   Data          52  consolas__26px__regular__antialiasgridfit_1bpp.o(.constdata)
    Consolas__26px__Regular__AntiAliasGridFit_1BPP_FontElement_uc_U 0x00007e34   Data          12  consolas__26px__regular__antialiasgridfit_1bpp.o(.constdata)
    Consolas__26px__Regular__AntiAliasGridFit_1BPP_FontElement_uc_V_Data 0x00007e40   Data          52  consolas__26px__regular__antialiasgridfit_1bpp.o(.constdata)
    Consolas__26px__Regular__AntiAliasGridFit_1BPP_FontElement_uc_V 0x00007e74   Data          12  consolas__26px__regular__antialiasgridfit_1bpp.o(.constdata)
    Consolas__26px__Regular__AntiAliasGridFit_1BPP_FontElement_uc_W_Data 0x00007e80   Data          52  consolas__26px__regular__antialiasgridfit_1bpp.o(.constdata)
    Consolas__26px__Regular__AntiAliasGridFit_1BPP_FontElement_uc_W 0x00007eb4   Data          12  consolas__26px__regular__antialiasgridfit_1bpp.o(.constdata)
    Consolas__26px__Regular__AntiAliasGridFit_1BPP_FontElement_uc_X_Data 0x00007ec0   Data          52  consolas__26px__regular__antialiasgridfit_1bpp.o(.constdata)
    Consolas__26px__Regular__AntiAliasGridFit_1BPP_FontElement_uc_X 0x00007ef4   Data          12  consolas__26px__regular__antialiasgridfit_1bpp.o(.constdata)
    Consolas__26px__Regular__AntiAliasGridFit_1BPP_FontElement_uc_Y_Data 0x00007f00   Data          52  consolas__26px__regular__antialiasgridfit_1bpp.o(.constdata)
    Consolas__26px__Regular__AntiAliasGridFit_1BPP_FontElement_uc_Y 0x00007f34   Data          12  consolas__26px__regular__antialiasgridfit_1bpp.o(.constdata)
    Consolas__26px__Regular__AntiAliasGridFit_1BPP_FontElement_uc_Z_Data 0x00007f40   Data          52  consolas__26px__regular__antialiasgridfit_1bpp.o(.constdata)
    Consolas__26px__Regular__AntiAliasGridFit_1BPP_FontElement_uc_Z 0x00007f74   Data          12  consolas__26px__regular__antialiasgridfit_1bpp.o(.constdata)
    Consolas__26px__Regular__AntiAliasGridFit_1BPP_FontElement_left_bracket_Data 0x00007f80   Data          26  consolas__26px__regular__antialiasgridfit_1bpp.o(.constdata)
    Consolas__26px__Regular__AntiAliasGridFit_1BPP_FontElement_left_bracket 0x00007f9c   Data          12  consolas__26px__regular__antialiasgridfit_1bpp.o(.constdata)
    Consolas__26px__Regular__AntiAliasGridFit_1BPP_FontElement_backslash_Data 0x00007fa8   Data          52  consolas__26px__regular__antialiasgridfit_1bpp.o(.constdata)
    Consolas__26px__Regular__AntiAliasGridFit_1BPP_FontElement_backslash 0x00007fdc   Data          12  consolas__26px__regular__antialiasgridfit_1bpp.o(.constdata)
    Consolas__26px__Regular__AntiAliasGridFit_1BPP_FontElement_right_bracket_Data 0x00007fe8   Data          26  consolas__26px__regular__antialiasgridfit_1bpp.o(.constdata)
    Consolas__26px__Regular__AntiAliasGridFit_1BPP_FontElement_right_bracket 0x00008004   Data          12  consolas__26px__regular__antialiasgridfit_1bpp.o(.constdata)
    Consolas__26px__Regular__AntiAliasGridFit_1BPP_FontElement_carret_Data 0x00008010   Data          52  consolas__26px__regular__antialiasgridfit_1bpp.o(.constdata)
    Consolas__26px__Regular__AntiAliasGridFit_1BPP_FontElement_carret 0x00008044   Data          12  consolas__26px__regular__antialiasgridfit_1bpp.o(.constdata)
    Consolas__26px__Regular__AntiAliasGridFit_1BPP_FontElement_underscore_Data 0x00008050   Data          52  consolas__26px__regular__antialiasgridfit_1bpp.o(.constdata)
    Consolas__26px__Regular__AntiAliasGridFit_1BPP_FontElement_underscore 0x00008084   Data          12  consolas__26px__regular__antialiasgridfit_1bpp.o(.constdata)
    Consolas__26px__Regular__AntiAliasGridFit_1BPP_FontElement_slanted_single_quote_Data 0x00008090   Data          26  consolas__26px__regular__antialiasgridfit_1bpp.o(.constdata)
    Consolas__26px__Regular__AntiAliasGridFit_1BPP_FontElement_slanted_single_quote 0x000080ac   Data          12  consolas__26px__regular__antialiasgridfit_1bpp.o(.constdata)
    Consolas__26px__Regular__AntiAliasGridFit_1BPP_FontElement_lc_a_Data 0x000080b8   Data          52  consolas__26px__regular__antialiasgridfit_1bpp.o(.constdata)
    Consolas__26px__Regular__AntiAliasGridFit_1BPP_FontElement_lc_a 0x000080ec   Data          12  consolas__26px__regular__antialiasgridfit_1bpp.o(.constdata)
    Consolas__26px__Regular__AntiAliasGridFit_1BPP_FontElement_lc_b_Data 0x000080f8   Data          52  consolas__26px__regular__antialiasgridfit_1bpp.o(.constdata)
    Consolas__26px__Regular__AntiAliasGridFit_1BPP_FontElement_lc_b 0x0000812c   Data          12  consolas__26px__regular__antialiasgridfit_1bpp.o(.constdata)
    Consolas__26px__Regular__AntiAliasGridFit_1BPP_FontElement_lc_c_Data 0x00008138   Data          52  consolas__26px__regular__antialiasgridfit_1bpp.o(.constdata)
    Consolas__26px__Regular__AntiAliasGridFit_1BPP_FontElement_lc_c 0x0000816c   Data          12  consolas__26px__regular__antialiasgridfit_1bpp.o(.constdata)
    Consolas__26px__Regular__AntiAliasGridFit_1BPP_FontElement_lc_d_Data 0x00008178   Data          52  consolas__26px__regular__antialiasgridfit_1bpp.o(.constdata)
    Consolas__26px__Regular__AntiAliasGridFit_1BPP_FontElement_lc_d 0x000081ac   Data          12  consolas__26px__regular__antialiasgridfit_1bpp.o(.constdata)
    Consolas__26px__Regular__AntiAliasGridFit_1BPP_FontElement_lc_e_Data 0x000081b8   Data          52  consolas__26px__regular__antialiasgridfit_1bpp.o(.constdata)
    Consolas__26px__Regular__AntiAliasGridFit_1BPP_FontElement_lc_e 0x000081ec   Data          12  consolas__26px__regular__antialiasgridfit_1bpp.o(.constdata)
    Consolas__26px__Regular__AntiAliasGridFit_1BPP_FontElement_lc_f_Data 0x000081f8   Data          52  consolas__26px__regular__antialiasgridfit_1bpp.o(.constdata)
    Consolas__26px__Regular__AntiAliasGridFit_1BPP_FontElement_lc_f 0x0000822c   Data          12  consolas__26px__regular__antialiasgridfit_1bpp.o(.constdata)
    Consolas__26px__Regular__AntiAliasGridFit_1BPP_FontElement_lc_g_Data 0x00008238   Data          52  consolas__26px__regular__antialiasgridfit_1bpp.o(.constdata)
    Consolas__26px__Regular__AntiAliasGridFit_1BPP_FontElement_lc_g 0x0000826c   Data          12  consolas__26px__regular__antialiasgridfit_1bpp.o(.constdata)
    Consolas__26px__Regular__AntiAliasGridFit_1BPP_FontElement_lc_h_Data 0x00008278   Data          52  consolas__26px__regular__antialiasgridfit_1bpp.o(.constdata)
    Consolas__26px__Regular__AntiAliasGridFit_1BPP_FontElement_lc_h 0x000082ac   Data          12  consolas__26px__regular__antialiasgridfit_1bpp.o(.constdata)
    Consolas__26px__Regular__AntiAliasGridFit_1BPP_FontElement_lc_i_Data 0x000082b8   Data          52  consolas__26px__regular__antialiasgridfit_1bpp.o(.constdata)
    Consolas__26px__Regular__AntiAliasGridFit_1BPP_FontElement_lc_i 0x000082ec   Data          12  consolas__26px__regular__antialiasgridfit_1bpp.o(.constdata)
    Consolas__26px__Regular__AntiAliasGridFit_1BPP_FontElement_lc_j_Data 0x000082f8   Data          52  consolas__26px__regular__antialiasgridfit_1bpp.o(.constdata)
    Consolas__26px__Regular__AntiAliasGridFit_1BPP_FontElement_lc_j 0x0000832c   Data          12  consolas__26px__regular__antialiasgridfit_1bpp.o(.constdata)
    Consolas__26px__Regular__AntiAliasGridFit_1BPP_FontElement_lc_k_Data 0x00008338   Data          52  consolas__26px__regular__antialiasgridfit_1bpp.o(.constdata)
    Consolas__26px__Regular__AntiAliasGridFit_1BPP_FontElement_lc_k 0x0000836c   Data          12  consolas__26px__regular__antialiasgridfit_1bpp.o(.constdata)
    Consolas__26px__Regular__AntiAliasGridFit_1BPP_FontElement_lc_l_Data 0x00008378   Data          52  consolas__26px__regular__antialiasgridfit_1bpp.o(.constdata)
    Consolas__26px__Regular__AntiAliasGridFit_1BPP_FontElement_lc_l 0x000083ac   Data          12  consolas__26px__regular__antialiasgridfit_1bpp.o(.constdata)
    Consolas__26px__Regular__AntiAliasGridFit_1BPP_FontElement_lc_m_Data 0x000083b8   Data          52  consolas__26px__regular__antialiasgridfit_1bpp.o(.constdata)
    Consolas__26px__Regular__AntiAliasGridFit_1BPP_FontElement_lc_m 0x000083ec   Data          12  consolas__26px__regular__antialiasgridfit_1bpp.o(.constdata)
    Consolas__26px__Regular__AntiAliasGridFit_1BPP_FontElement_lc_n_Data 0x000083f8   Data          52  consolas__26px__regular__antialiasgridfit_1bpp.o(.constdata)
    Consolas__26px__Regular__AntiAliasGridFit_1BPP_FontElement_lc_n 0x0000842c   Data          12  consolas__26px__regular__antialiasgridfit_1bpp.o(.constdata)
    Consolas__26px__Regular__AntiAliasGridFit_1BPP_FontElement_lc_o_Data 0x00008438   Data          52  consolas__26px__regular__antialiasgridfit_1bpp.o(.constdata)
    Consolas__26px__Regular__AntiAliasGridFit_1BPP_FontElement_lc_o 0x0000846c   Data          12  consolas__26px__regular__antialiasgridfit_1bpp.o(.constdata)
    Consolas__26px__Regular__AntiAliasGridFit_1BPP_FontElement_lc_p_Data 0x00008478   Data          52  consolas__26px__regular__antialiasgridfit_1bpp.o(.constdata)
    Consolas__26px__Regular__AntiAliasGridFit_1BPP_FontElement_lc_p 0x000084ac   Data          12  consolas__26px__regular__antialiasgridfit_1bpp.o(.constdata)
    Consolas__26px__Regular__AntiAliasGridFit_1BPP_FontElement_lc_q_Data 0x000084b8   Data          52  consolas__26px__regular__antialiasgridfit_1bpp.o(.constdata)
    Consolas__26px__Regular__AntiAliasGridFit_1BPP_FontElement_lc_q 0x000084ec   Data          12  consolas__26px__regular__antialiasgridfit_1bpp.o(.constdata)
    Consolas__26px__Regular__AntiAliasGridFit_1BPP_FontElement_lc_r_Data 0x000084f8   Data          52  consolas__26px__regular__antialiasgridfit_1bpp.o(.constdata)
    Consolas__26px__Regular__AntiAliasGridFit_1BPP_FontElement_lc_r 0x0000852c   Data          12  consolas__26px__regular__antialiasgridfit_1bpp.o(.constdata)
    Consolas__26px__Regular__AntiAliasGridFit_1BPP_FontElement_lc_s_Data 0x00008538   Data          52  consolas__26px__regular__antialiasgridfit_1bpp.o(.constdata)
    Consolas__26px__Regular__AntiAliasGridFit_1BPP_FontElement_lc_s 0x0000856c   Data          12  consolas__26px__regular__antialiasgridfit_1bpp.o(.constdata)
    Consolas__26px__Regular__AntiAliasGridFit_1BPP_FontElement_lc_t_Data 0x00008578   Data          52  consolas__26px__regular__antialiasgridfit_1bpp.o(.constdata)
    Consolas__26px__Regular__AntiAliasGridFit_1BPP_FontElement_lc_t 0x000085ac   Data          12  consolas__26px__regular__antialiasgridfit_1bpp.o(.constdata)
    Consolas__26px__Regular__AntiAliasGridFit_1BPP_FontElement_lc_u_Data 0x000085b8   Data          52  consolas__26px__regular__antialiasgridfit_1bpp.o(.constdata)
    Consolas__26px__Regular__AntiAliasGridFit_1BPP_FontElement_lc_u 0x000085ec   Data          12  consolas__26px__regular__antialiasgridfit_1bpp.o(.constdata)
    Consolas__26px__Regular__AntiAliasGridFit_1BPP_FontElement_lc_v_Data 0x000085f8   Data          52  consolas__26px__regular__antialiasgridfit_1bpp.o(.constdata)
    Consolas__26px__Regular__AntiAliasGridFit_1BPP_FontElement_lc_v 0x0000862c   Data          12  consolas__26px__regular__antialiasgridfit_1bpp.o(.constdata)
    Consolas__26px__Regular__AntiAliasGridFit_1BPP_FontElement_lc_w_Data 0x00008638   Data          52  consolas__26px__regular__antialiasgridfit_1bpp.o(.constdata)
    Consolas__26px__Regular__AntiAliasGridFit_1BPP_FontElement_lc_w 0x0000866c   Data          12  consolas__26px__regular__antialiasgridfit_1bpp.o(.constdata)
    Consolas__26px__Regular__AntiAliasGridFit_1BPP_FontElement_lc_x_Data 0x00008678   Data          52  consolas__26px__regular__antialiasgridfit_1bpp.o(.constdata)
    Consolas__26px__Regular__AntiAliasGridFit_1BPP_FontElement_lc_x 0x000086ac   Data          12  consolas__26px__regular__antialiasgridfit_1bpp.o(.constdata)
    Consolas__26px__Regular__AntiAliasGridFit_1BPP_FontElement_lc_y_Data 0x000086b8   Data          52  consolas__26px__regular__antialiasgridfit_1bpp.o(.constdata)
    Consolas__26px__Regular__AntiAliasGridFit_1BPP_FontElement_lc_y 0x000086ec   Data          12  consolas__26px__regular__antialiasgridfit_1bpp.o(.constdata)
    Consolas__26px__Regular__AntiAliasGridFit_1BPP_FontElement_lc_z_Data 0x000086f8   Data          52  consolas__26px__regular__antialiasgridfit_1bpp.o(.constdata)
    Consolas__26px__Regular__AntiAliasGridFit_1BPP_FontElement_lc_z 0x0000872c   Data          12  consolas__26px__regular__antialiasgridfit_1bpp.o(.constdata)
    Consolas__26px__Regular__AntiAliasGridFit_1BPP_FontElement_left_curly_brace_Data 0x00008738   Data          52  consolas__26px__regular__antialiasgridfit_1bpp.o(.constdata)
    Consolas__26px__Regular__AntiAliasGridFit_1BPP_FontElement_left_curly_brace 0x0000876c   Data          12  consolas__26px__regular__antialiasgridfit_1bpp.o(.constdata)
    Consolas__26px__Regular__AntiAliasGridFit_1BPP_FontElement_vertical_bar_Data 0x00008778   Data          26  consolas__26px__regular__antialiasgridfit_1bpp.o(.constdata)
    Consolas__26px__Regular__AntiAliasGridFit_1BPP_FontElement_vertical_bar 0x00008794   Data          12  consolas__26px__regular__antialiasgridfit_1bpp.o(.constdata)
    Consolas__26px__Regular__AntiAliasGridFit_1BPP_FontElement_right_curly_brace_Data 0x000087a0   Data          52  consolas__26px__regular__antialiasgridfit_1bpp.o(.constdata)
    Consolas__26px__Regular__AntiAliasGridFit_1BPP_FontElement_right_curly_brace 0x000087d4   Data          12  consolas__26px__regular__antialiasgridfit_1bpp.o(.constdata)
    Consolas__26px__Regular__AntiAliasGridFit_1BPP_FontElement_tilde_Data 0x000087e0   Data          52  consolas__26px__regular__antialiasgridfit_1bpp.o(.constdata)
    Consolas__26px__Regular__AntiAliasGridFit_1BPP_FontElement_tilde 0x00008814   Data          12  consolas__26px__regular__antialiasgridfit_1bpp.o(.constdata)
    Consolas__26px__Regular__AntiAliasGridFit_1BPP_FontElement_delete_Data 0x00008820   Data          78  consolas__26px__regular__antialiasgridfit_1bpp.o(.constdata)
    Consolas__26px__Regular__AntiAliasGridFit_1BPP_FontElement_delete 0x00008870   Data          12  consolas__26px__regular__antialiasgridfit_1bpp.o(.constdata)
    Consolas__26px__Regular__AntiAliasGridFit_1BPP 0x0000887c   Data         400  consolas__26px__regular__antialiasgridfit_1bpp.o(.constdata)
    Region$$Table$$Base                      0x00008a0c   Number         0  anon$$obj.o(Region$$Table)
    Region$$Table$$Limit                     0x00008a2c   Number         0  anon$$obj.o(Region$$Table)
    Sprite_16BPP_565_monkey_Data             0x10000000   Data        6144  sprites_16bpp_565.o(ExtFlashSection)
    Sprite_16BPP_565_monkey                  0x10001800   Data          12  sprites_16bpp_565.o(ExtFlashSection)
    Sprite_16BPP_565_monkey2_Data            0x1000180c   Data       23760  sprites_16bpp_565.o(ExtFlashSection)
    Sprite_16BPP_565_monkey2                 0x100074dc   Data          12  sprites_16bpp_565.o(ExtFlashSection)
    Image$$RW_m_data$$Base                   0x20000000   Number         0  anon$$obj.o ABSOLUTE
    SystemCoreClock                          0x20000000   Data           4  system_lpc54608.o(.data)
    SDRAM                                    0x20000004   Data           4  sdram.o(.data)
    command                                  0x20000070   Data          48  board.o(.data)
    s_dma_descriptor_table                   0x20000400   Data         480  fsl_dma.o(.bss)
    eGFX_Animators                           0x200006b8   Data         128  egfx.o(.bss)
    eGFX_Objects                             0x20000738   Data         256  egfx.o(.bss)
    eGFX_BackBuffer                          0x20000838   Data          12  egfx_driver_lpcxpresso_54608.o(.bss)
    Image$$ARM_LIB_STACK$$ZI$$Limit          0x20028000   Number         0  anon$$obj.o ABSOLUTE



==============================================================================

Memory Map of the image

  Image Entry point : 0x00000401

  Load Region LR_m_text (Base: 0x00000000, Size: 0x00008ad0, Max: 0x00080000, ABSOLUTE)

    Execution Region VECTOR_ROM (Base: 0x00000000, Size: 0x00000124, Max: 0x00000400, ABSOLUTE)

    Base Addr    Size         Type   Attr      Idx    E Section Name        Object

    0x00000000   0x00000124   Data   RO            4    RESET               startup_lpc54608.o


    Execution Region VECTOR_RAM (Base: 0x00000000, Size: 0x00000000, Max: 0x00000000, ABSOLUTE)

    Base Addr    Size         Type   Attr      Idx    E Section Name        Object

    0x00000000   0x00000000   Zero   RW            1    VECTOR_RAM.bss      anon$$obj.o


    Execution Region ER_m_text (Base: 0x00000400, Size: 0x0000862c, Max: 0x0007fc00, ABSOLUTE, FIXED)

    Base Addr    Size         Type   Attr      Idx    E Section Name        Object

    0x00000400   0x00000000   Code   RO         5944  * .ARM.Collect$$$$00000000  mc_w.l(entry.o)
    0x00000400   0x00000004   Code   RO         5991    .ARM.Collect$$$$00000003  mc_w.l(entry4.o)
    0x00000404   0x00000004   Code   RO         5994    .ARM.Collect$$$$00000004  mc_w.l(entry5.o)
    0x00000408   0x00000000   Code   RO         5996    .ARM.Collect$$$$00000008  mc_w.l(entry7b.o)
    0x00000408   0x00000000   Code   RO         5998    .ARM.Collect$$$$0000000A  mc_w.l(entry8b.o)
    0x00000408   0x00000008   Code   RO         5999    .ARM.Collect$$$$0000000B  mc_w.l(entry9a.o)
    0x00000410   0x00000000   Code   RO         6001    .ARM.Collect$$$$0000000D  mc_w.l(entry10a.o)
    0x00000410   0x00000000   Code   RO         6003    .ARM.Collect$$$$0000000F  mc_w.l(entry11a.o)
    0x00000410   0x00000004   Code   RO         5992    .ARM.Collect$$$$00002714  mc_w.l(entry4.o)
    0x00000414   0x000001ec   Code   RO            5    .text               startup_lpc54608.o
    0x00000600   0x00000062   Code   RO         5947    .text               mc_w.l(uldiv.o)
    0x00000662   0x00000024   Code   RO         5949    .text               mc_w.l(memcpya.o)
    0x00000686   0x00000024   Code   RO         5951    .text               mc_w.l(memseta.o)
    0x000006aa   0x0000000e   Code   RO         5953    .text               mc_w.l(strlen.o)
    0x000006b8   0x00000026   Code   RO         5985    .text               mf_w.l(f2d.o)
    0x000006de   0x00000002   PAD
    0x000006e0   0x00000030   Code   RO         5989    .text               mf_w.l(cdrcmple.o)
    0x00000710   0x0000002c   Code   RO         6005    .text               mc_w.l(uidiv.o)
    0x0000073c   0x0000001e   Code   RO         6007    .text               mc_w.l(llshl.o)
    0x0000075a   0x00000020   Code   RO         6009    .text               mc_w.l(llushr.o)
    0x0000077a   0x00000000   Code   RO         6011    .text               mc_w.l(iusefp.o)
    0x0000077a   0x0000014e   Code   RO         6012    .text               mf_w.l(dadd.o)
    0x000008c8   0x000000e4   Code   RO         6014    .text               mf_w.l(dmul.o)
    0x000009ac   0x000000de   Code   RO         6016    .text               mf_w.l(ddiv.o)
    0x00000a8a   0x00000030   Code   RO         6018    .text               mf_w.l(dfixul.o)
    0x00000aba   0x00000002   PAD
    0x00000abc   0x00000024   Code   RO         6020    .text               mc_w.l(init.o)
    0x00000ae0   0x00000024   Code   RO         6022    .text               mc_w.l(llsshr.o)
    0x00000b04   0x000000ba   Code   RO         6024    .text               mf_w.l(depilogue.o)
    0x00000bbe   0x00000002   PAD
    0x00000bc0   0x000000c0   Code   RO         5594    i.APP_LCDC_Init     egfx_driver_lpcxpresso_54608.o
    0x00000c80   0x00000058   Code   RO         4869    i.BOARD_BootClock_PLL_RUN  clock_config.o
    0x00000cd8   0x0000006c   Code   RO         4800    i.BOARD_InitDebugConsole  board.o
    0x00000d44   0x0000005c   Code   RO         5595    i.BOARD_InitPWM     egfx_driver_lpcxpresso_54608.o
    0x00000da0   0x000006b8   Code   RO         4917    i.BOARD_InitPins    pin_mux.o
    0x00001458   0x0000009c   Code   RO         4801    i.BOARD_InitSDRAM   board.o
    0x000014f4   0x00000054   Code   RO         4802    i.BOARD_InitSPIFI_ExternalFlash  board.o
    0x00001548   0x00000058   Code   RO         2942    i.CAN0_IRQ0_DriverIRQHandler  fsl_mcan.o
    0x000015a0   0x00000058   Code   RO         2943    i.CAN0_IRQ1_DriverIRQHandler  fsl_mcan.o
    0x000015f8   0x00000058   Code   RO         2944    i.CAN1_IRQ0_DriverIRQHandler  fsl_mcan.o
    0x00001650   0x00000058   Code   RO         2945    i.CAN1_IRQ1_DriverIRQHandler  fsl_mcan.o
    0x000016a8   0x0000004c   Code   RO          439    i.CLOCK_AttachClk   fsl_clock.o
    0x000016f4   0x00000028   Code   RO         2817    i.CLOCK_EnableClock  fsl_lcdc.o
    0x0000171c   0x00000028   Code   RO         4671    i.CLOCK_EnableClock  main.o
    0x00001744   0x00000028   Code   RO         4918    i.CLOCK_EnableClock  pin_mux.o
    0x0000176c   0x00000038   Code   RO          446    i.CLOCK_Enable_SysOsc  fsl_clock.o
    0x000017a4   0x0000004c   Code   RO          447    i.CLOCK_GetAdcClkFreq  fsl_clock.o
    0x000017f0   0x00000030   Code   RO          448    i.CLOCK_GetAsyncApbClkFreq  fsl_clock.o
    0x00001820   0x0000000c   Code   RO          453    i.CLOCK_GetAudioPllOutFreq  fsl_clock.o
    0x0000182c   0x00000078   Code   RO          454    i.CLOCK_GetClockOutClkFreq  fsl_clock.o
    0x000018a4   0x0000007c   Code   RO          455    i.CLOCK_GetCoreSysClkFreq  fsl_clock.o
    0x00001920   0x00000008   Code   RO          456    i.CLOCK_GetExtClkFreq  fsl_clock.o
    0x00001928   0x0000005c   Code   RO          458    i.CLOCK_GetFlexCommClkFreq  fsl_clock.o
    0x00001984   0x000002c8   Code   RO          459    i.CLOCK_GetFreq     fsl_clock.o
    0x00001c4c   0x0000001c   Code   RO          460    i.CLOCK_GetFro12MFreq  fsl_clock.o
    0x00001c68   0x00000040   Code   RO          461    i.CLOCK_GetFroHfFreq  fsl_clock.o
    0x00001ca8   0x00000004   Code   RO          462    i.CLOCK_GetI2SMClkFreq  fsl_clock.o
    0x00001cac   0x00000040   Code   RO          463    i.CLOCK_GetLcdClkFreq  fsl_clock.o
    0x00001cec   0x00000004   Code   RO          464    i.CLOCK_GetLcdClkIn  fsl_clock.o
    0x00001cf0   0x00000040   Code   RO          465    i.CLOCK_GetMclkClkFreq  fsl_clock.o
    0x00001d30   0x00000006   Code   RO          466    i.CLOCK_GetOsc32KFreq  fsl_clock.o
    0x00001d36   0x00000002   PAD
    0x00001d38   0x00000138   Code   RO          467    i.CLOCK_GetPllConfig  fsl_clock.o
    0x00001e70   0x0000000c   Code   RO          468    i.CLOCK_GetPllOutFreq  fsl_clock.o
    0x00001e7c   0x0000004c   Code   RO          469    i.CLOCK_GetSctClkFreq  fsl_clock.o
    0x00001ec8   0x0000005c   Code   RO          470    i.CLOCK_GetSdioClkFreq  fsl_clock.o
    0x00001f24   0x0000005c   Code   RO          471    i.CLOCK_GetSpifiClkFreq  fsl_clock.o
    0x00001f80   0x0000004c   Code   RO          472    i.CLOCK_GetSystemPLLInClockRate  fsl_clock.o
    0x00001fcc   0x0000005a   Code   RO          474    i.CLOCK_GetSystemPLLOutFromSetup  fsl_clock.o
    0x00002026   0x00000002   PAD
    0x00002028   0x00000014   Code   RO          475    i.CLOCK_GetSystemPLLOutFromSetupUpdate  fsl_clock.o
    0x0000203c   0x00000040   Code   RO          476    i.CLOCK_GetUsb0ClkFreq  fsl_clock.o
    0x0000207c   0x00000040   Code   RO          477    i.CLOCK_GetUsb1ClkFreq  fsl_clock.o
    0x000020bc   0x0000000c   Code   RO          481    i.CLOCK_GetUsbPllOutFreq  fsl_clock.o
    0x000020c8   0x00000040   Code   RO          482    i.CLOCK_GetWdtOscFreq  fsl_clock.o
    0x00002108   0x00000028   Code   RO          483    i.CLOCK_SetClkDiv   fsl_clock.o
    0x00002130   0x00000018   Code   RO          484    i.CLOCK_SetFLASHAccessCycles  fsl_clock.o
    0x00002148   0x0000009c   Code   RO          485    i.CLOCK_SetFLASHAccessCyclesForFreq  fsl_clock.o
    0x000021e4   0x00000032   Code   RO          495    i.CLOCK_SetupPLLData  fsl_clock.o
    0x00002216   0x00000002   PAD
    0x00002218   0x000000ec   Code   RO          497    i.CLOCK_SetupSystemPLLPrec  fsl_clock.o
    0x00002304   0x0000000a   Code   RO          989    i.CTIMER0_DriverIRQHandler  fsl_ctimer.o
    0x0000230e   0x0000000a   Code   RO          990    i.CTIMER1_DriverIRQHandler  fsl_ctimer.o
    0x00002318   0x0000000a   Code   RO          991    i.CTIMER2_DriverIRQHandler  fsl_ctimer.o
    0x00002322   0x0000000a   Code   RO          992    i.CTIMER3_DriverIRQHandler  fsl_ctimer.o
    0x0000232c   0x0000000a   Code   RO          993    i.CTIMER4_DriverIRQHandler  fsl_ctimer.o
    0x00002336   0x00000004   Code   RO          994    i.CTIMER_ClearStatusFlags  fsl_ctimer.o
    0x0000233a   0x00000002   PAD
    0x0000233c   0x0000007c   Code   RO          996    i.CTIMER_GenericIRQHandler  fsl_ctimer.o
    0x000023b8   0x000000ac   Code   RO         1116    i.DMA0_DriverIRQHandler  fsl_dma.o
    0x00002464   0x00000014   Code   RO         1236    i.DMIC0_DriverIRQHandler  fsl_dmic.o
    0x00002478   0x000000a8   Code   RO          116    i.DbgConsole_ConvertRadixNumToString  fsl_debug_console.o
    0x00002520   0x00000058   Code   RO          119    i.DbgConsole_Init   fsl_debug_console.o
    0x00002578   0x00000034   Code   RO          120    i.DbgConsole_Printf  fsl_debug_console.o
    0x000025ac   0x0000023a   Code   RO          121    i.DbgConsole_PrintfFormattedData  fsl_debug_console.o
    0x000027e6   0x00000028   Code   RO          122    i.DbgConsole_PrintfPaddingCharacter  fsl_debug_console.o
    0x0000280e   0x00000002   PAD
    0x00002810   0x00000024   Code   RO          123    i.DbgConsole_Putchar  fsl_debug_console.o
    0x00002834   0x0000003c   Code   RO         1501    i.EMC_CalculateTimerCycles  fsl_emc.o
    0x00002870   0x000002a8   Code   RO         1503    i.EMC_DynamicMemInit  fsl_emc.o
    0x00002b18   0x00000074   Code   RO         1504    i.EMC_GetInstance   fsl_emc.o
    0x00002b8c   0x0000007c   Code   RO         1505    i.EMC_Init          fsl_emc.o
    0x00002c08   0x0000005a   Code   RO         1507    i.EMC_ModeOffset    fsl_emc.o
    0x00002c62   0x00000002   PAD
    0x00002c64   0x0000001c   Code   RO         1600    i.ETHERNET_DriverIRQHandler  fsl_enet.o
    0x00002c80   0x00000064   Code   RO         1849    i.FLEXCOMM0_DriverIRQHandler  fsl_flexcomm.o
    0x00002ce4   0x00000064   Code   RO         1850    i.FLEXCOMM1_DriverIRQHandler  fsl_flexcomm.o
    0x00002d48   0x00000064   Code   RO         1851    i.FLEXCOMM2_DriverIRQHandler  fsl_flexcomm.o
    0x00002dac   0x00000064   Code   RO         1852    i.FLEXCOMM3_DriverIRQHandler  fsl_flexcomm.o
    0x00002e10   0x00000064   Code   RO         1853    i.FLEXCOMM4_DriverIRQHandler  fsl_flexcomm.o
    0x00002e74   0x00000064   Code   RO         1854    i.FLEXCOMM5_DriverIRQHandler  fsl_flexcomm.o
    0x00002ed8   0x00000064   Code   RO         1855    i.FLEXCOMM8_DriverIRQHandler  fsl_flexcomm.o
    0x00002f3c   0x00000064   Code   RO         1856    i.FLEXCOMM9_DriverIRQHandler  fsl_flexcomm.o
    0x00002fa0   0x00000050   Code   RO         1857    i.FLEXCOMM_GetInstance  fsl_flexcomm.o
    0x00002ff0   0x00000054   Code   RO         1858    i.FLEXCOMM_Init     fsl_flexcomm.o
    0x00003044   0x0000003a   Code   RO         1859    i.FLEXCOMM_PeripheralIsPresent  fsl_flexcomm.o
    0x0000307e   0x00000044   Code   RO         1861    i.FLEXCOMM_SetPeriph  fsl_flexcomm.o
    0x000030c2   0x00000056   Code   RO          287    i.FT5406_GetSingleTouch  fsl_ft5406.o
    0x00003118   0x000000d8   Code   RO          288    i.FT5406_Init       fsl_ft5406.o
    0x000031f0   0x00000044   Code   RO          289    i.FT5406_ReadTouchData  fsl_ft5406.o
    0x00003234   0x00000014   Code   RO          498    i.FindGreatestCommonDivisor  fsl_clock.o
    0x00003248   0x00000028   Code   RO         2023    i.GINT0_DriverIRQHandler  fsl_gint.o
    0x00003270   0x00000028   Code   RO         2024    i.GINT1_DriverIRQHandler  fsl_gint.o
    0x00003298   0x00000014   Code   RO         1253    i.HWVAD0_IRQHandler  fsl_dmic.o
    0x000032ac   0x0000000a   Code   RO         2157    i.I2C_MasterClearStatusFlags  fsl_i2c.o
    0x000032b6   0x00000022   Code   RO         2159    i.I2C_MasterEnable  fsl_i2c.o
    0x000032d8   0x00000014   Code   RO         2160    i.I2C_MasterGetDefaultConfig  fsl_i2c.o
    0x000032ec   0x00000024   Code   RO         2161    i.I2C_MasterInit    fsl_i2c.o
    0x00003310   0x000000d8   Code   RO         2162    i.I2C_MasterReadBlocking  fsl_i2c.o
    0x000033e8   0x00000014   Code   RO         2163    i.I2C_MasterRepeatedStart  fsl_i2c.o
    0x000033fc   0x00000088   Code   RO         2164    i.I2C_MasterSetBaudRate  fsl_i2c.o
    0x00003484   0x00000022   Code   RO         2165    i.I2C_MasterStart   fsl_i2c.o
    0x000034a6   0x00000014   Code   RO         2166    i.I2C_MasterStop    fsl_i2c.o
    0x000034ba   0x00000002   PAD
    0x000034bc   0x000000fc   Code   RO         2168    i.I2C_MasterTransferBlocking  fsl_i2c.o
    0x000035b8   0x000000ec   Code   RO         2173    i.I2C_MasterWriteBlocking  fsl_i2c.o
    0x000036a4   0x00000022   Code   RO         2174    i.I2C_PendingStatusWait  fsl_i2c.o
    0x000036c6   0x0000000c   Code   RO         4673    i.IOCON_PinMuxSet   main.o
    0x000036d2   0x0000000c   Code   RO         4919    i.IOCON_PinMuxSet   pin_mux.o
    0x000036de   0x00000016   Code   RO         2818    i.LCDC_ClearInterruptsStatus  fsl_lcdc.o
    0x000036f4   0x00000020   Code   RO         2822    i.LCDC_EnableInterrupts  fsl_lcdc.o
    0x00003714   0x000000f4   Code   RO         2823    i.LCDC_GetClockDivider  fsl_lcdc.o
    0x00003808   0x00000034   Code   RO         2824    i.LCDC_GetDefaultConfig  fsl_lcdc.o
    0x0000383c   0x0000000c   Code   RO         2825    i.LCDC_GetEnabledInterruptsPendingStatus  fsl_lcdc.o
    0x00003848   0x00000070   Code   RO         2826    i.LCDC_GetInstance  fsl_lcdc.o
    0x000038b8   0x0000020c   Code   RO         2828    i.LCDC_Init         fsl_lcdc.o
    0x00003ac4   0x00000038   Code   RO         5596    i.LCD_IRQHandler    egfx_driver_lpcxpresso_54608.o
    0x00003afc   0x00000014   Code   RO         3287    i.PINT_PatternMatchResetDetectLogic  fsl_pint.o
    0x00003b10   0x00000008   Code   RO         3288    i.PINT_PinInterruptClrStatus  fsl_pint.o
    0x00003b18   0x0000002c   Code   RO         3291    i.PIN_INT0_DriverIRQHandler  fsl_pint.o
    0x00003b44   0x0000002c   Code   RO         3292    i.PIN_INT1_DriverIRQHandler  fsl_pint.o
    0x00003b70   0x0000002c   Code   RO         3293    i.PIN_INT2_DriverIRQHandler  fsl_pint.o
    0x00003b9c   0x0000002c   Code   RO         3294    i.PIN_INT3_DriverIRQHandler  fsl_pint.o
    0x00003bc8   0x0000002c   Code   RO         3295    i.PIN_INT4_DriverIRQHandler  fsl_pint.o
    0x00003bf4   0x0000002c   Code   RO         3296    i.PIN_INT5_DriverIRQHandler  fsl_pint.o
    0x00003c20   0x0000002c   Code   RO         3297    i.PIN_INT6_DriverIRQHandler  fsl_pint.o
    0x00003c4c   0x0000002c   Code   RO         3298    i.PIN_INT7_DriverIRQHandler  fsl_pint.o
    0x00003c78   0x00000014   Code   RO          499    i.POWER_DisablePD   fsl_clock.o
    0x00003c8c   0x00000014   Code   RO         4870    i.POWER_DisablePD   clock_config.o
    0x00003ca0   0x00000014   Code   RO          500    i.POWER_EnablePD    fsl_clock.o
    0x00003cb4   0x00000020   Code   RO         5917    i.POWER_SetPLL      keil_lib_power.lib(fsl_power_lib.o)
    0x00003cd4   0x00000074   Code   RO         5919    i.POWER_SetVoltageForFreq  keil_lib_power.lib(fsl_power_lib.o)
    0x00003d48   0x00000014   Code   RO         5921    i.POWER_setVdLevel  keil_lib_power.lib(fsl_power_lib.o)
    0x00003d5c   0x00000080   Code   RO         3437    i.RESET_ClearPeripheralReset  fsl_reset.o
    0x00003ddc   0x00000012   Code   RO         3438    i.RESET_PeripheralReset  fsl_reset.o
    0x00003dee   0x00000002   PAD
    0x00003df0   0x00000080   Code   RO         3439    i.RESET_SetPeripheralReset  fsl_reset.o
    0x00003e70   0x00000014   Code   RO         3616    i.SCT0_IRQHandler   fsl_sctimer.o
    0x00003e84   0x000001d8   Code   RO         3617    i.SCTIMER_CreateAndScheduleEvent  fsl_sctimer.o
    0x0000405c   0x00000050   Code   RO         3619    i.SCTIMER_EventHandleIRQ  fsl_sctimer.o
    0x000040ac   0x0000004c   Code   RO         3621    i.SCTIMER_GetDefaultConfig  fsl_sctimer.o
    0x000040f8   0x00000070   Code   RO         3622    i.SCTIMER_GetInstance  fsl_sctimer.o
    0x00004168   0x0000012c   Code   RO         3624    i.SCTIMER_Init      fsl_sctimer.o
    0x00004294   0x0000001e   Code   RO         3628    i.SCTIMER_SetupOutputClearAction  fsl_sctimer.o
    0x000042b2   0x0000001a   Code   RO         3629    i.SCTIMER_SetupOutputSetAction  fsl_sctimer.o
    0x000042cc   0x000001f4   Code   RO         3631    i.SCTIMER_SetupPwm  fsl_sctimer.o
    0x000044c0   0x00000058   Code   RO         3772    i.SDIO_DriverIRQHandler  fsl_sdif.o
    0x00004518   0x0000001e   Code   RO         4169    i.SPIFI_GetDefaultConfig  fsl_spifi.o
    0x00004536   0x00000002   PAD
    0x00004538   0x00000074   Code   RO         4170    i.SPIFI_GetInstance  fsl_spifi.o
    0x000045ac   0x000000d4   Code   RO         4171    i.SPIFI_Init        fsl_spifi.o
    0x00004680   0x0000006c   Code   RO         4172    i.SPIFI_SetCommand  fsl_spifi.o
    0x000046ec   0x00000042   Code   RO         4173    i.SPIFI_SetMemoryCommand  fsl_spifi.o
    0x0000472e   0x00000002   PAD
    0x00004730   0x0000000c   Code   RO         4674    i.SysTick_Handler   main.o
    0x0000473c   0x00000028   Code   RO           15    i.SystemInit        system_lpc54608.o
    0x00004764   0x00000058   Code   RO         4317    i.USART_GetDefaultConfig  fsl_usart.o
    0x000047bc   0x00000138   Code   RO         4319    i.USART_Init        fsl_usart.o
    0x000048f4   0x000000f8   Code   RO         4320    i.USART_ReadBlocking  fsl_usart.o
    0x000049ec   0x000000f0   Code   RO         4321    i.USART_SetBaudRate  fsl_usart.o
    0x00004adc   0x00000098   Code   RO         4334    i.USART_WriteBlocking  fsl_usart.o
    0x00004b74   0x0000001c   Code   RO         4536    i.UTICK0_DriverIRQHandler  fsl_utick.o
    0x00004b90   0x0000002c   Code   RO         5963    i.__0vsnprintf      mc_w.l(printfa.o)
    0x00004bbc   0x00000044   Code   RO          881    i.__aeabi_assert    fsl_common.o
    0x00004c00   0x0000000e   Code   RO         6028    i.__scatterload_copy  mc_w.l(handlers.o)
    0x00004c0e   0x00000002   Code   RO         6029    i.__scatterload_null  mc_w.l(handlers.o)
    0x00004c10   0x0000000e   Code   RO         6030    i.__scatterload_zeroinit  mc_w.l(handlers.o)
    0x00004c1e   0x00000002   PAD
    0x00004c20   0x00000184   Code   RO         5965    i._fp_digits        mc_w.l(printfa.o)
    0x00004da4   0x000006dc   Code   RO         5966    i._printf_core      mc_w.l(printfa.o)
    0x00005480   0x00000024   Code   RO         5967    i._printf_post_padding  mc_w.l(printfa.o)
    0x000054a4   0x0000002e   Code   RO         5968    i._printf_pre_padding  mc_w.l(printfa.o)
    0x000054d2   0x00000016   Code   RO         5969    i._snputc           mc_w.l(printfa.o)
    0x000054e8   0x00000038   Code   RO         4804    i.check_if_finish   board.o
    0x00005520   0x00000014   Code   RO         4967    i.eGFX_BitStreamGet  egfx.o
    0x00005534   0x00000024   Code   RO         4968    i.eGFX_BitStreamPut  egfx.o
    0x00005558   0x0000004a   Code   RO         4969    i.eGFX_Blit         egfx.o
    0x000055a2   0x0000004e   Code   RO         4970    i.eGFX_BlitColored  egfx.o
    0x000055f0   0x0000004c   Code   RO         4979    i.eGFX_DrawCharacterColored  egfx.o
    0x0000563c   0x00000030   Code   RO         4983    i.eGFX_DrawFilledBox  egfx.o
    0x0000566c   0x00000072   Code   RO         4985    i.eGFX_DrawHline    egfx.o
    0x000056de   0x0000004c   Code   RO         5003    i.eGFX_DrawStringColored  egfx.o
    0x0000572a   0x00000060   Code   RO         5007    i.eGFX_DrawVline    egfx.o
    0x0000578a   0x00000002   PAD
    0x0000578c   0x00000050   Code   RO         5597    i.eGFX_Dump         egfx_driver_lpcxpresso_54608.o
    0x000057dc   0x0000014e   Code   RO         5018    i.eGFX_GetPixel     egfx.o
    0x0000592a   0x00000042   Code   RO         5019    i.eGFX_GetStringWidth  egfx.o
    0x0000596c   0x0000000e   Code   RO         5021    i.eGFX_ImagePlaneInit  egfx.o
    0x0000597a   0x000000ce   Code   RO         5022    i.eGFX_ImagePlane_Clear  egfx.o
    0x00005a48   0x00000040   Code   RO         5598    i.eGFX_InitDriver   egfx_driver_lpcxpresso_54608.o
    0x00005a88   0x0000015e   Code   RO         5042    i.eGFX_PutPixel     egfx.o
    0x00005be6   0x00000002   PAD
    0x00005be8   0x00000010   Code   RO         5599    i.eGFX_WaitForVSync  egfx_driver_lpcxpresso_54608.o
    0x00005bf8   0x0000005c   Code   RO         5053    i.eGFX_printf_HorizontalCentered_Colored  egfx.o
    0x00005c54   0x0000002c   Code   RO         4805    i.enable_quad_mode  board.o
    0x00005c80   0x0000001a   Code   RO          501    i.findPllMMult      fsl_clock.o
    0x00005c9a   0x00000020   Code   RO          502    i.findPllPostDiv    fsl_clock.o
    0x00005cba   0x00000020   Code   RO          503    i.findPllPreDiv     fsl_clock.o
    0x00005cda   0x00000002   PAD
    0x00005cdc   0x000002b0   Code   RO         4675    i.main              main.o
    0x00005f8c   0x0000005c   Code   RO          504    i.pllDecodeM        fsl_clock.o
    0x00005fe8   0x0000005c   Code   RO          505    i.pllDecodeN        fsl_clock.o
    0x00006044   0x0000004e   Code   RO          506    i.pllDecodeP        fsl_clock.o
    0x00006092   0x00000002   PAD
    0x00006094   0x00000054   Code   RO          507    i.pllEncodeM        fsl_clock.o
    0x000060e8   0x00000052   Code   RO          508    i.pllEncodeN        fsl_clock.o
    0x0000613a   0x00000042   Code   RO          509    i.pllEncodeP        fsl_clock.o
    0x0000617c   0x00000072   Code   RO          510    i.pllFindSel        fsl_clock.o
    0x000061ee   0x00000002   PAD
    0x000061f0   0x0000005c   Data   RO          511    .constdata          fsl_clock.o
    0x0000624c   0x00000039   Data   RO         1007    .constdata          fsl_ctimer.o
    0x00006285   0x00000003   PAD
    0x00006288   0x00000008   Data   RO         1509    .constdata          fsl_emc.o
    0x00006290   0x00000048   Data   RO         1863    .constdata          fsl_flexcomm.o
    0x000062d8   0x00000016   Data   RO         2036    .constdata          fsl_gint.o
    0x000062ee   0x00000002   PAD
    0x000062f0   0x0000000c   Data   RO         2834    .constdata          fsl_lcdc.o
    0x000062fc   0x0000000c   Data   RO         3634    .constdata          fsl_sctimer.o
    0x00006308   0x00000006   Data   RO         4174    .constdata          fsl_spifi.o
    0x0000630e   0x00000002   PAD
    0x00006310   0x0000001c   Data   RO         4871    .constdata          clock_config.o
    0x0000632c   0x00000e6c   Data   RO         5704    .constdata          ocr_a_extended__20px__bold__singlebitperpixelgridfit_1bpp.o
    0x00007198   0x00001874   Data   RO         5735    .constdata          consolas__26px__regular__antialiasgridfit_1bpp.o
    0x00008a0c   0x00000020   Data   RO         6026    Region$$Table       anon$$obj.o


    Execution Region RW_m_data (Base: 0x20000000, Size: 0x00000844, Max: 0x00027800, ABSOLUTE)

    Base Addr    Size         Type   Attr      Idx    E Section Name        Object

    0x20000000   0x00000004   Data   RW           24    .data               system_lpc54608.o
    0x20000004   0x00000004   Data   RW          263    .data               sdram.o
    0x20000008   0x0000000c   Data   RW          512    .data               fsl_clock.o
    0x20000014   0x00000005   Data   RW         1008    .data               fsl_ctimer.o
    0x20000019   0x00000003   PAD
    0x2000001c   0x00000008   Data   RW         1256    .data               fsl_dmic.o
    0x20000024   0x00000010   Data   RW         1510    .data               fsl_emc.o
    0x20000034   0x00000008   Data   RW         1603    .data               fsl_enet.o
    0x2000003c   0x00000008   Data   RW         2037    .data               fsl_gint.o
    0x20000044   0x0000000c   Data   RW         2989    .data               fsl_mcan.o
    0x20000050   0x00000010   Data   RW         3635    .data               fsl_sctimer.o
    0x20000060   0x00000008   Data   RW         3774    .data               fsl_sdif.o
    0x20000068   0x00000008   Data   RW         4545    .data               fsl_utick.o
    0x20000070   0x00000030   Data   RW         4807    .data               board.o
    0x200000a0   0x00000001   Data   RW         5601    .data               egfx_driver_lpcxpresso_54608.o
    0x200000a1   0x00000003   PAD
    0x200000a4   0x00000010   Zero   RW          129    .bss                fsl_debug_console.o
    0x200000b4   0x00000014   Zero   RW         1006    .bss                fsl_ctimer.o
    0x200000c8   0x00000138   PAD
    0x20000200   0x000003e0   Zero   RW         1131    .bss                fsl_dma.o
    0x200005e0   0x00000050   Zero   RW         1862    .bss                fsl_flexcomm.o
    0x20000630   0x00000020   Zero   RW         3299    .bss                fsl_pint.o
    0x20000650   0x00000028   Zero   RW         3633    .bss                fsl_sctimer.o
    0x20000678   0x000001c0   Zero   RW         5054    .bss                egfx.o
    0x20000838   0x0000000c   Zero   RW         5600    .bss                egfx_driver_lpcxpresso_54608.o


    Execution Region ARM_LIB_HEAP (Base: 0x20000844, Size: 0x00000400, Max: 0x00000400, ABSOLUTE)

    Base Addr    Size         Type   Attr      Idx    E Section Name        Object

    0x20000844   0x00000400   Zero   RW            2    ARM_LIB_HEAP.bss    anon$$obj.o


    Execution Region ARM_LIB_STACK (Base: 0x20027c00, Size: 0x00000400, Max: 0x00000400, ABSOLUTE)

    Base Addr    Size         Type   Attr      Idx    E Section Name        Object

    0x20027c00   0x00000400   Zero   RW            3    ARM_LIB_STACK.bss   anon$$obj.o



  Load Region LR_EROM1 (Base: 0x10000000, Size: 0x000074e8, Max: 0x10000000, ABSOLUTE)

    Execution Region ER_EROM1 (Base: 0x10000000, Size: 0x000074e8, Max: 0x10000000, ABSOLUTE)

    Base Addr    Size         Type   Attr      Idx    E Section Name        Object

    0x10000000   0x000074e8   Data   RO         5716    ExtFlashSection     sprites_16bpp_565.o


==============================================================================

Image component sizes


      Code (inc. data)   RO Data    RW Data    ZI Data      Debug   Object Name

       448        100          0         48          0       6777   board.o
       108         24         28          0          0       2490   clock_config.o
         0          0       6260          0          0      31391   consolas__26px__regular__antialiasgridfit_1bpp.o
      1680         28          0          0        448      16997   egfx.o
       500         48          0          1         12      15945   egfx_driver_lpcxpresso_54608.o
         0          0          0          0          0       3720   font_5_7_1bpp.o
         0          0          0          0          0      19280   fsl_adc.o
      3796        298         92         12          0      47191   fsl_clock.o
        68         44          0          0          0        649   fsl_common.o
         0          0          0          0          0      12896   fsl_crc.o
       178         14         57          5         20       7154   fsl_ctimer.o
       954         28          0          0         16     567877   fsl_debug_console.o
       172          4          0          0        992      33804   fsl_dma.o
        40          8          0          8          0       4141   fsl_dmic.o
      1070        182          8         16          0       7708   fsl_emc.o
        28         12          0          8          0      10486   fsl_enet.o
      1090        566         72          0         80       8520   fsl_flexcomm.o
       370         82          0          0          0       8941   fsl_ft5406.o
        80         16         22          8          0       2386   fsl_gint.o
      1048        106          0          0          0      16925   fsl_i2c.o
      1038        242         12          0          0      22134   fsl_lcdc.o
       352        208          0         12          0       9080   fsl_mcan.o
       380         32          0          0         32       9808   fsl_pint.o
       274         96          0          0          0       2364   fsl_reset.o
      1616        282         12         16         40      12913   fsl_sctimer.o
        88         52          0          8          0       8096   fsl_sdif.o
       532        116          6          0          0       6262   fsl_spifi.o
      1040        334          0          0          0      10645   fsl_usart.o
        28         12          0          8          0       1666   fsl_utick.o
       752        122          0          0          0      50772   main.o
         0          0       3692          0          0      35686   ocr_a_extended__20px__bold__singlebitperpixelgridfit_1bpp.o
      1772         24          0          0          0       2081   pin_mux.o
         0          0          0          4          0        864   sdram.o
         0          0      29928          0          0       4658   sprites_16bpp_565.o
       492        236        292          0          0       3640   startup_lpc54608.o
        40         12          0          4          0       5967   system_lpc54608.o

    ----------------------------------------------------------------------
     20064       3328      40520        164       4000    1011914   Object Totals
         0          0         32          0       2048          0   (incl. Generated)
        30          0          7          6        312          0   (incl. Padding)

    ----------------------------------------------------------------------

      Code (inc. data)   RO Data    RW Data    ZI Data      Debug   Library Member Name

       168         20          0          0          0        364   fsl_power_lib.o
         0          0          0          0          0          0   entry.o
         0          0          0          0          0          0   entry10a.o
         0          0          0          0          0          0   entry11a.o
         8          4          0          0          0          0   entry4.o
         4          0          0          0          0          0   entry5.o
         0          0          0          0          0          0   entry7b.o
         0          0          0          0          0          0   entry8b.o
         8          4          0          0          0          0   entry9a.o
        30          0          0          0          0          0   handlers.o
        36          8          0          0          0         68   init.o
         0          0          0          0          0          0   iusefp.o
        30          0          0          0          0         68   llshl.o
        36          0          0          0          0         68   llsshr.o
        32          0          0          0          0         68   llushr.o
        36          0          0          0          0         68   memcpya.o
        36          0          0          0          0        108   memseta.o
      2292         84          0          0          0        516   printfa.o
        14          0          0          0          0         68   strlen.o
        44          0          0          0          0         80   uidiv.o
        98          0          0          0          0         92   uldiv.o
        48          0          0          0          0         68   cdrcmple.o
       334          0          0          0          0        148   dadd.o
       222          0          0          0          0        100   ddiv.o
       186          0          0          0          0        176   depilogue.o
        48          0          0          0          0         68   dfixul.o
       228          0          0          0          0         96   dmul.o
        38          0          0          0          0         68   f2d.o

    ----------------------------------------------------------------------
      3984        120          0          0          0       2292   Library Totals
         8          0          0          0          0          0   (incl. Padding)

    ----------------------------------------------------------------------

      Code (inc. data)   RO Data    RW Data    ZI Data      Debug   Library Name

       168         20          0          0          0        364   keil_lib_power.lib
      2704        100          0          0          0       1204   mc_w.l
      1104          0          0          0          0        724   mf_w.l

    ----------------------------------------------------------------------
      3984        120          0          0          0       2292   Library Totals

    ----------------------------------------------------------------------

==============================================================================


      Code (inc. data)   RO Data    RW Data    ZI Data      Debug   

     24048       3448      40520        164       4000     995522   Grand Totals
     24048       3448      40520        164       4000     995522   ELF Image Totals
     24048       3448      40520        164          0          0   ROM Totals

==============================================================================

    Total RO  Size (Code + RO Data)                64568 (  63.05kB)
    Total RW  Size (RW Data + ZI Data)              4164 (   4.07kB)
    Total ROM Size (Code + RO Data + RW Data)      64732 (  63.21kB)

==============================================================================

