Component: ARM Compiler 5.06 update 4 (build 422) Tool: armlink [4d35d2]

==============================================================================

Section Cross References

    debug\startup_lpc54608.o(RESET) refers to debug\startup_lpc54608.o(.text) for Reset_Handler
    debug\startup_lpc54608.o(RESET) refers to debug\main.o(i.SysTick_Handler) for SysTick_Handler
    debug\startup_lpc54608.o(RESET) refers to debug\fsl_sctimer.o(i.SCT0_IRQHandler) for SCT0_IRQHandler
    debug\startup_lpc54608.o(RESET) refers to debug\main.o(i.DMIC0_IRQHandler) for DMIC0_IRQHandler
    debug\startup_lpc54608.o(RESET) refers to debug\fsl_dmic.o(i.HWVAD0_IRQHandler) for HWVAD0_IRQHandler
    debug\startup_lpc54608.o(RESET) refers to debug\egfx_driver_lpcxpresso_54608.o(i.LCD_IRQHandler) for LCD_IRQHandler
    debug\startup_lpc54608.o(.text) refers to debug\system_lpc54608.o(i.SystemInit) for SystemInit
    debug\startup_lpc54608.o(.text) refers to C:\Keil_v5\ARM\ARMCC\Bin\..\lib\armlib\mc_w.l(entry.o)(.ARM.Collect$$$$00000000) for __main
    debug\startup_lpc54608.o(.text) refers to debug\fsl_dma.o(i.DMA0_DriverIRQHandler) for DMA0_DriverIRQHandler
    debug\startup_lpc54608.o(.text) refers to debug\fsl_gint.o(i.GINT0_DriverIRQHandler) for GINT0_DriverIRQHandler
    debug\startup_lpc54608.o(.text) refers to debug\fsl_gint.o(i.GINT1_DriverIRQHandler) for GINT1_DriverIRQHandler
    debug\startup_lpc54608.o(.text) refers to debug\fsl_pint.o(i.PIN_INT0_DriverIRQHandler) for PIN_INT0_DriverIRQHandler
    debug\startup_lpc54608.o(.text) refers to debug\fsl_pint.o(i.PIN_INT1_DriverIRQHandler) for PIN_INT1_DriverIRQHandler
    debug\startup_lpc54608.o(.text) refers to debug\fsl_pint.o(i.PIN_INT2_DriverIRQHandler) for PIN_INT2_DriverIRQHandler
    debug\startup_lpc54608.o(.text) refers to debug\fsl_pint.o(i.PIN_INT3_DriverIRQHandler) for PIN_INT3_DriverIRQHandler
    debug\startup_lpc54608.o(.text) refers to debug\fsl_utick.o(i.UTICK0_DriverIRQHandler) for UTICK0_DriverIRQHandler
    debug\startup_lpc54608.o(.text) refers to debug\fsl_ctimer.o(i.CTIMER0_DriverIRQHandler) for CTIMER0_DriverIRQHandler
    debug\startup_lpc54608.o(.text) refers to debug\fsl_ctimer.o(i.CTIMER1_DriverIRQHandler) for CTIMER1_DriverIRQHandler
    debug\startup_lpc54608.o(.text) refers to debug\fsl_ctimer.o(i.CTIMER3_DriverIRQHandler) for CTIMER3_DriverIRQHandler
    debug\startup_lpc54608.o(.text) refers to debug\fsl_flexcomm.o(i.FLEXCOMM0_DriverIRQHandler) for FLEXCOMM0_DriverIRQHandler
    debug\startup_lpc54608.o(.text) refers to debug\fsl_flexcomm.o(i.FLEXCOMM1_DriverIRQHandler) for FLEXCOMM1_DriverIRQHandler
    debug\startup_lpc54608.o(.text) refers to debug\fsl_flexcomm.o(i.FLEXCOMM2_DriverIRQHandler) for FLEXCOMM2_DriverIRQHandler
    debug\startup_lpc54608.o(.text) refers to debug\fsl_flexcomm.o(i.FLEXCOMM3_DriverIRQHandler) for FLEXCOMM3_DriverIRQHandler
    debug\startup_lpc54608.o(.text) refers to debug\fsl_flexcomm.o(i.FLEXCOMM4_DriverIRQHandler) for FLEXCOMM4_DriverIRQHandler
    debug\startup_lpc54608.o(.text) refers to debug\fsl_flexcomm.o(i.FLEXCOMM5_DriverIRQHandler) for FLEXCOMM5_DriverIRQHandler
    debug\startup_lpc54608.o(.text) refers to debug\fsl_dmic.o(i.DMIC0_DriverIRQHandler) for DMIC0_DriverIRQHandler
    debug\startup_lpc54608.o(.text) refers to debug\fsl_pint.o(i.PIN_INT4_DriverIRQHandler) for PIN_INT4_DriverIRQHandler
    debug\startup_lpc54608.o(.text) refers to debug\fsl_pint.o(i.PIN_INT5_DriverIRQHandler) for PIN_INT5_DriverIRQHandler
    debug\startup_lpc54608.o(.text) refers to debug\fsl_pint.o(i.PIN_INT6_DriverIRQHandler) for PIN_INT6_DriverIRQHandler
    debug\startup_lpc54608.o(.text) refers to debug\fsl_pint.o(i.PIN_INT7_DriverIRQHandler) for PIN_INT7_DriverIRQHandler
    debug\startup_lpc54608.o(.text) refers to debug\fsl_ctimer.o(i.CTIMER2_DriverIRQHandler) for CTIMER2_DriverIRQHandler
    debug\startup_lpc54608.o(.text) refers to debug\fsl_ctimer.o(i.CTIMER4_DriverIRQHandler) for CTIMER4_DriverIRQHandler
    debug\startup_lpc54608.o(.text) refers to debug\fsl_flexcomm.o(i.FLEXCOMM8_DriverIRQHandler) for FLEXCOMM8_DriverIRQHandler
    debug\startup_lpc54608.o(.text) refers to debug\fsl_flexcomm.o(i.FLEXCOMM9_DriverIRQHandler) for FLEXCOMM9_DriverIRQHandler
    debug\startup_lpc54608.o(.text) refers to debug\fsl_sdif.o(i.SDIO_DriverIRQHandler) for SDIO_DriverIRQHandler
    debug\startup_lpc54608.o(.text) refers to debug\fsl_mcan.o(i.CAN0_IRQ0_DriverIRQHandler) for CAN0_IRQ0_DriverIRQHandler
    debug\startup_lpc54608.o(.text) refers to debug\fsl_mcan.o(i.CAN0_IRQ1_DriverIRQHandler) for CAN0_IRQ1_DriverIRQHandler
    debug\startup_lpc54608.o(.text) refers to debug\fsl_mcan.o(i.CAN1_IRQ0_DriverIRQHandler) for CAN1_IRQ0_DriverIRQHandler
    debug\startup_lpc54608.o(.text) refers to debug\fsl_mcan.o(i.CAN1_IRQ1_DriverIRQHandler) for CAN1_IRQ1_DriverIRQHandler
    debug\startup_lpc54608.o(.text) refers to debug\fsl_enet.o(i.ETHERNET_DriverIRQHandler) for ETHERNET_DriverIRQHandler
[...]
    eGFX_DrawCharacterColored                0x00009c1b   Thumb Code    76  debug\egfx.o(i.eGFX_DrawCharacterColored)
    eGFX_DrawCircle                          0x00009c67   Thumb Code   294  debug\egfx.o(i.eGFX_DrawCircle)
    eGFX_DrawFilledBox                       0x00009d8d   Thumb Code    48  debug\egfx.o(i.eGFX_DrawFilledBox)
    eGFX_DrawHline                           0x00009dbd   Thumb Code   114  debug\egfx.o(i.eGFX_DrawHline)
    eGFX_DrawLine                            0x00009e2f   Thumb Code   294  debug\egfx.o(i.eGFX_DrawLine)
    eGFX_DrawString                          0x00009f55   Thumb Code    76  debug\egfx.o(i.eGFX_DrawString)
    eGFX_DrawStringColored                   0x00009fa1   Thumb Code    76  debug\egfx.o(i.eGFX_DrawStringColored)
    eGFX_DrawVline                           0x00009fed   Thumb Code    96  debug\egfx.o(i.eGFX_DrawVline)
    eGFX_Dump                                0x0000a04d   Thumb Code    68  debug\egfx_driver_lpcxpresso_54608.o(i.eGFX_Dump)
    eGFX_GetPixel                            0x0000a09d   Thumb Code   334  debug\egfx.o(i.eGFX_GetPixel)
    eGFX_GetStringWidth                      0x0000a1eb   Thumb Code    66  debug\egfx.o(i.eGFX_GetStringWidth)
    eGFX_ImagePlaneInit                      0x0000a22d   Thumb Code    14  debug\egfx.o(i.eGFX_ImagePlaneInit)
    eGFX_ImagePlane_Clear                    0x0000a23b   Thumb Code   206  debug\egfx.o(i.eGFX_ImagePlane_Clear)
    eGFX_InitDriver                          0x0000a309   Thumb Code    56  debug\egfx_driver_lpcxpresso_54608.o(i.eGFX_InitDriver)
    eGFX_PutPixel                            0x0000a349   Thumb Code   350  debug\egfx.o(i.eGFX_PutPixel)
    eGFX_WaitForVSync                        0x0000a4a9   Thumb Code    12  debug\egfx_driver_lpcxpresso_54608.o(i.eGFX_WaitForVSync)
    eGFX_printf                              0x0000a4b9   Thumb Code    68  debug\egfx.o(i.eGFX_printf)
    eGFX_printf_HorizontalCentered_Colored   0x0000a501   Thumb Code    88  debug\egfx.o(i.eGFX_printf_HorizontalCentered_Colored)
    enable_quad_mode                         0x0000a55d   Thumb Code    34  debug\board.o(i.enable_quad_mode)
    main                                     0x0000a5e5   Thumb Code   556  debug\main.o(i.main)
    merge_rfft_f32                           0x0000a839   Thumb Code   160  ../CMSIS-DSP/LIB/CMSIS_DSP_4_5_O3.lib(arm_rfft_fast_f32.o)(i.merge_rfft_f32)
    stage_rfft_f32                           0x0000ab3d   Thumb Code   170  ../CMSIS-DSP/LIB/CMSIS_DSP_4_5_O3.lib(arm_rfft_fast_f32.o)(i.stage_rfft_f32)
    g_I2S_Mclk_Freq                          0x0000abe8   Data           4  debug\fsl_clock.o(.constdata)
    g_Ext_Clk_Freq                           0x0000abec   Data           4  debug\fsl_clock.o(.constdata)
    g_Lcd_Clk_In_Freq                        0x0000abf0   Data           4  debug\fsl_clock.o(.constdata)
    kFlexcommIrqs                            0x0000ac88   Data          10  debug\fsl_flexcomm.o(.constdata)
    OCR_A_Extended__20px__Bold__SingleBitPerPixelGridFit_1BPP_FontElement_space_Data 0x0000ad24   Data          20  debug\ocr_a_extended__20px__bold__singlebitperpixelgridfit_1bpp.o(.constdata)
    OCR_A_Extended__20px__Bold__SingleBitPerPixelGridFit_1BPP_FontElement_space 0x0000ad38   Data          12  debug\ocr_a_extended__20px__bold__singlebitperpixelgridfit_1bpp.o(.constdata)
    OCR_A_Extended__20px__Bold__SingleBitPerPixelGridFit_1BPP_FontElement_exclamation_point_Data 0x0000ad44   Data          20  debug\ocr_a_extended__20px__bold__singlebitperpixelgridfit_1bpp.o(.constdata)
    OCR_A_Extended__20px__Bold__SingleBitPerPixelGridFit_1BPP_FontElement_exclamation_point 0x0000ad58   Data          12  debug\ocr_a_extended__20px__bold__singlebitperpixelgridfit_1bpp.o(.constdata)
    OCR_A_Extended__20px__Bold__SingleBitPerPixelGridFit_1BPP_FontElement_double_quotes_Data 0x0000ad64   Data          20  debug\ocr_a_extended__20px__bold__singlebitperpixelgridfit_1bpp.o(.constdata)
    OCR_A_Extended__20px__Bold__SingleBitPerPixelGridFit_1BPP_FontElement_double_quotes 0x0000ad78   Data          12  debug\ocr_a_extended__20px__bold__singlebitperpixelgridfit_1bpp.o(.constdata)
    OCR_A_Extended__20px__Bold__SingleBitPerPixelGridFit_1BPP_FontElement_pound_Data 0x0000ad84   Data          40  debug\ocr_a_extended__20px__bold__singlebitperpixelgridfit_1bpp.o(.constdata)
    OCR_A_Extended__20px__Bold__SingleBitPerPixelGridFit_1BPP_FontElement_pound 0x0000adac   Data          12  debug\ocr_a_extended__20px__bold__singlebitperpixelgridfit_1bpp.o(.constdata)
    OCR_A_Extended__20px__Bold__SingleBitPerPixelGridFit_1BPP_FontElement_dollar_sign_Data 0x0000adb8   Data          20  debug\ocr_a_extended__20px__bold__singlebitperpixelgridfit_1bpp.o(.constdata)
    OCR_A_Extended__20px__Bold__SingleBitPerPixelGridFit_1BPP_FontElement_dollar_sign 0x0000adcc   Data          12  debug\ocr_a_extended__20px__bold__singlebitperpixelgridfit_1bpp.o(.constdata)
    OCR_A_Extended__20px__Bold__SingleBitPerPixelGridFit_1BPP_FontElement_precent_sign_Data 0x0000add8   Data          20  debug\ocr_a_extended__20px__bold__singlebitperpixelgridfit_1bpp.o(.constdata)
    OCR_A_Extended__20px__Bold__SingleBitPerPixelGridFit_1BPP_FontElement_precent_sign 0x0000adec   Data          12  debug\ocr_a_extended__20px__bold__singlebitperpixelgridfit_1bpp.o(.constdata)
    OCR_A_Extended__20px__Bold__SingleBitPerPixelGridFit_1BPP_FontElement_ampersand_Data 0x0000adf8   Data          20  debug\ocr_a_extended__20px__bold__singlebitperpixelgridfit_1bpp.o(.constdata)
    OCR_A_Extended__20px__Bold__SingleBitPerPixelGridFit_1BPP_FontElement_ampersand 0x0000ae0c   Data          12  debug\ocr_a_extended__20px__bold__singlebitperpixelgridfit_1bpp.o(.constdata)
    OCR_A_Extended__20px__Bold__SingleBitPerPixelGridFit_1BPP_FontElement_single_quote_Data 0x0000ae18   Data          20  debug\ocr_a_extended__20px__bold__singlebitperpixelgridfit_1bpp.o(.constdata)
    OCR_A_Extended__20px__Bold__SingleBitPerPixelGridFit_1BPP_FontElement_single_quote 0x0000ae2c   Data          12  debug\ocr_a_extended__20px__bold__singlebitperpixelgridfit_1bpp.o(.constdata)
    OCR_A_Extended__20px__Bold__SingleBitPerPixelGridFit_1BPP_FontElement_left_parenthesis_Data 0x0000ae38   Data          20  debug\ocr_a_extended__20px__bold__singlebitperpixelgridfit_1bpp.o(.constdata)
    OCR_A_Extended__20px__Bold__SingleBitPerPixelGridFit_1BPP_FontElement_left_parenthesis 0x0000ae4c   Data          12  debug\ocr_a_extended__20px__bold__singlebitperpixelgridfit_1bpp.o(.constdata)
    OCR_A_Extended__20px__Bold__SingleBitPerPixelGridFit_1BPP_FontElement_right_parenthesis_Data 0x0000ae58   Data          20  debug\ocr_a_extended__20px__bold__singlebitperpixelgridfit_1bpp.o(.constdata)
    OCR_A_Extended__20px__Bold__SingleBitPerPixelGridFit_1BPP_FontElement_right_parenthesis 0x0000ae6c   Data          12  debug\ocr_a_extended__20px__bold__singlebitperpixelgridfit_1bpp.o(.constdata)
    OCR_A_Extended__20px__Bold__SingleBitPerPixelGridFit_1BPP_FontElement_star_Data 0x0000ae78   Data          20  debug\ocr_a_extended__20px__bold__singlebitperpixelgridfit_1bpp.o(.constdata)
    OCR_A_Extended__20px__Bold__SingleBitPerPixelGridFit_1BPP_FontElement_star 0x0000ae8c   Data          12  debug\ocr_a_extended__20px__bold__singlebitperpixelgridfit_1bpp.o(.constdata)
    OCR_A_Extended__20px__Bold__SingleBitPerPixelGridFit_1BPP_FontElement_plus_Data 0x0000ae98   Data          20  debug\ocr_a_extended__20px__bold__singlebitperpixelgridfit_1bpp.o(.constdata)
    OCR_A_Extended__20px__Bold__SingleBitPerPixelGridFit_1BPP_FontElement_plus 0x0000aeac   Data          12  debug\ocr_a_extended__20px__bold__singlebitperpixelgridfit_1bpp.o(.constdata)
    OCR_A_Extended__20px__Bold__SingleBitPerPixelGridFit_1BPP_FontElement_comma_Data 0x0000aeb8   Data          20  debug\ocr_a_extended__20px__bold__singlebitperpixelgridfit_1bpp.o(.constdata)
    OCR_A_Extended__20px__Bold__SingleBitPerPixelGridFit_1BPP_FontElement_comma 0x0000aecc   Data          12  debug\ocr_a_extended__20px__bold__singlebitperpixelgridfit_1bpp.o(.constdata)
    OCR_A_Extended__20px__Bold__SingleBitPerPixelGridFit_1BPP_FontElement_dash_Data 0x0000aed8   Data          20  debug\ocr_a_extended__20px__bold__singlebitperpixelgridfit_1bpp.o(.constdata)
    OCR_A_Extended__20px__Bold__SingleBitPerPixelGridFit_1BPP_FontElement_dash 0x0000aeec   Data          12  debug\ocr_a_extended__20px__bold__singlebitperpixelgridfit_1bpp.o(.constdata)
    OCR_A_Extended__20px__Bold__SingleBitPerPixelGridFit_1BPP_FontElement_period_Data 0x0000aef8   Data          20  debug\ocr_a_extended__20px__bold__singlebitperpixelgridfit_1bpp.o(.constdata)
    OCR_A_Extended__20px__Bold__SingleBitPerPixelGridFit_1BPP_FontElement_period 0x0000af0c   Data          12  debug\ocr_a_extended__20px__bold__singlebitperpixelgridfit_1bpp.o(.constdata)
    OCR_A_Extended__20px__Bold__SingleBitPerPixelGridFit_1BPP_FontElement_forward_slash_Data 0x0000af18   Data          20  debug\ocr_a_extended__20px__bold__singlebitperpixelgridfit_1bpp.o(.constdata)
    OCR_A_Extended__20px__Bold__SingleBitPerPixelGridFit_1BPP_FontElement_forward_slash 0x0000af2c   Data          12  debug\ocr_a_extended__20px__bold__singlebitperpixelgridfit_1bpp.o(.constdata)
    OCR_A_Extended__20px__Bold__SingleBitPerPixelGridFit_1BPP_FontElement_0_Data 0x0000af38   Data          20  debug\ocr_a_extended__20px__bold__singlebitperpixelgridfit_1bpp.o(.constdata)
    OCR_A_Extended__20px__Bold__SingleBitPerPixelGridFit_1BPP_FontElement_0 0x0000af4c   Data          12  debug\ocr_a_extended__20px__bold__singlebitperpixelgridfit_1bpp.o(.constdata)
    OCR_A_Extended__20px__Bold__SingleBitPerPixelGridFit_1BPP_FontElement_1_Data 0x0000af58   Data          20  debug\ocr_a_extended__20px__bold__singlebitperpixelgridfit_1bpp.o(.constdata)
    OCR_A_Extended__20px__Bold__SingleBitPerPixelGridFit_1BPP_FontElement_1 0x0000af6c   Data          12  debug\ocr_a_extended__20px__bold__singlebitperpixelgridfit_1bpp.o(.constdata)
    OCR_A_Extended__20px__Bold__SingleBitPerPixelGridFit_1BPP_FontElement_2_Data 0x0000af78   Data          20  debug\ocr_a_extended__20px__bold__singlebitperpixelgridfit_1bpp.o(.constdata)
    OCR_A_Extended__20px__Bold__SingleBitPerPixelGridFit_1BPP_FontElement_2 0x0000af8c   Data          12  debug\ocr_a_extended__20px__bold__singlebitperpixelgridfit_1bpp.o(.constdata)
    OCR_A_Extended__20px__Bold__SingleBitPerPixelGridFit_1BPP_FontElement_3_Data 0x0000af98   Data          40  debug\ocr_a_extended__20px__bold__singlebitperpixelgridfit_1bpp.o(.constdata)
    OCR_A_Extended__20px__Bold__SingleBitPerPixelGridFit_1BPP_FontElement_3 0x0000afc0   Data          12  debug\ocr_a_extended__20px__bold__singlebitperpixelgridfit_1bpp.o(.constdata)
    OCR_A_Extended__20px__Bold__SingleBitPerPixelGridFit_1BPP_FontElement_4_Data 0x0000afcc   Data          20  debug\ocr_a_extended__20px__bold__singlebitperpixelgridfit_1bpp.o(.constdata)
    OCR_A_Extended__20px__Bold__SingleBitPerPixelGridFit_1BPP_FontElement_4 0x0000afe0   Data          12  debug\ocr_a_extended__20px__bold__singlebitperpixelgridfit_1bpp.o(.constdata)
    OCR_A_Extended__20px__Bold__SingleBitPerPixelGridFit_1BPP_FontElement_5_Data 0x0000afec   Data          20  debug\ocr_a_extended__20px__bold__singlebitperpixelgridfit_1bpp.o(.constdata)
    OCR_A_Extended__20px__Bold__SingleBitPerPixelGridFit_1BPP_FontElement_5 0x0000b000   Data          12  debug\ocr_a_extended__20px__bold__singlebitperpixelgridfit_1bpp.o(.constdata)
    OCR_A_Extended__20px__Bold__SingleBitPerPixelGridFit_1BPP_FontElement_6_Data 0x0000b00c   Data          20  debug\ocr_a_extended__20px__bold__singlebitperpixelgridfit_1bpp.o(.constdata)
    OCR_A_Extended__20px__Bold__SingleBitPerPixelGridFit_1BPP_FontElement_6 0x0000b020   Data          12  debug\ocr_a_extended__20px__bold__singlebitperpixelgridfit_1bpp.o(.constdata)
    OCR_A_Extended__20px__Bold__SingleBitPerPixelGridFit_1BPP_FontElement_7_Data 0x0000b02c   Data          20  debug\ocr_a_extended__20px__bold__singlebitperpixelgridfit_1bpp.o(.constdata)
    OCR_A_Extended__20px__Bold__SingleBitPerPixelGridFit_1BPP_FontElement_7 0x0000b040   Data          12  debug\ocr_a_extended__20px__bold__singlebitperpixelgridfit_1bpp.o(.constdata)
    OCR_A_Extended__20px__Bold__SingleBitPerPixelGridFit_1BPP_FontElement_8_Data 0x0000b04c   Data          20  debug\ocr_a_extended__20px__bold__singlebitperpixelgridfit_1bpp.o(.constdata)
    OCR_A_Extended__20px__Bold__SingleBitPerPixelGridFit_1BPP_FontElement_8 0x0000b060   Data          12  debug\ocr_a_extended__20px__bold__singlebitperpixelgridfit_1bpp.o(.constdata)
    OCR_A_Extended__20px__Bold__SingleBitPerPixelGridFit_1BPP_FontElement_9_Data 0x0000b06c   Data          20  debug\ocr_a_extended__20px__bold__singlebitperpixelgridfit_1bpp.o(.constdata)
    OCR_A_Extended__20px__Bold__SingleBitPerPixelGridFit_1BPP_FontElement_9 0x0000b080   Data          12  debug\ocr_a_extended__20px__bold__singlebitperpixelgridfit_1bpp.o(.constdata)
    OCR_A_Extended__20px__Bold__SingleBitPerPixelGridFit_1BPP_FontElement_colon_Data 0x0000b08c   Data          20  debug\ocr_a_extended__20px__bold__singlebitperpixelgridfit_1bpp.o(.constdata)
    OCR_A_Extended__20px__Bold__SingleBitPerPixelGridFit_1BPP_FontElement_colon 0x0000b0a0   Data          12  debug\ocr_a_extended__20px__bold__singlebitperpixelgridfit_1bpp.o(.constdata)
    OCR_A_Extended__20px__Bold__SingleBitPerPixelGridFit_1BPP_FontElement_semicolon_Data 0x0000b0ac   Data          20  debug\ocr_a_extended__20px__bold__singlebitperpixelgridfit_1bpp.o(.constdata)
    OCR_A_Extended__20px__Bold__SingleBitPerPixelGridFit_1BPP_FontElement_semicolon 0x0000b0c0   Data          12  debug\ocr_a_extended__20px__bold__singlebitperpixelgridfit_1bpp.o(.constdata)
    OCR_A_Extended__20px__Bold__SingleBitPerPixelGridFit_1BPP_FontElement_less_than_Data 0x0000b0cc   Data          20  debug\ocr_a_extended__20px__bold__singlebitperpixelgridfit_1bpp.o(.constdata)
    OCR_A_Extended__20px__Bold__SingleBitPerPixelGridFit_1BPP_FontElement_less_than 0x0000b0e0   Data          12  debug\ocr_a_extended__20px__bold__singlebitperpixelgridfit_1bpp.o(.constdata)
    OCR_A_Extended__20px__Bold__SingleBitPerPixelGridFit_1BPP_FontElement_equals_Data 0x0000b0ec   Data          20  debug\ocr_a_extended__20px__bold__singlebitperpixelgridfit_1bpp.o(.constdata)
    OCR_A_Extended__20px__Bold__SingleBitPerPixelGridFit_1BPP_FontElement_equals 0x0000b100   Data          12  debug\ocr_a_extended__20px__bold__singlebitperpixelgridfit_1bpp.o(.constdata)
    OCR_A_Extended__20px__Bold__SingleBitPerPixelGridFit_1BPP_FontElement_great_than_Data 0x0000b10c   Data          20  debug\ocr_a_extended__20px__bold__singlebitperpixelgridfit_1bpp.o(.constdata)
    OCR_A_Extended__20px__Bold__SingleBitPerPixelGridFit_1BPP_FontElement_great_than 0x0000b120   Data          12  debug\ocr_a_extended__20px__bold__singlebitperpixelgridfit_1bpp.o(.constdata)
    OCR_A_Extended__20px__Bold__SingleBitPerPixelGridFit_1BPP_FontElement_question_mark_Data 0x0000b12c   Data          20  debug\ocr_a_extended__20px__bold__singlebitperpixelgridfit_1bpp.o(.constdata)
    OCR_A_Extended__20px__Bold__SingleBitPerPixelGridFit_1BPP_FontElement_question_mark 0x0000b140   Data          12  debug\ocr_a_extended__20px__bold__singlebitperpixelgridfit_1bpp.o(.constdata)
    OCR_A_Extended__20px__Bold__SingleBitPerPixelGridFit_1BPP_FontElement_at_Data 0x0000b14c   Data          20  debug\ocr_a_extended__20px__bold__singlebitperpixelgridfit_1bpp.o(.constdata)
    OCR_A_Extended__20px__Bold__SingleBitPerPixelGridFit_1BPP_FontElement_at 0x0000b160   Data          12  debug\ocr_a_extended__20px__bold__singlebitperpixelgridfit_1bpp.o(.constdata)
    OCR_A_Extended__20px__Bold__SingleBitPerPixelGridFit_1BPP_FontElement_uc_A_Data 0x0000b16c   Data          20  debug\ocr_a_extended__20px__bold__singlebitperpixelgridfit_1bpp.o(.constdata)
    OCR_A_Extended__20px__Bold__SingleBitPerPixelGridFit_1BPP_FontElement_uc_A 0x0000b180   Data          12  debug\ocr_a_extended__20px__bold__singlebitperpixelgridfit_1bpp.o(.constdata)
    OCR_A_Extended__20px__Bold__SingleBitPerPixelGridFit_1BPP_FontElement_uc_B_Data 0x0000b18c   Data          20  debug\ocr_a_extended__20px__bold__singlebitperpixelgridfit_1bpp.o(.constdata)
    OCR_A_Extended__20px__Bold__SingleBitPerPixelGridFit_1BPP_FontElement_uc_B 0x0000b1a0   Data          12  debug\ocr_a_extended__20px__bold__singlebitperpixelgridfit_1bpp.o(.constdata)
    OCR_A_Extended__20px__Bold__SingleBitPerPixelGridFit_1BPP_FontElement_uc_C_Data 0x0000b1ac   Data          20  debug\ocr_a_extended__20px__bold__singlebitperpixelgridfit_1bpp.o(.constdata)
    OCR_A_Extended__20px__Bold__SingleBitPerPixelGridFit_1BPP_FontElement_uc_C 0x0000b1c0   Data          12  debug\ocr_a_extended__20px__bold__singlebitperpixelgridfit_1bpp.o(.constdata)
    OCR_A_Extended__20px__Bold__SingleBitPerPixelGridFit_1BPP_FontElement_uc_D_Data 0x0000b1cc   Data          20  debug\ocr_a_extended__20px__bold__singlebitperpixelgridfit_1bpp.o(.constdata)
    OCR_A_Extended__20px__Bold__SingleBitPerPixelGridFit_1BPP_FontElement_uc_D 0x0000b1e0   Data          12  debug\ocr_a_extended__20px__bold__singlebitperpixelgridfit_1bpp.o(.constdata)
    OCR_A_Extended__20px__Bold__SingleBitPerPixelGridFit_1BPP_FontElement_uc_E_Data 0x0000b1ec   Data          20  debug\ocr_a_extended__20px__bold__singlebitperpixelgridfit_1bpp.o(.constdata)
    OCR_A_Extended__20px__Bold__SingleBitPerPixelGridFit_1BPP_FontElement_uc_E 0x0000b200   Data          12  debug\ocr_a_extended__20px__bold__singlebitperpixelgridfit_1bpp.o(.constdata)
    OCR_A_Extended__20px__Bold__SingleBitPerPixelGridFit_1BPP_FontElement_uc_F_Data 0x0000b20c   Data          20  debug\ocr_a_extended__20px__bold__singlebitperpixelgridfit_1bpp.o(.constdata)
    OCR_A_Extended__20px__Bold__SingleBitPerPixelGridFit_1BPP_FontElement_uc_F 0x0000b220   Data          12  debug\ocr_a_extended__20px__bold__singlebitperpixelgridfit_1bpp.o(.constdata)
    OCR_A_Extended__20px__Bold__SingleBitPerPixelGridFit_1BPP_FontElement_uc_G_Data 0x0000b22c   Data          20  debug\ocr_a_extended__20px__bold__singlebitperpixelgridfit_1bpp.o(.constdata)
    OCR_A_Extended__20px__Bold__SingleBitPerPixelGridFit_1BPP_FontElement_uc_G 0x0000b240   Data          12  debug\ocr_a_extended__20px__bold__singlebitperpixelgridfit_1bpp.o(.constdata)
    OCR_A_Extended__20px__Bold__SingleBitPerPixelGridFit_1BPP_FontElement_uc_H_Data 0x0000b24c   Data          20  debug\ocr_a_extended__20px__bold__singlebitperpixelgridfit_1bpp.o(.constdata)
    OCR_A_Extended__20px__Bold__SingleBitPerPixelGridFit_1BPP_FontElement_uc_H 0x0000b260   Data          12  debug\ocr_a_extended__20px__bold__singlebitperpixelgridfit_1bpp.o(.constdata)
    OCR_A_Extended__20px__Bold__SingleBitPerPixelGridFit_1BPP_FontElement_uc_I_Data 0x0000b26c   Data          20  debug\ocr_a_extended__20px__bold__singlebitperpixelgridfit_1bpp.o(.constdata)
    OCR_A_Extended__20px__Bold__SingleBitPerPixelGridFit_1BPP_FontElement_uc_I 0x0000b280   Data          12  debug\ocr_a_extended__20px__bold__singlebitperpixelgridfit_1bpp.o(.constdata)
    OCR_A_Extended__20px__Bold__SingleBitPerPixelGridFit_1BPP_FontElement_uc_J_Data 0x0000b28c   Data          20  debug\ocr_a_extended__20px__bold__singlebitperpixelgridfit_1bpp.o(.constdata)
    OCR_A_Extended__20px__Bold__SingleBitPerPixelGridFit_1BPP_FontElement_uc_J 0x0000b2a0   Data          12  debug\ocr_a_extended__20px__bold__singlebitperpixelgridfit_1bpp.o(.constdata)
    OCR_A_Extended__20px__Bold__SingleBitPerPixelGridFit_1BPP_FontElement_uc_K_Data 0x0000b2ac   Data          20  debug\ocr_a_extended__20px__bold__singlebitperpixelgridfit_1bpp.o(.constdata)
    OCR_A_Extended__20px__Bold__SingleBitPerPixelGridFit_1BPP_FontElement_uc_K 0x0000b2c0   Data          12  debug\ocr_a_extended__20px__bold__singlebitperpixelgridfit_1bpp.o(.constdata)
    OCR_A_Extended__20px__Bold__SingleBitPerPixelGridFit_1BPP_FontElement_uc_L_Data 0x0000b2cc   Data          20  debug\ocr_a_extended__20px__bold__singlebitperpixelgridfit_1bpp.o(.constdata)
    OCR_A_Extended__20px__Bold__SingleBitPerPixelGridFit_1BPP_FontElement_uc_L 0x0000b2e0   Data          12  debug\ocr_a_extended__20px__bold__singlebitperpixelgridfit_1bpp.o(.constdata)
    OCR_A_Extended__20px__Bold__SingleBitPerPixelGridFit_1BPP_FontElement_uc_M_Data 0x0000b2ec   Data          20  debug\ocr_a_extended__20px__bold__singlebitperpixelgridfit_1bpp.o(.constdata)
    OCR_A_Extended__20px__Bold__SingleBitPerPixelGridFit_1BPP_FontElement_uc_M 0x0000b300   Data          12  debug\ocr_a_extended__20px__bold__singlebitperpixelgridfit_1bpp.o(.constdata)
    OCR_A_Extended__20px__Bold__SingleBitPerPixelGridFit_1BPP_FontElement_uc_N_Data 0x0000b30c   Data          20  debug\ocr_a_extended__20px__bold__singlebitperpixelgridfit_1bpp.o(.constdata)
    OCR_A_Extended__20px__Bold__SingleBitPerPixelGridFit_1BPP_FontElement_uc_N 0x0000b320   Data          12  debug\ocr_a_extended__20px__bold__singlebitperpixelgridfit_1bpp.o(.constdata)
    OCR_A_Extended__20px__Bold__SingleBitPerPixelGridFit_1BPP_FontElement_uc_O_Data 0x0000b32c   Data          20  debug\ocr_a_extended__20px__bold__singlebitperpixelgridfit_1bpp.o(.constdata)
    OCR_A_Extended__20px__Bold__SingleBitPerPixelGridFit_1BPP_FontElement_uc_O 0x0000b340   Data          12  debug\ocr_a_extended__20px__bold__singlebitperpixelgridfit_1bpp.o(.constdata)
    OCR_A_Extended__20px__Bold__SingleBitPerPixelGridFit_1BPP_FontElement_uc_P_Data 0x0000b34c   Data          20  debug\ocr_a_extended__20px__bold__singlebitperpixelgridfit_1bpp.o(.constdata)
    OCR_A_Extended__20px__Bold__SingleBitPerPixelGridFit_1BPP_FontElement_uc_P 0x0000b360   Data          12  debug\ocr_a_extended__20px__bold__singlebitperpixelgridfit_1bpp.o(.constdata)
    OCR_A_Extended__20px__Bold__SingleBitPerPixelGridFit_1BPP_FontElement_uc_Q_Data 0x0000b36c   Data          20  debug\ocr_a_extended__20px__bold__singlebitperpixelgridfit_1bpp.o(.constdata)
    OCR_A_Extended__20px__Bold__SingleBitPerPixelGridFit_1BPP_FontElement_uc_Q 0x0000b380   Data          12  debug\ocr_a_extended__20px__bold__singlebitperpixelgridfit_1bpp.o(.constdata)
    OCR_A_Extended__20px__Bold__SingleBitPerPixelGridFit_1BPP_FontElement_uc_R_Data 0x0000b38c   Data          20  debug\ocr_a_extended__20px__bold__singlebitperpixelgridfit_1bpp.o(.constdata)
    OCR_A_Extended__20px__Bold__SingleBitPerPixelGridFit_1BPP_FontElement_uc_R 0x0000b3a0   Data          12  debug\ocr_a_extended__20px__bold__singlebitperpixelgridfit_1bpp.o(.constdata)
    OCR_A_Extended__20px__Bold__SingleBitPerPixelGridFit_1BPP_FontElement_uc_S_Data 0x0000b3ac   Data          20  debug\ocr_a_extended__20px__bold__singlebitperpixelgridfit_1bpp.o(.constdata)
    OCR_A_Extended__20px__Bold__SingleBitPerPixelGridFit_1BPP_FontElement_uc_S 0x0000b3c0   Data          12  debug\ocr_a_extended__20px__bold__singlebitperpixelgridfit_1bpp.o(.constdata)
    OCR_A_Extended__20px__Bold__SingleBitPerPixelGridFit_1BPP_FontElement_uc_T_Data 0x0000b3cc   Data          20  debug\ocr_a_extended__20px__bold__singlebitperpixelgridfit_1bpp.o(.constdata)
    OCR_A_Extended__20px__Bold__SingleBitPerPixelGridFit_1BPP_FontElement_uc_T 0x0000b3e0   Data          12  debug\ocr_a_extended__20px__bold__singlebitperpixelgridfit_1bpp.o(.constdata)
    OCR_A_Extended__20px__Bold__SingleBitPerPixelGridFit_1BPP_FontElement_uc_U_Data 0x0000b3ec   Data          20  debug\ocr_a_extended__20px__bold__singlebitperpixelgridfit_1bpp.o(.constdata)
    OCR_A_Extended__20px__Bold__SingleBitPerPixelGridFit_1BPP_FontElement_uc_U 0x0000b400   Data          12  debug\ocr_a_extended__20px__bold__singlebitperpixelgridfit_1bpp.o(.constdata)
    OCR_A_Extended__20px__Bold__SingleBitPerPixelGridFit_1BPP_FontElement_uc_V_Data 0x0000b40c   Data          20  debug\ocr_a_extended__20px__bold__singlebitperpixelgridfit_1bpp.o(.constdata)
    OCR_A_Extended__20px__Bold__SingleBitPerPixelGridFit_1BPP_FontElement_uc_V 0x0000b420   Data          12  debug\ocr_a_extended__20px__bold__singlebitperpixelgridfit_1bpp.o(.constdata)
    OCR_A_Extended__20px__Bold__SingleBitPerPixelGridFit_1BPP_FontElement_uc_W_Data 0x0000b42c   Data          40  debug\ocr_a_extended__20px__bold__singlebitperpixelgridfit_1bpp.o(.constdata)
    OCR_A_Extended__20px__Bold__SingleBitPerPixelGridFit_1BPP_FontElement_uc_W 0x0000b454   Data          12  debug\ocr_a_extended__20px__bold__singlebitperpixelgridfit_1bpp.o(.constdata)
    OCR_A_Extended__20px__Bold__SingleBitPerPixelGridFit_1BPP_FontElement_uc_X_Data 0x0000b460   Data          20  debug\ocr_a_extended__20px__bold__singlebitperpixelgridfit_1bpp.o(.constdata)
    OCR_A_Extended__20px__Bold__SingleBitPerPixelGridFit_1BPP_FontElement_uc_X 0x0000b474   Data          12  debug\ocr_a_extended__20px__bold__singlebitperpixelgridfit_1bpp.o(.constdata)
    OCR_A_Extended__20px__Bold__SingleBitPerPixelGridFit_1BPP_FontElement_uc_Y_Data 0x0000b480   Data          20  debug\ocr_a_extended__20px__bold__singlebitperpixelgridfit_1bpp.o(.constdata)
    OCR_A_Extended__20px__Bold__SingleBitPerPixelGridFit_1BPP_FontElement_uc_Y 0x0000b494   Data          12  debug\ocr_a_extended__20px__bold__singlebitperpixelgridfit_1bpp.o(.constdata)
    OCR_A_Extended__20px__Bold__SingleBitPerPixelGridFit_1BPP_FontElement_uc_Z_Data 0x0000b4a0   Data          20  debug\ocr_a_extended__20px__bold__singlebitperpixelgridfit_1bpp.o(.constdata)
    OCR_A_Extended__20px__Bold__SingleBitPerPixelGridFit_1BPP_FontElement_uc_Z 0x0000b4b4   Data          12  debug\ocr_a_extended__20px__bold__singlebitperpixelgridfit_1bpp.o(.constdata)
    OCR_A_Extended__20px__Bold__SingleBitPerPixelGridFit_1BPP_FontElement_left_bracket_Data 0x0000b4c0   Data          20  debug\ocr_a_extended__20px__bold__singlebitperpixelgridfit_1bpp.o(.constdata)
    OCR_A_Extended__20px__Bold__SingleBitPerPixelGridFit_1BPP_FontElement_left_bracket 0x0000b4d4   Data          12  debug\ocr_a_extended__20px__bold__singlebitperpixelgridfit_1bpp.o(.constdata)
    OCR_A_Extended__20px__Bold__SingleBitPerPixelGridFit_1BPP_FontElement_backslash_Data 0x0000b4e0   Data          20  debug\ocr_a_extended__20px__bold__singlebitperpixelgridfit_1bpp.o(.constdata)
    OCR_A_Extended__20px__Bold__SingleBitPerPixelGridFit_1BPP_FontElement_backslash 0x0000b4f4   Data          12  debug\ocr_a_extended__20px__bold__singlebitperpixelgridfit_1bpp.o(.constdata)
    OCR_A_Extended__20px__Bold__SingleBitPerPixelGridFit_1BPP_FontElement_right_bracket_Data 0x0000b500   Data          20  debug\ocr_a_extended__20px__bold__singlebitperpixelgridfit_1bpp.o(.constdata)
    OCR_A_Extended__20px__Bold__SingleBitPerPixelGridFit_1BPP_FontElement_right_bracket 0x0000b514   Data          12  debug\ocr_a_extended__20px__bold__singlebitperpixelgridfit_1bpp.o(.constdata)
    OCR_A_Extended__20px__Bold__SingleBitPerPixelGridFit_1BPP_FontElement_carret_Data 0x0000b520   Data          20  debug\ocr_a_extended__20px__bold__singlebitperpixelgridfit_1bpp.o(.constdata)
    OCR_A_Extended__20px__Bold__SingleBitPerPixelGridFit_1BPP_FontElement_carret 0x0000b534   Data          12  debug\ocr_a_extended__20px__bold__singlebitperpixelgridfit_1bpp.o(.constdata)
    OCR_A_Extended__20px__Bold__SingleBitPerPixelGridFit_1BPP_FontElement_underscore_Data 0x0000b540   Data          40  debug\ocr_a_extended__20px__bold__singlebitperpixelgridfit_1bpp.o(.constdata)
    OCR_A_Extended__20px__Bold__SingleBitPerPixelGridFit_1BPP_FontElement_underscore 0x0000b568   Data          12  debug\ocr_a_extended__20px__bold__singlebitperpixelgridfit_1bpp.o(.constdata)
    OCR_A_Extended__20px__Bold__SingleBitPerPixelGridFit_1BPP_FontElement_slanted_single_quote_Data 0x0000b574   Data          20  debug\ocr_a_extended__20px__bold__singlebitperpixelgridfit_1bpp.o(.constdata)
    OCR_A_Extended__20px__Bold__SingleBitPerPixelGridFit_1BPP_FontElement_slanted_single_quote 0x0000b588   Data          12  debug\ocr_a_extended__20px__bold__singlebitperpixelgridfit_1bpp.o(.constdata)
    OCR_A_Extended__20px__Bold__SingleBitPerPixelGridFit_1BPP_FontElement_lc_a_Data 0x0000b594   Data          20  debug\ocr_a_extended__20px__bold__singlebitperpixelgridfit_1bpp.o(.constdata)
    OCR_A_Extended__20px__Bold__SingleBitPerPixelGridFit_1BPP_FontElement_lc_a 0x0000b5a8   Data          12  debug\ocr_a_extended__20px__bold__singlebitperpixelgridfit_1bpp.o(.constdata)
    OCR_A_Extended__20px__Bold__SingleBitPerPixelGridFit_1BPP_FontElement_lc_b_Data 0x0000b5b4   Data          20  debug\ocr_a_extended__20px__bold__singlebitperpixelgridfit_1bpp.o(.constdata)
    OCR_A_Extended__20px__Bold__SingleBitPerPixelGridFit_1BPP_FontElement_lc_b 0x0000b5c8   Data          12  debug\ocr_a_extended__20px__bold__singlebitperpixelgridfit_1bpp.o(.constdata)
    OCR_A_Extended__20px__Bold__SingleBitPerPixelGridFit_1BPP_FontElement_lc_c_Data 0x0000b5d4   Data          20  debug\ocr_a_extended__20px__bold__singlebitperpixelgridfit_1bpp.o(.constdata)
    OCR_A_Extended__20px__Bold__SingleBitPerPixelGridFit_1BPP_FontElement_lc_c 0x0000b5e8   Data          12  debug\ocr_a_extended__20px__bold__singlebitperpixelgridfit_1bpp.o(.constdata)
    OCR_A_Extended__20px__Bold__SingleBitPerPixelGridFit_1BPP_FontElement_lc_d_Data 0x0000b5f4   Data          20  debug\ocr_a_extended__20px__bold__singlebitperpixelgridfit_1bpp.o(.constdata)
    OCR_A_Extended__20px__Bold__SingleBitPerPixelGridFit_1BPP_FontElement_lc_d 0x0000b608   Data          12  debug\ocr_a_extended__20px__bold__singlebitperpixelgridfit_1bpp.o(.constdata)
    OCR_A_Extended__20px__Bold__SingleBitPerPixelGridFit_1BPP_FontElement_lc_e_Data 0x0000b614   Data          20  debug\ocr_a_extended__20px__bold__singlebitperpixelgridfit_1bpp.o(.constdata)
    OCR_A_Extended__20px__Bold__SingleBitPerPixelGridFit_1BPP_FontElement_lc_e 0x0000b628   Data          12  debug\ocr_a_extended__20px__bold__singlebitperpixelgridfit_1bpp.o(.constdata)
    OCR_A_Extended__20px__Bold__SingleBitPerPixelGridFit_1BPP_FontElement_lc_f_Data 0x0000b634   Data          20  debug\ocr_a_extended__20px__bold__singlebitperpixelgridfit_1bpp.o(.constdata)
    OCR_A_Extended__20px__Bold__SingleBitPerPixelGridFit_1BPP_FontElement_lc_f 0x0000b648   Data          12  debug\ocr_a_extended__20px__bold__singlebitperpixelgridfit_1bpp.o(.constdata)
    OCR_A_Extended__20px__Bold__SingleBitPerPixelGridFit_1BPP_FontElement_lc_g_Data 0x0000b654   Data          20  debug\ocr_a_extended__20px__bold__singlebitperpixelgridfit_1bpp.o(.constdata)
    OCR_A_Extended__20px__Bold__SingleBitPerPixelGridFit_1BPP_FontElement_lc_g 0x0000b668   Data          12  debug\ocr_a_extended__20px__bold__singlebitperpixelgridfit_1bpp.o(.constdata)
    OCR_A_Extended__20px__Bold__SingleBitPerPixelGridFit_1BPP_FontElement_lc_h_Data 0x0000b674   Data          20  debug\ocr_a_extended__20px__bold__singlebitperpixelgridfit_1bpp.o(.constdata)
    OCR_A_Extended__20px__Bold__SingleBitPerPixelGridFit_1BPP_FontElement_lc_h 0x0000b688   Data          12  debug\ocr_a_extended__20px__bold__singlebitperpixelgridfit_1bpp.o(.constdata)
    OCR_A_Extended__20px__Bold__SingleBitPerPixelGridFit_1BPP_FontElement_lc_i_Data 0x0000b694   Data          20  debug\ocr_a_extended__20px__bold__singlebitperpixelgridfit_1bpp.o(.constdata)
    OCR_A_Extended__20px__Bold__SingleBitPerPixelGridFit_1BPP_FontElement_lc_i 0x0000b6a8   Data          12  debug\ocr_a_extended__20px__bold__singlebitperpixelgridfit_1bpp.o(.constdata)
    OCR_A_Extended__20px__Bold__SingleBitPerPixelGridFit_1BPP_FontElement_lc_j_Data 0x0000b6b4   Data          20  debug\ocr_a_extended__20px__bold__singlebitperpixelgridfit_1bpp.o(.constdata)
    OCR_A_Extended__20px__Bold__SingleBitPerPixelGridFit_1BPP_FontElement_lc_j 0x0000b6c8   Data          12  debug\ocr_a_extended__20px__bold__singlebitperpixelgridfit_1bpp.o(.constdata)
    OCR_A_Extended__20px__Bold__SingleBitPerPixelGridFit_1BPP_FontElement_lc_k_Data 0x0000b6d4   Data          20  debug\ocr_a_extended__20px__bold__singlebitperpixelgridfit_1bpp.o(.constdata)
    OCR_A_Extended__20px__Bold__SingleBitPerPixelGridFit_1BPP_FontElement_lc_k 0x0000b6e8   Data          12  debug\ocr_a_extended__20px__bold__singlebitperpixelgridfit_1bpp.o(.constdata)
    OCR_A_Extended__20px__Bold__SingleBitPerPixelGridFit_1BPP_FontElement_lc_l_Data 0x0000b6f4   Data          20  debug\ocr_a_extended__20px__bold__singlebitperpixelgridfit_1bpp.o(.constdata)
    OCR_A_Extended__20px__Bold__SingleBitPerPixelGridFit_1BPP_FontElement_lc_l 0x0000b708   Data          12  debug\ocr_a_extended__20px__bold__singlebitperpixelgridfit_1bpp.o(.constdata)
    OCR_A_Extended__20px__Bold__SingleBitPerPixelGridFit_1BPP_FontElement_lc_m_Data 0x0000b714   Data          40  debug\ocr_a_extended__20px__bold__singlebitperpixelgridfit_1bpp.o(.constdata)
    OCR_A_Extended__20px__Bold__SingleBitPerPixelGridFit_1BPP_FontElement_lc_m 0x0000b73c   Data          12  debug\ocr_a_extended__20px__bold__singlebitperpixelgridfit_1bpp.o(.constdata)
    OCR_A_Extended__20px__Bold__SingleBitPerPixelGridFit_1BPP_FontElement_lc_n_Data 0x0000b748   Data          20  debug\ocr_a_extended__20px__bold__singlebitperpixelgridfit_1bpp.o(.constdata)
    OCR_A_Extended__20px__Bold__SingleBitPerPixelGridFit_1BPP_FontElement_lc_n 0x0000b75c   Data          12  debug\ocr_a_extended__20px__bold__singlebitperpixelgridfit_1bpp.o(.constdata)
    OCR_A_Extended__20px__Bold__SingleBitPerPixelGridFit_1BPP_FontElement_lc_o_Data 0x0000b768   Data          20  debug\ocr_a_extended__20px__bold__singlebitperpixelgridfit_1bpp.o(.constdata)
    OCR_A_Extended__20px__Bold__SingleBitPerPixelGridFit_1BPP_FontElement_lc_o 0x0000b77c   Data          12  debug\ocr_a_extended__20px__bold__singlebitperpixelgridfit_1bpp.o(.constdata)
    OCR_A_Extended__20px__Bold__SingleBitPerPixelGridFit_1BPP_FontElement_lc_p_Data 0x0000b788   Data          20  debug\ocr_a_extended__20px__bold__singlebitperpixelgridfit_1bpp.o(.constdata)
    OCR_A_Extended__20px__Bold__SingleBitPerPixelGridFit_1BPP_FontElement_lc_p 0x0000b79c   Data          12  debug\ocr_a_extended__20px__bold__singlebitperpixelgridfit_1bpp.o(.constdata)
    OCR_A_Extended__20px__Bold__SingleBitPerPixelGridFit_1BPP_FontElement_lc_q_Data 0x0000b7a8   Data          20  debug\ocr_a_extended__20px__bold__singlebitperpixelgridfit_1bpp.o(.constdata)
    OCR_A_Extended__20px__Bold__SingleBitPerPixelGridFit_1BPP_FontElement_lc_q 0x0000b7bc   Data          12  debug\ocr_a_extended__20px__bold__singlebitperpixelgridfit_1bpp.o(.constdata)
    OCR_A_Extended__20px__Bold__SingleBitPerPixelGridFit_1BPP_FontElement_lc_r_Data 0x0000b7c8   Data          20  debug\ocr_a_extended__20px__bold__singlebitperpixelgridfit_1bpp.o(.constdata)
    OCR_A_Extended__20px__Bold__SingleBitPerPixelGridFit_1BPP_FontElement_lc_r 0x0000b7dc   Data          12  debug\ocr_a_extended__20px__bold__singlebitperpixelgridfit_1bpp.o(.constdata)
    OCR_A_Extended__20px__Bold__SingleBitPerPixelGridFit_1BPP_FontElement_lc_s_Data 0x0000b7e8   Data          20  debug\ocr_a_extended__20px__bold__singlebitperpixelgridfit_1bpp.o(.constdata)
    OCR_A_Extended__20px__Bold__SingleBitPerPixelGridFit_1BPP_FontElement_lc_s 0x0000b7fc   Data          12  debug\ocr_a_extended__20px__bold__singlebitperpixelgridfit_1bpp.o(.constdata)
    OCR_A_Extended__20px__Bold__SingleBitPerPixelGridFit_1BPP_FontElement_lc_t_Data 0x0000b808   Data          40  debug\ocr_a_extended__20px__bold__singlebitperpixelgridfit_1bpp.o(.constdata)
    OCR_A_Extended__20px__Bold__SingleBitPerPixelGridFit_1BPP_FontElement_lc_t 0x0000b830   Data          12  debug\ocr_a_extended__20px__bold__singlebitperpixelgridfit_1bpp.o(.constdata)
    OCR_A_Extended__20px__Bold__SingleBitPerPixelGridFit_1BPP_FontElement_lc_u_Data 0x0000b83c   Data          20  debug\ocr_a_extended__20px__bold__singlebitperpixelgridfit_1bpp.o(.constdata)
    OCR_A_Extended__20px__Bold__SingleBitPerPixelGridFit_1BPP_FontElement_lc_u 0x0000b850   Data          12  debug\ocr_a_extended__20px__bold__singlebitperpixelgridfit_1bpp.o(.constdata)
    OCR_A_Extended__20px__Bold__SingleBitPerPixelGridFit_1BPP_FontElement_lc_v_Data 0x0000b85c   Data          20  debug\ocr_a_extended__20px__bold__singlebitperpixelgridfit_1bpp.o(.constdata)
    OCR_A_Extended__20px__Bold__SingleBitPerPixelGridFit_1BPP_FontElement_lc_v 0x0000b870   Data          12  debug\ocr_a_extended__20px__bold__singlebitperpixelgridfit_1bpp.o(.constdata)
    OCR_A_Extended__20px__Bold__SingleBitPerPixelGridFit_1BPP_FontElement_lc_w_Data 0x0000b87c   Data          40  debug\ocr_a_extended__20px__bold__singlebitperpixelgridfit_1bpp.o(.constdata)
    OCR_A_Extended__20px__Bold__SingleBitPerPixelGridFit_1BPP_FontElement_lc_w 0x0000b8a4   Data          12  debug\ocr_a_extended__20px__bold__singlebitperpixelgridfit_1bpp.o(.constdata)
    OCR_A_Extended__20px__Bold__SingleBitPerPixelGridFit_1BPP_FontElement_lc_x_Data 0x0000b8b0   Data          20  debug\ocr_a_extended__20px__bold__singlebitperpixelgridfit_1bpp.o(.constdata)
    OCR_A_Extended__20px__Bold__SingleBitPerPixelGridFit_1BPP_FontElement_lc_x 0x0000b8c4   Data          12  debug\ocr_a_extended__20px__bold__singlebitperpixelgridfit_1bpp.o(.constdata)
    OCR_A_Extended__20px__Bold__SingleBitPerPixelGridFit_1BPP_FontElement_lc_y_Data 0x0000b8d0   Data          40  debug\ocr_a_extended__20px__bold__singlebitperpixelgridfit_1bpp.o(.constdata)
    OCR_A_Extended__20px__Bold__SingleBitPerPixelGridFit_1BPP_FontElement_lc_y 0x0000b8f8   Data          12  debug\ocr_a_extended__20px__bold__singlebitperpixelgridfit_1bpp.o(.constdata)
    OCR_A_Extended__20px__Bold__SingleBitPerPixelGridFit_1BPP_FontElement_lc_z_Data 0x0000b904   Data          20  debug\ocr_a_extended__20px__bold__singlebitperpixelgridfit_1bpp.o(.constdata)
    OCR_A_Extended__20px__Bold__SingleBitPerPixelGridFit_1BPP_FontElement_lc_z 0x0000b918   Data          12  debug\ocr_a_extended__20px__bold__singlebitperpixelgridfit_1bpp.o(.constdata)
    OCR_A_Extended__20px__Bold__SingleBitPerPixelGridFit_1BPP_FontElement_left_curly_brace_Data 0x0000b924   Data          20  debug\ocr_a_extended__20px__bold__singlebitperpixelgridfit_1bpp.o(.constdata)
    OCR_A_Extended__20px__Bold__SingleBitPerPixelGridFit_1BPP_FontElement_left_curly_brace 0x0000b938   Data          12  debug\ocr_a_extended__20px__bold__singlebitperpixelgridfit_1bpp.o(.constdata)
    OCR_A_Extended__20px__Bold__SingleBitPerPixelGridFit_1BPP_FontElement_vertical_bar_Data 0x0000b944   Data          20  debug\ocr_a_extended__20px__bold__singlebitperpixelgridfit_1bpp.o(.constdata)
    OCR_A_Extended__20px__Bold__SingleBitPerPixelGridFit_1BPP_FontElement_vertical_bar 0x0000b958   Data          12  debug\ocr_a_extended__20px__bold__singlebitperpixelgridfit_1bpp.o(.constdata)
    OCR_A_Extended__20px__Bold__SingleBitPerPixelGridFit_1BPP_FontElement_right_curly_brace_Data 0x0000b964   Data          20  debug\ocr_a_extended__20px__bold__singlebitperpixelgridfit_1bpp.o(.constdata)
    OCR_A_Extended__20px__Bold__SingleBitPerPixelGridFit_1BPP_FontElement_right_curly_brace 0x0000b978   Data          12  debug\ocr_a_extended__20px__bold__singlebitperpixelgridfit_1bpp.o(.constdata)
    OCR_A_Extended__20px__Bold__SingleBitPerPixelGridFit_1BPP_FontElement_tilde_Data 0x0000b984   Data          40  debug\ocr_a_extended__20px__bold__singlebitperpixelgridfit_1bpp.o(.constdata)
    OCR_A_Extended__20px__Bold__SingleBitPerPixelGridFit_1BPP_FontElement_tilde 0x0000b9ac   Data          12  debug\ocr_a_extended__20px__bold__singlebitperpixelgridfit_1bpp.o(.constdata)
    OCR_A_Extended__20px__Bold__SingleBitPerPixelGridFit_1BPP_FontElement_delete_Data 0x0000b9b8   Data          60  debug\ocr_a_extended__20px__bold__singlebitperpixelgridfit_1bpp.o(.constdata)
    OCR_A_Extended__20px__Bold__SingleBitPerPixelGridFit_1BPP_FontElement_delete 0x0000b9f4   Data          12  debug\ocr_a_extended__20px__bold__singlebitperpixelgridfit_1bpp.o(.constdata)
    OCR_A_Extended__20px__Bold__SingleBitPerPixelGridFit_1BPP 0x0000ba00   Data         400  debug\ocr_a_extended__20px__bold__singlebitperpixelgridfit_1bpp.o(.constdata)
    twiddleCoef_16                           0x0000bb90   Data         128  ../CMSIS-DSP/LIB/CMSIS_DSP_4_5_O3.lib(arm_common_tables.o)(.constdata)
    twiddleCoef_32                           0x0000bc10   Data         256  ../CMSIS-DSP/LIB/CMSIS_DSP_4_5_O3.lib(arm_common_tables.o)(.constdata)
    twiddleCoef_64                           0x0000bd10   Data         512  ../CMSIS-DSP/LIB/CMSIS_DSP_4_5_O3.lib(arm_common_tables.o)(.constdata)
    twiddleCoef_128                          0x0000bf10   Data        1024  ../CMSIS-DSP/LIB/CMSIS_DSP_4_5_O3.lib(arm_common_tables.o)(.constdata)
    twiddleCoef_256                          0x0000c310   Data        2048  ../CMSIS-DSP/LIB/CMSIS_DSP_4_5_O3.lib(arm_common_tables.o)(.constdata)
    twiddleCoef_512                          0x0000cb10   Data        4096  ../CMSIS-DSP/LIB/CMSIS_DSP_4_5_O3.lib(arm_common_tables.o)(.constdata)
    twiddleCoef_1024                         0x0000db10   Data        8192  ../CMSIS-DSP/LIB/CMSIS_DSP_4_5_O3.lib(arm_common_tables.o)(.constdata)
    twiddleCoef_2048                         0x0000fb10   Data       16384  ../CMSIS-DSP/LIB/CMSIS_DSP_4_5_O3.lib(arm_common_tables.o)(.constdata)
    armBitRevIndexTable16                    0x00013b10   Data          40  ../CMSIS-DSP/LIB/CMSIS_DSP_4_5_O3.lib(arm_common_tables.o)(.constdata)
    armBitRevIndexTable32                    0x00013b38   Data          96  ../CMSIS-DSP/LIB/CMSIS_DSP_4_5_O3.lib(arm_common_tables.o)(.constdata)
    armBitRevIndexTable64                    0x00013b98   Data         112  ../CMSIS-DSP/LIB/CMSIS_DSP_4_5_O3.lib(arm_common_tables.o)(.constdata)
    armBitRevIndexTable128                   0x00013c08   Data         416  ../CMSIS-DSP/LIB/CMSIS_DSP_4_5_O3.lib(arm_common_tables.o)(.constdata)
    armBitRevIndexTable256                   0x00013da8   Data         880  ../CMSIS-DSP/LIB/CMSIS_DSP_4_5_O3.lib(arm_common_tables.o)(.constdata)
    armBitRevIndexTable512                   0x00014118   Data         896  ../CMSIS-DSP/LIB/CMSIS_DSP_4_5_O3.lib(arm_common_tables.o)(.constdata)
    armBitRevIndexTable1024                  0x00014498   Data        3600  ../CMSIS-DSP/LIB/CMSIS_DSP_4_5_O3.lib(arm_common_tables.o)(.constdata)
    armBitRevIndexTable2048                  0x000152a8   Data        7616  ../CMSIS-DSP/LIB/CMSIS_DSP_4_5_O3.lib(arm_common_tables.o)(.constdata)
    twiddleCoef_rfft_32                      0x00017068   Data         128  ../CMSIS-DSP/LIB/CMSIS_DSP_4_5_O3.lib(arm_common_tables.o)(.constdata)
    twiddleCoef_rfft_64                      0x000170e8   Data         256  ../CMSIS-DSP/LIB/CMSIS_DSP_4_5_O3.lib(arm_common_tables.o)(.constdata)
    twiddleCoef_rfft_128                     0x000171e8   Data         512  ../CMSIS-DSP/LIB/CMSIS_DSP_4_5_O3.lib(arm_common_tables.o)(.constdata)
    twiddleCoef_rfft_256                     0x000173e8   Data        1024  ../CMSIS-DSP/LIB/CMSIS_DSP_4_5_O3.lib(arm_common_tables.o)(.constdata)
    twiddleCoef_rfft_512                     0x000177e8   Data        2048  ../CMSIS-DSP/LIB/CMSIS_DSP_4_5_O3.lib(arm_common_tables.o)(.constdata)
    twiddleCoef_rfft_1024                    0x00017fe8   Data        4096  ../CMSIS-DSP/LIB/CMSIS_DSP_4_5_O3.lib(arm_common_tables.o)(.constdata)
    twiddleCoef_rfft_2048                    0x00018fe8   Data        8192  ../CMSIS-DSP/LIB/CMSIS_DSP_4_5_O3.lib(arm_common_tables.o)(.constdata)
    twiddleCoef_rfft_4096                    0x0001afe8   Data       16384  ../CMSIS-DSP/LIB/CMSIS_DSP_4_5_O3.lib(arm_common_tables.o)(.constdata)
    Region$$Table$$Base                      0x0001efe8   Number         0  anon$$obj.o(Region$$Table)
    Region$$Table$$Limit                     0x0001f008   Number         0  anon$$obj.o(Region$$Table)
    Sprite_16BPP_565_equalizer_Data          0x10000000   Data        4608  debug\sprites_16bpp_565.o(ExtFlashSection)
    Sprite_16BPP_565_equalizer               0x10001200   Data          12  debug\sprites_16bpp_565.o(ExtFlashSection)
    Sprite_16BPP_565_home_icon_Data          0x1000120c   Data        4608  debug\sprites_16bpp_565.o(ExtFlashSection)
    Sprite_16BPP_565_home_icon               0x1000240c   Data          12  debug\sprites_16bpp_565.o(ExtFlashSection)
    Sprite_16BPP_565_Mushroom_Super_icon_red_Data 0x10002418   Data        4608  debug\sprites_16bpp_565.o(ExtFlashSection)
    Sprite_16BPP_565_Mushroom_Super_icon_red 0x10003618   Data          12  debug\sprites_16bpp_565.o(ExtFlashSection)
    Sprite_16BPP_565_piramid_silver_Data     0x10003624   Data        4608  debug\sprites_16bpp_565.o(ExtFlashSection)
    Sprite_16BPP_565_piramid_silver          0x10004824   Data          12  debug\sprites_16bpp_565.o(ExtFlashSection)
    Sprite_16BPP_565_whirl_silver_Data       0x10004830   Data        4608  debug\sprites_16bpp_565.o(ExtFlashSection)
    Sprite_16BPP_565_whirl_silver            0x10005a30   Data          12  debug\sprites_16bpp_565.o(ExtFlashSection)
    Image$$RW_m_data$$Base                   0x20000000   Number         0  anon$$obj.o ABSOLUTE
    SystemCoreClock                          0x20000000   Data           4  debug\system_lpc54608.o(.data)
    SDRAM                                    0x20000004   Data           4  debug\sdram.o(.data)
    MicBuffer                                0x20000070   Data           4  debug\main.o(.data)
    BackgroundMicBuffer                      0x20000074   Data           4  debug\main.o(.data)
    BackgroundBufferIdx                      0x20000078   Data           4  debug\main.o(.data)
    NextBufferReady                          0x2000007c   Data           4  debug\main.o(.data)
    BuffersCaptured                          0x20000080   Data           4  debug\main.o(.data)
    x                                        0x20000084   Data           4  debug\main.o(.data)
    y                                        0x20000088   Data           4  debug\main.o(.data)
    x2                                       0x2000008c   Data           4  debug\main.o(.data)
    y2                                       0x20000090   Data           4  debug\main.o(.data)
    x3                                       0x20000094   Data           4  debug\main.o(.data)
    y3                                       0x20000098   Data           4  debug\main.o(.data)
    x4                                       0x2000009c   Data           4  debug\main.o(.data)
    y4                                       0x200000a0   Data           4  debug\main.o(.data)
    touch_event                              0x200000a4   Data           1  debug\main.o(.data)
    state                                    0x200000a5   Data           1  debug\main.o(.data)
    BassSliderPosition                       0x200000a8   Data           4  debug\main.o(.data)
    MidSliderPosition                        0x200000ac   Data           4  debug\main.o(.data)
    TrebleSliderPosition                     0x200000b0   Data           4  debug\main.o(.data)
    VolumeSliderPosition                     0x200000b4   Data           4  debug\main.o(.data)
    BassSliderValue                          0x200000b8   Data           4  debug\main.o(.data)
    MidSliderValue                           0x200000bc   Data           4  debug\main.o(.data)
    TrebleSliderValue                        0x200000c0   Data           4  debug\main.o(.data)
    VolumeSliderValue                        0x200000c4   Data           4  debug\main.o(.data)
    command                                  0x200000c8   Data          48  debug\board.o(.data)
    s_dma_descriptor_table                   0x20000400   Data         480  debug\fsl_dma.o(.bss)
    MicBuffer1                               0x20000678   Data        4096  debug\main.o(.bss)
    MicBuffer2                               0x20001678   Data        4096  debug\main.o(.bss)
    MyFFT                                    0x20002678   Data          24  debug\main.o(.bss)
    FFT_RawDataOut                           0x20002690   Data        4096  debug\main.o(.bss)
    FFT_PowerSpectrum                        0x20003690   Data        4096  debug\main.o(.bss)
    touch_handle                             0x20004690   Data          60  debug\main.o(.bss)
    eGFX_Animators                           0x2000470c   Data         128  debug\egfx.o(.bss)
    eGFX_Objects                             0x2000478c   Data         256  debug\egfx.o(.bss)
    eGFX_BackBuffer                          0x2000488c   Data          12  debug\egfx_driver_lpcxpresso_54608.o(.bss)
    Image$$ARM_LIB_STACK$$ZI$$Limit          0x20028000   Number         0  anon$$obj.o ABSOLUTE



==============================================================================

Memory Map of the image

  Image Entry point : 0x000004c1

  Load Region LR_m_text (Base: 0x00000000, Size: 0x0001f104, Max: 0x00080000, ABSOLUTE)

    Execution Region VECTOR_ROM (Base: 0x00000000, Size: 0x00000124, Max: 0x00000400, ABSOLUTE)

    Base Addr    Size         Type   Attr      Idx    E Section Name        Object

    0x00000000   0x00000124   Data   RO            4    RESET               debug\startup_lpc54608.o


    Execution Region VECTOR_RAM (Base: 0x00000000, Size: 0x00000000, Max: 0x00000000, ABSOLUTE)

    Base Addr    Size         Type   Attr      Idx    E Section Name        Object

    0x00000000   0x00000000   Zero   RW            1    VECTOR_RAM.bss      anon$$obj.o


    Execution Region ER_m_text (Base: 0x00000400, Size: 0x0001ec08, Max: 0x0007fc00, ABSOLUTE, FIXED)

    Base Addr    Size         Type   Attr      Idx    E Section Name        Object

    0x00000400   0x000000c0   Code   RO         6245    . text              ../CMSIS-DSP/LIB/CMSIS_DSP_4_5_O3.lib(arm_bitreversal2.o)
    0x000004c0   0x00000000   Code   RO         6255  * .ARM.Collect$$$$00000000  C:\Keil_v5\ARM\ARMCC\Bin\..\lib\armlib\mc_w.l(entry.o)
    0x000004c0   0x00000004   Code   RO         6312    .ARM.Collect$$$$00000003  C:\Keil_v5\ARM\ARMCC\Bin\..\lib\armlib\mc_w.l(entry4.o)
    0x000004c4   0x00000004   Code   RO         6315    .ARM.Collect$$$$00000004  C:\Keil_v5\ARM\ARMCC\Bin\..\lib\armlib\mc_w.l(entry5.o)
    0x000004c8   0x00000000   Code   RO         6317    .ARM.Collect$$$$00000008  C:\Keil_v5\ARM\ARMCC\Bin\..\lib\armlib\mc_w.l(entry7b.o)
    0x000004c8   0x00000000   Code   RO         6319    .ARM.Collect$$$$0000000A  C:\Keil_v5\ARM\ARMCC\Bin\..\lib\armlib\mc_w.l(entry8b.o)
    0x000004c8   0x00000008   Code   RO         6320    .ARM.Collect$$$$0000000B  C:\Keil_v5\ARM\ARMCC\Bin\..\lib\armlib\mc_w.l(entry9a.o)
    0x000004d0   0x00000000   Code   RO         6322    .ARM.Collect$$$$0000000D  C:\Keil_v5\ARM\ARMCC\Bin\..\lib\armlib\mc_w.l(entry10a.o)
    0x000004d0   0x00000000   Code   RO         6324    .ARM.Collect$$$$0000000F  C:\Keil_v5\ARM\ARMCC\Bin\..\lib\armlib\mc_w.l(entry11a.o)
    0x000004d0   0x00000004   Code   RO         6313    .ARM.Collect$$$$00002714  C:\Keil_v5\ARM\ARMCC\Bin\..\lib\armlib\mc_w.l(entry4.o)
    0x000004d4   0x000001ec   Code   RO            5    .text               debug\startup_lpc54608.o
    0x000006c0   0x00000062   Code   RO         6258    .text               C:\Keil_v5\ARM\ARMCC\Bin\..\lib\armlib\mc_w.l(uldiv.o)
    0x00000722   0x00000024   Code   RO         6260    .text               C:\Keil_v5\ARM\ARMCC\Bin\..\lib\armlib\mc_w.l(memcpya.o)
    0x00000746   0x00000024   Code   RO         6262    .text               C:\Keil_v5\ARM\ARMCC\Bin\..\lib\armlib\mc_w.l(memseta.o)
    0x0000076a   0x0000000e   Code   RO         6264    .text               C:\Keil_v5\ARM\ARMCC\Bin\..\lib\armlib\mc_w.l(strlen.o)
    0x00000778   0x0000014e   Code   RO         6296    .text               C:\Keil_v5\ARM\ARMCC\Bin\..\lib\armlib\mf_w.l(dadd.o)
    0x000008c6   0x000000e4   Code   RO         6298    .text               C:\Keil_v5\ARM\ARMCC\Bin\..\lib\armlib\mf_w.l(dmul.o)
    0x000009aa   0x0000003e   Code   RO         6302    .text               C:\Keil_v5\ARM\ARMCC\Bin\..\lib\armlib\mf_w.l(dfixi.o)
    0x000009e8   0x00000026   Code   RO         6304    .text               C:\Keil_v5\ARM\ARMCC\Bin\..\lib\armlib\mf_w.l(f2d.o)
    0x00000a0e   0x00000002   PAD
    0x00000a10   0x00000030   Code   RO         6308    .text               C:\Keil_v5\ARM\ARMCC\Bin\..\lib\armlib\mf_w.l(cdrcmple.o)
    0x00000a40   0x00000038   Code   RO         6310    .text               C:\Keil_v5\ARM\ARMCC\Bin\..\lib\armlib\mf_w.l(d2f.o)
    0x00000a78   0x0000002c   Code   RO         6326    .text               C:\Keil_v5\ARM\ARMCC\Bin\..\lib\armlib\mc_w.l(uidiv.o)
    0x00000aa4   0x0000001e   Code   RO         6328    .text               C:\Keil_v5\ARM\ARMCC\Bin\..\lib\armlib\mc_w.l(llshl.o)
    0x00000ac2   0x00000020   Code   RO         6330    .text               C:\Keil_v5\ARM\ARMCC\Bin\..\lib\armlib\mc_w.l(llushr.o)
    0x00000ae2   0x00000024   Code   RO         6332    .text               C:\Keil_v5\ARM\ARMCC\Bin\..\lib\armlib\mc_w.l(llsshr.o)
    0x00000b06   0x00000000   Code   RO         6334    .text               C:\Keil_v5\ARM\ARMCC\Bin\..\lib\armlib\mc_w.l(iusefp.o)
    0x00000b06   0x0000006e   Code   RO         6335    .text               C:\Keil_v5\ARM\ARMCC\Bin\..\lib\armlib\mf_w.l(fepilogue.o)
    0x00000b74   0x000000ba   Code   RO         6337    .text               C:\Keil_v5\ARM\ARMCC\Bin\..\lib\armlib\mf_w.l(depilogue.o)
    0x00000c2e   0x000000de   Code   RO         6339    .text               C:\Keil_v5\ARM\ARMCC\Bin\..\lib\armlib\mf_w.l(ddiv.o)
    0x00000d0c   0x00000030   Code   RO         6341    .text               C:\Keil_v5\ARM\ARMCC\Bin\..\lib\armlib\mf_w.l(dfixul.o)
    0x00000d3c   0x00000024   Code   RO         6343    .text               C:\Keil_v5\ARM\ARMCC\Bin\..\lib\armlib\mc_w.l(init.o)
    0x00000d60   0x000000c0   Code   RO         5644    i.APP_LCDC_Init     debug\egfx_driver_lpcxpresso_54608.o
    0x00000e20   0x00000058   Code   RO         4919    i.BOARD_BootClock_PLL_RUN  debug\clock_config.o
    0x00000e78   0x0000006c   Code   RO         4850    i.BOARD_InitDebugConsole  debug\board.o
    0x00000ee4   0x0000005c   Code   RO         5645    i.BOARD_InitPWM     debug\egfx_driver_lpcxpresso_54608.o
    0x00000f40   0x000006b8   Code   RO         4967    i.BOARD_InitPins    debug\pin_mux.o
    0x000015f8   0x0000009c   Code   RO         4851    i.BOARD_InitSDRAM   debug\board.o
    0x00001694   0x00000054   Code   RO         4852    i.BOARD_InitSPIFI_ExternalFlash  debug\board.o
    0x000016e8   0x00000058   Code   RO         2942    i.CAN0_IRQ0_DriverIRQHandler  debug\fsl_mcan.o
    0x00001740   0x00000058   Code   RO         2943    i.CAN0_IRQ1_DriverIRQHandler  debug\fsl_mcan.o
    0x00001798   0x00000058   Code   RO         2944    i.CAN1_IRQ0_DriverIRQHandler  debug\fsl_mcan.o
    0x000017f0   0x00000058   Code   RO         2945    i.CAN1_IRQ1_DriverIRQHandler  debug\fsl_mcan.o
    0x00001848   0x0000004c   Code   RO          439    i.CLOCK_AttachClk   debug\fsl_clock.o
    0x00001894   0x00000028   Code   RO         2817    i.CLOCK_EnableClock  debug\fsl_lcdc.o
    0x000018bc   0x00000028   Code   RO         4671    i.CLOCK_EnableClock  debug\main.o
    0x000018e4   0x00000028   Code   RO         4968    i.CLOCK_EnableClock  debug\pin_mux.o
    0x0000190c   0x00000038   Code   RO          446    i.CLOCK_Enable_SysOsc  debug\fsl_clock.o
    0x00001944   0x0000004c   Code   RO          447    i.CLOCK_GetAdcClkFreq  debug\fsl_clock.o
    0x00001990   0x00000030   Code   RO          448    i.CLOCK_GetAsyncApbClkFreq  debug\fsl_clock.o
    0x000019c0   0x0000000c   Code   RO          453    i.CLOCK_GetAudioPllOutFreq  debug\fsl_clock.o
    0x000019cc   0x00000078   Code   RO          454    i.CLOCK_GetClockOutClkFreq  debug\fsl_clock.o
    0x00001a44   0x0000007c   Code   RO          455    i.CLOCK_GetCoreSysClkFreq  debug\fsl_clock.o
    0x00001ac0   0x00000008   Code   RO          456    i.CLOCK_GetExtClkFreq  debug\fsl_clock.o
    0x00001ac8   0x0000005c   Code   RO          458    i.CLOCK_GetFlexCommClkFreq  debug\fsl_clock.o
    0x00001b24   0x000002c8   Code   RO          459    i.CLOCK_GetFreq     debug\fsl_clock.o
    0x00001dec   0x0000001c   Code   RO          460    i.CLOCK_GetFro12MFreq  debug\fsl_clock.o
    0x00001e08   0x00000040   Code   RO          461    i.CLOCK_GetFroHfFreq  debug\fsl_clock.o
    0x00001e48   0x00000004   Code   RO          462    i.CLOCK_GetI2SMClkFreq  debug\fsl_clock.o
    0x00001e4c   0x00000040   Code   RO          463    i.CLOCK_GetLcdClkFreq  debug\fsl_clock.o
    0x00001e8c   0x00000004   Code   RO          464    i.CLOCK_GetLcdClkIn  debug\fsl_clock.o
    0x00001e90   0x00000040   Code   RO          465    i.CLOCK_GetMclkClkFreq  debug\fsl_clock.o
    0x00001ed0   0x00000006   Code   RO          466    i.CLOCK_GetOsc32KFreq  debug\fsl_clock.o
    0x00001ed6   0x00000002   PAD
    0x00001ed8   0x00000138   Code   RO          467    i.CLOCK_GetPllConfig  debug\fsl_clock.o
    0x00002010   0x0000000c   Code   RO          468    i.CLOCK_GetPllOutFreq  debug\fsl_clock.o
    0x0000201c   0x0000004c   Code   RO          469    i.CLOCK_GetSctClkFreq  debug\fsl_clock.o
    0x00002068   0x0000005c   Code   RO          470    i.CLOCK_GetSdioClkFreq  debug\fsl_clock.o
    0x000020c4   0x0000005c   Code   RO          471    i.CLOCK_GetSpifiClkFreq  debug\fsl_clock.o
    0x00002120   0x0000004c   Code   RO          472    i.CLOCK_GetSystemPLLInClockRate  debug\fsl_clock.o
    0x0000216c   0x0000005a   Code   RO          474    i.CLOCK_GetSystemPLLOutFromSetup  debug\fsl_clock.o
    0x000021c6   0x00000002   PAD
    0x000021c8   0x00000014   Code   RO          475    i.CLOCK_GetSystemPLLOutFromSetupUpdate  debug\fsl_clock.o
    0x000021dc   0x00000040   Code   RO          476    i.CLOCK_GetUsb0ClkFreq  debug\fsl_clock.o
    0x0000221c   0x00000040   Code   RO          477    i.CLOCK_GetUsb1ClkFreq  debug\fsl_clock.o
    0x0000225c   0x0000000c   Code   RO          481    i.CLOCK_GetUsbPllOutFreq  debug\fsl_clock.o
    0x00002268   0x00000040   Code   RO          482    i.CLOCK_GetWdtOscFreq  debug\fsl_clock.o
    0x000022a8   0x00000028   Code   RO          483    i.CLOCK_SetClkDiv   debug\fsl_clock.o
    0x000022d0   0x00000018   Code   RO          484    i.CLOCK_SetFLASHAccessCycles  debug\fsl_clock.o
    0x000022e8   0x0000009c   Code   RO          485    i.CLOCK_SetFLASHAccessCyclesForFreq  debug\fsl_clock.o
    0x00002384   0x00000032   Code   RO          495    i.CLOCK_SetupPLLData  debug\fsl_clock.o
    0x000023b6   0x00000002   PAD
    0x000023b8   0x000000ec   Code   RO          497    i.CLOCK_SetupSystemPLLPrec  debug\fsl_clock.o
    0x000024a4   0x0000000a   Code   RO          989    i.CTIMER0_DriverIRQHandler  debug\fsl_ctimer.o
    0x000024ae   0x0000000a   Code   RO          990    i.CTIMER1_DriverIRQHandler  debug\fsl_ctimer.o
    0x000024b8   0x0000000a   Code   RO          991    i.CTIMER2_DriverIRQHandler  debug\fsl_ctimer.o
    0x000024c2   0x0000000a   Code   RO          992    i.CTIMER3_DriverIRQHandler  debug\fsl_ctimer.o
    0x000024cc   0x0000000a   Code   RO          993    i.CTIMER4_DriverIRQHandler  debug\fsl_ctimer.o
    0x000024d6   0x00000004   Code   RO          994    i.CTIMER_ClearStatusFlags  debug\fsl_ctimer.o
    0x000024da   0x00000002   PAD
    0x000024dc   0x0000007c   Code   RO          996    i.CTIMER_GenericIRQHandler  debug\fsl_ctimer.o
    0x00002558   0x0000152c   Code   RO         4672    i.CirclesVisual     debug\main.o
    0x00003a84   0x000000ac   Code   RO         1116    i.DMA0_DriverIRQHandler  debug\fsl_dma.o
    0x00003b30   0x00000014   Code   RO         1236    i.DMIC0_DriverIRQHandler  debug\fsl_dmic.o
    0x00003b44   0x000000ac   Code   RO         4673    i.DMIC0_IRQHandler  debug\main.o
    0x00003bf0   0x000000a8   Code   RO          116    i.DbgConsole_ConvertRadixNumToString  debug\fsl_debug_console.o
    0x00003c98   0x00000058   Code   RO          119    i.DbgConsole_Init   debug\fsl_debug_console.o
    0x00003cf0   0x00000034   Code   RO          120    i.DbgConsole_Printf  debug\fsl_debug_console.o
    0x00003d24   0x0000023a   Code   RO          121    i.DbgConsole_PrintfFormattedData  debug\fsl_debug_console.o
    0x00003f5e   0x00000028   Code   RO          122    i.DbgConsole_PrintfPaddingCharacter  debug\fsl_debug_console.o
    0x00003f86   0x00000002   PAD
    0x00003f88   0x00000024   Code   RO          123    i.DbgConsole_Putchar  debug\fsl_debug_console.o
    0x00003fac   0x0000003c   Code   RO         1501    i.EMC_CalculateTimerCycles  debug\fsl_emc.o
    0x00003fe8   0x000002a8   Code   RO         1503    i.EMC_DynamicMemInit  debug\fsl_emc.o
    0x00004290   0x00000074   Code   RO         1504    i.EMC_GetInstance   debug\fsl_emc.o
    0x00004304   0x0000007c   Code   RO         1505    i.EMC_Init          debug\fsl_emc.o
    0x00004380   0x0000005a   Code   RO         1507    i.EMC_ModeOffset    debug\fsl_emc.o
    0x000043da   0x00000002   PAD
    0x000043dc   0x0000001c   Code   RO         1600    i.ETHERNET_DriverIRQHandler  debug\fsl_enet.o
    0x000043f8   0x00000890   Code   RO         4675    i.EqualizerScreen   debug\main.o
    0x00004c88   0x00000064   Code   RO         1849    i.FLEXCOMM0_DriverIRQHandler  debug\fsl_flexcomm.o
    0x00004cec   0x00000064   Code   RO         1850    i.FLEXCOMM1_DriverIRQHandler  debug\fsl_flexcomm.o
    0x00004d50   0x00000064   Code   RO         1851    i.FLEXCOMM2_DriverIRQHandler  debug\fsl_flexcomm.o
    0x00004db4   0x00000064   Code   RO         1852    i.FLEXCOMM3_DriverIRQHandler  debug\fsl_flexcomm.o
    0x00004e18   0x00000064   Code   RO         1853    i.FLEXCOMM4_DriverIRQHandler  debug\fsl_flexcomm.o
    0x00004e7c   0x00000064   Code   RO         1854    i.FLEXCOMM5_DriverIRQHandler  debug\fsl_flexcomm.o
    0x00004ee0   0x00000064   Code   RO         1855    i.FLEXCOMM8_DriverIRQHandler  debug\fsl_flexcomm.o
    0x00004f44   0x00000064   Code   RO         1856    i.FLEXCOMM9_DriverIRQHandler  debug\fsl_flexcomm.o
    0x00004fa8   0x00000050   Code   RO         1857    i.FLEXCOMM_GetInstance  debug\fsl_flexcomm.o
    0x00004ff8   0x00000054   Code   RO         1858    i.FLEXCOMM_Init     debug\fsl_flexcomm.o
    0x0000504c   0x0000003a   Code   RO         1859    i.FLEXCOMM_PeripheralIsPresent  debug\fsl_flexcomm.o
    0x00005086   0x00000044   Code   RO         1861    i.FLEXCOMM_SetPeriph  debug\fsl_flexcomm.o
    0x000050ca   0x00000056   Code   RO          287    i.FT5406_GetSingleTouch  debug\fsl_ft5406.o
    0x00005120   0x000000d8   Code   RO          288    i.FT5406_Init       debug\fsl_ft5406.o
    0x000051f8   0x00000044   Code   RO          289    i.FT5406_ReadTouchData  debug\fsl_ft5406.o
    0x0000523c   0x00000014   Code   RO          498    i.FindGreatestCommonDivisor  debug\fsl_clock.o
    0x00005250   0x00000028   Code   RO         2023    i.GINT0_DriverIRQHandler  debug\fsl_gint.o
    0x00005278   0x00000028   Code   RO         2024    i.GINT1_DriverIRQHandler  debug\fsl_gint.o
    0x000052a0   0x00000014   Code   RO         1253    i.HWVAD0_IRQHandler  debug\fsl_dmic.o
    0x000052b4   0x00000134   Code   RO         4676    i.HomeScreen        debug\main.o
    0x000053e8   0x0000000a   Code   RO         2157    i.I2C_MasterClearStatusFlags  debug\fsl_i2c.o
    0x000053f2   0x00000022   Code   RO         2159    i.I2C_MasterEnable  debug\fsl_i2c.o
    0x00005414   0x00000014   Code   RO         2160    i.I2C_MasterGetDefaultConfig  debug\fsl_i2c.o
    0x00005428   0x00000024   Code   RO         2161    i.I2C_MasterInit    debug\fsl_i2c.o
    0x0000544c   0x000000d8   Code   RO         2162    i.I2C_MasterReadBlocking  debug\fsl_i2c.o
    0x00005524   0x00000014   Code   RO         2163    i.I2C_MasterRepeatedStart  debug\fsl_i2c.o
    0x00005538   0x00000088   Code   RO         2164    i.I2C_MasterSetBaudRate  debug\fsl_i2c.o
    0x000055c0   0x00000022   Code   RO         2165    i.I2C_MasterStart   debug\fsl_i2c.o
    0x000055e2   0x00000014   Code   RO         2166    i.I2C_MasterStop    debug\fsl_i2c.o
    0x000055f6   0x00000002   PAD
    0x000055f8   0x000000fc   Code   RO         2168    i.I2C_MasterTransferBlocking  debug\fsl_i2c.o
    0x000056f4   0x000000ec   Code   RO         2173    i.I2C_MasterWriteBlocking  debug\fsl_i2c.o
    0x000057e0   0x00000022   Code   RO         2174    i.I2C_PendingStatusWait  debug\fsl_i2c.o
    0x00005802   0x0000000c   Code   RO         4677    i.IOCON_PinMuxSet   debug\main.o
    0x0000580e   0x0000000c   Code   RO         4969    i.IOCON_PinMuxSet   debug\pin_mux.o
    0x0000581a   0x00000002   PAD
    0x0000581c   0x00000054   Code   RO         4678    i.InitMicBuffers    debug\main.o
    0x00005870   0x000000a0   Code   RO         5912    i.Init_DMIC         debug\audio.o
    0x00005910   0x00000016   Code   RO         2818    i.LCDC_ClearInterruptsStatus  debug\fsl_lcdc.o
    0x00005926   0x00000020   Code   RO         2822    i.LCDC_EnableInterrupts  debug\fsl_lcdc.o
    0x00005946   0x00000002   PAD
    0x00005948   0x000000f4   Code   RO         2823    i.LCDC_GetClockDivider  debug\fsl_lcdc.o
    0x00005a3c   0x00000034   Code   RO         2824    i.LCDC_GetDefaultConfig  debug\fsl_lcdc.o
    0x00005a70   0x0000000c   Code   RO         2825    i.LCDC_GetEnabledInterruptsPendingStatus  debug\fsl_lcdc.o
    0x00005a7c   0x00000070   Code   RO         2826    i.LCDC_GetInstance  debug\fsl_lcdc.o
    0x00005aec   0x0000020c   Code   RO         2828    i.LCDC_Init         debug\fsl_lcdc.o
    0x00005cf8   0x00000038   Code   RO         5646    i.LCD_IRQHandler    debug\egfx_driver_lpcxpresso_54608.o
    0x00005d30   0x0000039c   Code   RO         4679    i.LinesVisual       debug\main.o
    0x000060cc   0x00000016   Code   RO         5913    i.NVIC_EnableIRQ    debug\audio.o
    0x000060e2   0x00000002   PAD
    0x000060e4   0x00000028   Code   RO         5914    i.NVIC_SetPriority  debug\audio.o
    0x0000610c   0x00000014   Code   RO         3287    i.PINT_PatternMatchResetDetectLogic  debug\fsl_pint.o
    0x00006120   0x00000008   Code   RO         3288    i.PINT_PinInterruptClrStatus  debug\fsl_pint.o
    0x00006128   0x0000002c   Code   RO         3291    i.PIN_INT0_DriverIRQHandler  debug\fsl_pint.o
    0x00006154   0x0000002c   Code   RO         3292    i.PIN_INT1_DriverIRQHandler  debug\fsl_pint.o
    0x00006180   0x0000002c   Code   RO         3293    i.PIN_INT2_DriverIRQHandler  debug\fsl_pint.o
    0x000061ac   0x0000002c   Code   RO         3294    i.PIN_INT3_DriverIRQHandler  debug\fsl_pint.o
    0x000061d8   0x0000002c   Code   RO         3295    i.PIN_INT4_DriverIRQHandler  debug\fsl_pint.o
    0x00006204   0x0000002c   Code   RO         3296    i.PIN_INT5_DriverIRQHandler  debug\fsl_pint.o
    0x00006230   0x0000002c   Code   RO         3297    i.PIN_INT6_DriverIRQHandler  debug\fsl_pint.o
    0x0000625c   0x0000002c   Code   RO         3298    i.PIN_INT7_DriverIRQHandler  debug\fsl_pint.o
    0x00006288   0x00000014   Code   RO          499    i.POWER_DisablePD   debug\fsl_clock.o
    0x0000629c   0x00000014   Code   RO         4920    i.POWER_DisablePD   debug\clock_config.o
    0x000062b0   0x00000014   Code   RO          500    i.POWER_EnablePD    debug\fsl_clock.o
    0x000062c4   0x00000020   Code   RO         5979    i.POWER_SetPLL      ./LIB/keil_lib_power.lib(fsl_power_lib.o)
    0x000062e4   0x00000074   Code   RO         5981    i.POWER_SetVoltageForFreq  ./LIB/keil_lib_power.lib(fsl_power_lib.o)
    0x00006358   0x00000014   Code   RO         5983    i.POWER_setVdLevel  ./LIB/keil_lib_power.lib(fsl_power_lib.o)
    0x0000636c   0x00000080   Code   RO         3437    i.RESET_ClearPeripheralReset  debug\fsl_reset.o
    0x000063ec   0x00000012   Code   RO         3438    i.RESET_PeripheralReset  debug\fsl_reset.o
    0x000063fe   0x00000002   PAD
    0x00006400   0x00000080   Code   RO         3439    i.RESET_SetPeripheralReset  debug\fsl_reset.o
    0x00006480   0x00000014   Code   RO         3616    i.SCT0_IRQHandler   debug\fsl_sctimer.o
    0x00006494   0x000001d8   Code   RO         3617    i.SCTIMER_CreateAndScheduleEvent  debug\fsl_sctimer.o
    0x0000666c   0x00000050   Code   RO         3619    i.SCTIMER_EventHandleIRQ  debug\fsl_sctimer.o
    0x000066bc   0x0000004c   Code   RO         3621    i.SCTIMER_GetDefaultConfig  debug\fsl_sctimer.o
    0x00006708   0x00000070   Code   RO         3622    i.SCTIMER_GetInstance  debug\fsl_sctimer.o
    0x00006778   0x0000012c   Code   RO         3624    i.SCTIMER_Init      debug\fsl_sctimer.o
    0x000068a4   0x0000001e   Code   RO         3628    i.SCTIMER_SetupOutputClearAction  debug\fsl_sctimer.o
    0x000068c2   0x0000001a   Code   RO         3629    i.SCTIMER_SetupOutputSetAction  debug\fsl_sctimer.o
    0x000068dc   0x000001f4   Code   RO         3631    i.SCTIMER_SetupPwm  debug\fsl_sctimer.o
    0x00006ad0   0x00000058   Code   RO         3772    i.SDIO_DriverIRQHandler  debug\fsl_sdif.o
    0x00006b28   0x0000001e   Code   RO         4169    i.SPIFI_GetDefaultConfig  debug\fsl_spifi.o
    0x00006b46   0x00000002   PAD
    0x00006b48   0x00000074   Code   RO         4170    i.SPIFI_GetInstance  debug\fsl_spifi.o
    0x00006bbc   0x000000d4   Code   RO         4171    i.SPIFI_Init        debug\fsl_spifi.o
    0x00006c90   0x0000006c   Code   RO         4172    i.SPIFI_SetCommand  debug\fsl_spifi.o
    0x00006cfc   0x00000042   Code   RO         4173    i.SPIFI_SetMemoryCommand  debug\fsl_spifi.o
    0x00006d3e   0x00000002   PAD
    0x00006d40   0x00001290   Code   RO         4680    i.ShatteredVisual   debug\main.o
    0x00007fd0   0x0000000c   Code   RO         4681    i.SysTick_Handler   debug\main.o
    0x00007fdc   0x00000028   Code   RO           15    i.SystemInit        debug\system_lpc54608.o
    0x00008004   0x00000058   Code   RO         4317    i.USART_GetDefaultConfig  debug\fsl_usart.o
    0x0000805c   0x00000138   Code   RO         4319    i.USART_Init        debug\fsl_usart.o
    0x00008194   0x000000f8   Code   RO         4320    i.USART_ReadBlocking  debug\fsl_usart.o
    0x0000828c   0x000000f0   Code   RO         4321    i.USART_SetBaudRate  debug\fsl_usart.o
    0x0000837c   0x00000098   Code   RO         4334    i.USART_WriteBlocking  debug\fsl_usart.o
    0x00008414   0x0000001c   Code   RO         4536    i.UTICK0_DriverIRQHandler  debug\fsl_utick.o
    0x00008430   0x0000002c   Code   RO         6274    i.__0vsnprintf      C:\Keil_v5\ARM\ARMCC\Bin\..\lib\armlib\mc_w.l(printfa.o)
    0x0000845c   0x00000044   Code   RO          881    i.__aeabi_assert    debug\fsl_common.o
    0x000084a0   0x0000000e   Code   RO         6347    i.__scatterload_copy  C:\Keil_v5\ARM\ARMCC\Bin\..\lib\armlib\mc_w.l(handlers.o)
    0x000084ae   0x00000002   Code   RO         6348    i.__scatterload_null  C:\Keil_v5\ARM\ARMCC\Bin\..\lib\armlib\mc_w.l(handlers.o)
    0x000084b0   0x0000000e   Code   RO         6349    i.__scatterload_zeroinit  C:\Keil_v5\ARM\ARMCC\Bin\..\lib\armlib\mc_w.l(handlers.o)
    0x000084be   0x00000002   PAD
    0x000084c0   0x00000184   Code   RO         6276    i._fp_digits        C:\Keil_v5\ARM\ARMCC\Bin\..\lib\armlib\mc_w.l(printfa.o)
    0x00008644   0x000006dc   Code   RO         6277    i._printf_core      C:\Keil_v5\ARM\ARMCC\Bin\..\lib\armlib\mc_w.l(printfa.o)
    0x00008d20   0x00000024   Code   RO         6278    i._printf_post_padding  C:\Keil_v5\ARM\ARMCC\Bin\..\lib\armlib\mc_w.l(printfa.o)
    0x00008d44   0x0000002e   Code   RO         6279    i._printf_pre_padding  C:\Keil_v5\ARM\ARMCC\Bin\..\lib\armlib\mc_w.l(printfa.o)
    0x00008d72   0x00000016   Code   RO         6280    i._snputc           C:\Keil_v5\ARM\ARMCC\Bin\..\lib\armlib\mc_w.l(printfa.o)
    0x00008d88   0x000000cc   Code   RO         6188    i.arm_cfft_f32      ../CMSIS-DSP/LIB/CMSIS_DSP_4_5_O3.lib(arm_cfft_f32.o)
    0x00008e54   0x00000188   Code   RO         6189    i.arm_cfft_radix8by2_f32  ../CMSIS-DSP/LIB/CMSIS_DSP_4_5_O3.lib(arm_cfft_f32.o)
    0x00008fdc   0x0000042c   Code   RO         6190    i.arm_cfft_radix8by4_f32  ../CMSIS-DSP/LIB/CMSIS_DSP_4_5_O3.lib(arm_cfft_f32.o)
    0x00009408   0x00000092   Code   RO         6003    i.arm_cmplx_mag_squared_f32  ../CMSIS-DSP/LIB/CMSIS_DSP_4_5_O3.lib(arm_cmplx_mag_squared_f32.o)
    0x0000949a   0x00000002   PAD
    0x0000949c   0x000004c4   Code   RO         6224    i.arm_radix8_butterfly_f32  ../CMSIS-DSP/LIB/CMSIS_DSP_4_5_O3.lib(arm_cfft_radix8_f32.o)
    0x00009960   0x00000044   Code   RO         6042    i.arm_rfft_fast_f32  ../CMSIS-DSP/LIB/CMSIS_DSP_4_5_O3.lib(arm_rfft_fast_f32.o)
    0x000099a4   0x00000128   Code   RO         6078    i.arm_rfft_fast_init_f32  ../CMSIS-DSP/LIB/CMSIS_DSP_4_5_O3.lib(arm_rfft_fast_init_f32.o)
    0x00009acc   0x00000038   Code   RO         4854    i.check_if_finish   debug\board.o
    0x00009b04   0x00000014   Code   RO         5017    i.eGFX_BitStreamGet  debug\egfx.o
    0x00009b18   0x00000024   Code   RO         5018    i.eGFX_BitStreamPut  debug\egfx.o
    0x00009b3c   0x0000004a   Code   RO         5019    i.eGFX_Blit         debug\egfx.o
    0x00009b86   0x0000004e   Code   RO         5020    i.eGFX_BlitColored  debug\egfx.o
    0x00009bd4   0x00000046   Code   RO         5028    i.eGFX_DrawCharacter  debug\egfx.o
    0x00009c1a   0x0000004c   Code   RO         5029    i.eGFX_DrawCharacterColored  debug\egfx.o
    0x00009c66   0x00000126   Code   RO         5032    i.eGFX_DrawCircle   debug\egfx.o
    0x00009d8c   0x00000030   Code   RO         5033    i.eGFX_DrawFilledBox  debug\egfx.o
    0x00009dbc   0x00000072   Code   RO         5035    i.eGFX_DrawHline    debug\egfx.o
    0x00009e2e   0x00000126   Code   RO         5038    i.eGFX_DrawLine     debug\egfx.o
    0x00009f54   0x0000004c   Code   RO         5052    i.eGFX_DrawString   debug\egfx.o
    0x00009fa0   0x0000004c   Code   RO         5053    i.eGFX_DrawStringColored  debug\egfx.o
    0x00009fec   0x00000060   Code   RO         5057    i.eGFX_DrawVline    debug\egfx.o
    0x0000a04c   0x00000050   Code   RO         5647    i.eGFX_Dump         debug\egfx_driver_lpcxpresso_54608.o
    0x0000a09c   0x0000014e   Code   RO         5068    i.eGFX_GetPixel     debug\egfx.o
    0x0000a1ea   0x00000042   Code   RO         5069    i.eGFX_GetStringWidth  debug\egfx.o
    0x0000a22c   0x0000000e   Code   RO         5071    i.eGFX_ImagePlaneInit  debug\egfx.o
    0x0000a23a   0x000000ce   Code   RO         5072    i.eGFX_ImagePlane_Clear  debug\egfx.o
    0x0000a308   0x00000040   Code   RO         5648    i.eGFX_InitDriver   debug\egfx_driver_lpcxpresso_54608.o
    0x0000a348   0x0000015e   Code   RO         5092    i.eGFX_PutPixel     debug\egfx.o
    0x0000a4a6   0x00000002   PAD
    0x0000a4a8   0x00000010   Code   RO         5649    i.eGFX_WaitForVSync  debug\egfx_driver_lpcxpresso_54608.o
    0x0000a4b8   0x00000048   Code   RO         5101    i.eGFX_printf       debug\egfx.o
    0x0000a500   0x0000005c   Code   RO         5103    i.eGFX_printf_HorizontalCentered_Colored  debug\egfx.o
    0x0000a55c   0x0000002c   Code   RO         4855    i.enable_quad_mode  debug\board.o
    0x0000a588   0x0000001a   Code   RO          501    i.findPllMMult      debug\fsl_clock.o
    0x0000a5a2   0x00000020   Code   RO          502    i.findPllPostDiv    debug\fsl_clock.o
    0x0000a5c2   0x00000020   Code   RO          503    i.findPllPreDiv     debug\fsl_clock.o
    0x0000a5e2   0x00000002   PAD
    0x0000a5e4   0x00000254   Code   RO         4682    i.main              debug\main.o
    0x0000a838   0x000000a0   Code   RO         6043    i.merge_rfft_f32    ../CMSIS-DSP/LIB/CMSIS_DSP_4_5_O3.lib(arm_rfft_fast_f32.o)
    0x0000a8d8   0x0000005c   Code   RO          504    i.pllDecodeM        debug\fsl_clock.o
    0x0000a934   0x0000005c   Code   RO          505    i.pllDecodeN        debug\fsl_clock.o
    0x0000a990   0x0000004e   Code   RO          506    i.pllDecodeP        debug\fsl_clock.o
    0x0000a9de   0x00000002   PAD
    0x0000a9e0   0x00000054   Code   RO          507    i.pllEncodeM        debug\fsl_clock.o
    0x0000aa34   0x00000052   Code   RO          508    i.pllEncodeN        debug\fsl_clock.o
    0x0000aa86   0x00000042   Code   RO          509    i.pllEncodeP        debug\fsl_clock.o
    0x0000aac8   0x00000072   Code   RO          510    i.pllFindSel        debug\fsl_clock.o
    0x0000ab3a   0x00000002   PAD
    0x0000ab3c   0x000000aa   Code   RO         6044    i.stage_rfft_f32    ../CMSIS-DSP/LIB/CMSIS_DSP_4_5_O3.lib(arm_rfft_fast_f32.o)
    0x0000abe6   0x00000002   PAD
    0x0000abe8   0x0000005c   Data   RO          511    .constdata          debug\fsl_clock.o
    0x0000ac44   0x00000039   Data   RO         1007    .constdata          debug\fsl_ctimer.o
    0x0000ac7d   0x00000003   PAD
    0x0000ac80   0x00000008   Data   RO         1509    .constdata          debug\fsl_emc.o
    0x0000ac88   0x00000048   Data   RO         1863    .constdata          debug\fsl_flexcomm.o
    0x0000acd0   0x00000016   Data   RO         2036    .constdata          debug\fsl_gint.o
    0x0000ace6   0x00000002   PAD
    0x0000ace8   0x0000000c   Data   RO         2834    .constdata          debug\fsl_lcdc.o
    0x0000acf4   0x0000000c   Data   RO         3634    .constdata          debug\fsl_sctimer.o
    0x0000ad00   0x00000006   Data   RO         4174    .constdata          debug\fsl_spifi.o
    0x0000ad06   0x00000002   PAD
    0x0000ad08   0x0000001c   Data   RO         4921    .constdata          debug\clock_config.o
    0x0000ad24   0x00000e6c   Data   RO         5754    .constdata          debug\ocr_a_extended__20px__bold__singlebitperpixelgridfit_1bpp.o
    0x0000bb90   0x00000080   Data   RO         6107    .constdata          ../CMSIS-DSP/LIB/CMSIS_DSP_4_5_O3.lib(arm_common_tables.o)
    0x0000bc10   0x00000100   Data   RO         6108    .constdata          ../CMSIS-DSP/LIB/CMSIS_DSP_4_5_O3.lib(arm_common_tables.o)
    0x0000bd10   0x00000200   Data   RO         6109    .constdata          ../CMSIS-DSP/LIB/CMSIS_DSP_4_5_O3.lib(arm_common_tables.o)
    0x0000bf10   0x00000400   Data   RO         6110    .constdata          ../CMSIS-DSP/LIB/CMSIS_DSP_4_5_O3.lib(arm_common_tables.o)
    0x0000c310   0x00000800   Data   RO         6111    .constdata          ../CMSIS-DSP/LIB/CMSIS_DSP_4_5_O3.lib(arm_common_tables.o)
    0x0000cb10   0x00001000   Data   RO         6112    .constdata          ../CMSIS-DSP/LIB/CMSIS_DSP_4_5_O3.lib(arm_common_tables.o)
    0x0000db10   0x00002000   Data   RO         6113    .constdata          ../CMSIS-DSP/LIB/CMSIS_DSP_4_5_O3.lib(arm_common_tables.o)
    0x0000fb10   0x00004000   Data   RO         6114    .constdata          ../CMSIS-DSP/LIB/CMSIS_DSP_4_5_O3.lib(arm_common_tables.o)
    0x00013b10   0x00000028   Data   RO         6136    .constdata          ../CMSIS-DSP/LIB/CMSIS_DSP_4_5_O3.lib(arm_common_tables.o)
    0x00013b38   0x00000060   Data   RO         6137    .constdata          ../CMSIS-DSP/LIB/CMSIS_DSP_4_5_O3.lib(arm_common_tables.o)
    0x00013b98   0x00000070   Data   RO         6138    .constdata          ../CMSIS-DSP/LIB/CMSIS_DSP_4_5_O3.lib(arm_common_tables.o)
    0x00013c08   0x000001a0   Data   RO         6139    .constdata          ../CMSIS-DSP/LIB/CMSIS_DSP_4_5_O3.lib(arm_common_tables.o)
    0x00013da8   0x00000370   Data   RO         6140    .constdata          ../CMSIS-DSP/LIB/CMSIS_DSP_4_5_O3.lib(arm_common_tables.o)
    0x00014118   0x00000380   Data   RO         6141    .constdata          ../CMSIS-DSP/LIB/CMSIS_DSP_4_5_O3.lib(arm_common_tables.o)
    0x00014498   0x00000e10   Data   RO         6142    .constdata          ../CMSIS-DSP/LIB/CMSIS_DSP_4_5_O3.lib(arm_common_tables.o)
    0x000152a8   0x00001dc0   Data   RO         6143    .constdata          ../CMSIS-DSP/LIB/CMSIS_DSP_4_5_O3.lib(arm_common_tables.o)
    0x00017068   0x00000080   Data   RO         6154    .constdata          ../CMSIS-DSP/LIB/CMSIS_DSP_4_5_O3.lib(arm_common_tables.o)
    0x000170e8   0x00000100   Data   RO         6155    .constdata          ../CMSIS-DSP/LIB/CMSIS_DSP_4_5_O3.lib(arm_common_tables.o)
    0x000171e8   0x00000200   Data   RO         6156    .constdata          ../CMSIS-DSP/LIB/CMSIS_DSP_4_5_O3.lib(arm_common_tables.o)
    0x000173e8   0x00000400   Data   RO         6157    .constdata          ../CMSIS-DSP/LIB/CMSIS_DSP_4_5_O3.lib(arm_common_tables.o)
    0x000177e8   0x00000800   Data   RO         6158    .constdata          ../CMSIS-DSP/LIB/CMSIS_DSP_4_5_O3.lib(arm_common_tables.o)
    0x00017fe8   0x00001000   Data   RO         6159    .constdata          ../CMSIS-DSP/LIB/CMSIS_DSP_4_5_O3.lib(arm_common_tables.o)
    0x00018fe8   0x00002000   Data   RO         6160    .constdata          ../CMSIS-DSP/LIB/CMSIS_DSP_4_5_O3.lib(arm_common_tables.o)
    0x0001afe8   0x00004000   Data   RO         6161    .constdata          ../CMSIS-DSP/LIB/CMSIS_DSP_4_5_O3.lib(arm_common_tables.o)
    0x0001efe8   0x00000020   Data   RO         6345    Region$$Table       anon$$obj.o


    Execution Region RW_m_data (Base: 0x20000000, Size: 0x00004898, Max: 0x00027800, ABSOLUTE)

    Base Addr    Size         Type   Attr      Idx    E Section Name        Object

    0x20000000   0x00000004   Data   RW           24    .data               debug\system_lpc54608.o
    0x20000004   0x00000004   Data   RW          263    .data               debug\sdram.o
    0x20000008   0x0000000c   Data   RW          512    .data               debug\fsl_clock.o
    0x20000014   0x00000005   Data   RW         1008    .data               debug\fsl_ctimer.o
    0x20000019   0x00000003   PAD
    0x2000001c   0x00000008   Data   RW         1256    .data               debug\fsl_dmic.o
    0x20000024   0x00000010   Data   RW         1510    .data               debug\fsl_emc.o
    0x20000034   0x00000008   Data   RW         1603    .data               debug\fsl_enet.o
    0x2000003c   0x00000008   Data   RW         2037    .data               debug\fsl_gint.o
    0x20000044   0x0000000c   Data   RW         2989    .data               debug\fsl_mcan.o
    0x20000050   0x00000010   Data   RW         3635    .data               debug\fsl_sctimer.o
    0x20000060   0x00000008   Data   RW         3774    .data               debug\fsl_sdif.o
    0x20000068   0x00000008   Data   RW         4545    .data               debug\fsl_utick.o
    0x20000070   0x00000058   Data   RW         4684    .data               debug\main.o
    0x200000c8   0x00000030   Data   RW         4857    .data               debug\board.o
    0x200000f8   0x00000001   Data   RW         5651    .data               debug\egfx_driver_lpcxpresso_54608.o
    0x200000f9   0x00000003   PAD
    0x200000fc   0x00000010   Zero   RW          129    .bss                debug\fsl_debug_console.o
    0x2000010c   0x00000014   Zero   RW         1006    .bss                debug\fsl_ctimer.o
    0x20000120   0x000000e0   PAD
    0x20000200   0x000003e0   Zero   RW         1131    .bss                debug\fsl_dma.o
    0x200005e0   0x00000050   Zero   RW         1862    .bss                debug\fsl_flexcomm.o
    0x20000630   0x00000020   Zero   RW         3299    .bss                debug\fsl_pint.o
    0x20000650   0x00000028   Zero   RW         3633    .bss                debug\fsl_sctimer.o
    0x20000678   0x00004054   Zero   RW         4683    .bss                debug\main.o
    0x200046cc   0x000001c0   Zero   RW         5104    .bss                debug\egfx.o
    0x2000488c   0x0000000c   Zero   RW         5650    .bss                debug\egfx_driver_lpcxpresso_54608.o


    Execution Region ARM_LIB_HEAP (Base: 0x20004898, Size: 0x00000400, Max: 0x00000400, ABSOLUTE)

    Base Addr    Size         Type   Attr      Idx    E Section Name        Object

    0x20004898   0x00000400   Zero   RW            2    ARM_LIB_HEAP.bss    anon$$obj.o


    Execution Region ARM_LIB_STACK (Base: 0x20027c00, Size: 0x00000400, Max: 0x00000400, ABSOLUTE)

    Base Addr    Size         Type   Attr      Idx    E Section Name        Object

    0x20027c00   0x00000400   Zero   RW            3    ARM_LIB_STACK.bss   anon$$obj.o



  Load Region LR_EROM1 (Base: 0x10000000, Size: 0x00005a3c, Max: 0x10000000, ABSOLUTE)

    Execution Region ER_EROM1 (Base: 0x10000000, Size: 0x00005a3c, Max: 0x10000000, ABSOLUTE)

    Base Addr    Size         Type   Attr      Idx    E Section Name        Object

    0x10000000   0x00005a3c   Data   RO         5766    ExtFlashSection     debug\sprites_16bpp_565.o


==============================================================================

Image component sizes


      Code (inc. data)   RO Data    RW Data    ZI Data      Debug   Object Name

       222         36          0          0          0      28091   debug\audio.o
       448        100          0         48          0       6621   debug\board.o
       108         24         28          0          0       2430   debug\clock_config.o
      2486         32          0          0        448      21460   debug\egfx.o
       500         48          0          1         12      15749   debug\egfx_driver_lpcxpresso_54608.o
         0          0          0          0          0       3700   debug\font_5_7_1bpp.o
         0          0          0          0          0      19224   debug\fsl_adc.o
      3796        298         92         12          0      46235   debug\fsl_clock.o
        68         44          0          0          0        629   debug\fsl_common.o
         0          0          0          0          0      12880   debug\fsl_crc.o
       178         14         57          5         20       6958   debug\fsl_ctimer.o
       954         28          0          0         16     567653   debug\fsl_debug_console.o
       172          4          0          0        992      33688   debug\fsl_dma.o
        40          8          0          8          0       4045   debug\fsl_dmic.o
      1070        182          8         16          0       7552   debug\fsl_emc.o
        28         12          0          8          0      10406   debug\fsl_enet.o
      1090        566         72          0         80       8224   debug\fsl_flexcomm.o
       370         82          0          0          0       8833   debug\fsl_ft5406.o
        80         16         22          8          0       2290   debug\fsl_gint.o
      1048        106          0          0          0      16641   debug\fsl_i2c.o
      1038        242         12          0          0      21906   debug\fsl_lcdc.o
       352        208          0         12          0       8940   debug\fsl_mcan.o
       380         32          0          0         32       9584   debug\fsl_pint.o
       274         96          0          0          0       2284   debug\fsl_reset.o
      1616        282         12         16         40      12689   debug\fsl_sctimer.o
        88         52          0          8          0       8016   debug\fsl_sdif.o
       532        116          6          0          0       6102   debug\fsl_spifi.o
      1040        334          0          0          0      10497   debug\fsl_usart.o
        28         12          0          8          0       1594   debug\fsl_utick.o
     14512       1070          0         88      16468      74059   debug\main.o
         0          0       3692          0          0      35650   debug\ocr_a_extended__20px__bold__singlebitperpixelgridfit_1bpp.o
      1772         24          0          0          0       2025   debug\pin_mux.o
         0          0          0          4          0        808   debug\sdram.o
         0          0      23100          0          0       5197   debug\sprites_16bpp_565.o
       492        236        292          0          0       3620   debug\startup_lpc54608.o
        40         12          0          4          0       5911   debug\system_lpc54608.o

    ----------------------------------------------------------------------
     34856       4316      27432        252      20380    1032191   Object Totals
         0          0         32          0       2048          0   (incl. Generated)
        34          0          7          6        224          0   (incl. Padding)

    ----------------------------------------------------------------------

      Code (inc. data)   RO Data    RW Data    ZI Data      Debug   Library Member Name

       192          0          0          0          0        564   ../CMSIS-DSP/LIB/CMSIS_DSP_4_5_O3.lib(arm_bitreversal2.o)
      1664          0          0          0          0       4681   ../CMSIS-DSP/LIB/CMSIS_DSP_4_5_O3.lib(arm_cfft_f32.o)
      1220          4          0          0          0       3023   ../CMSIS-DSP/LIB/CMSIS_DSP_4_5_O3.lib(arm_cfft_radix8_f32.o)
       146          0          0          0          0      14448   ../CMSIS-DSP/LIB/CMSIS_DSP_4_5_O3.lib(arm_cmplx_mag_squared_f32.o)
         0          0      78936          0          0       4700   ../CMSIS-DSP/LIB/CMSIS_DSP_4_5_O3.lib(arm_common_tables.o)
       398          0          0          0          0       3046   ../CMSIS-DSP/LIB/CMSIS_DSP_4_5_O3.lib(arm_rfft_fast_f32.o)
       296         98          0          0          0       1293   ../CMSIS-DSP/LIB/CMSIS_DSP_4_5_O3.lib(arm_rfft_fast_init_f32.o)
       168         20          0          0          0        364   ./LIB/keil_lib_power.lib(fsl_power_lib.o)
         0          0          0          0          0          0   C:\Keil_v5\ARM\ARMCC\Bin\..\lib\armlib\mc_w.l(entry.o)
         0          0          0          0          0          0   C:\Keil_v5\ARM\ARMCC\Bin\..\lib\armlib\mc_w.l(entry10a.o)
         0          0          0          0          0          0   C:\Keil_v5\ARM\ARMCC\Bin\..\lib\armlib\mc_w.l(entry11a.o)
         8          4          0          0          0          0   C:\Keil_v5\ARM\ARMCC\Bin\..\lib\armlib\mc_w.l(entry4.o)
         4          0          0          0          0          0   C:\Keil_v5\ARM\ARMCC\Bin\..\lib\armlib\mc_w.l(entry5.o)
         0          0          0          0          0          0   C:\Keil_v5\ARM\ARMCC\Bin\..\lib\armlib\mc_w.l(entry7b.o)
         0          0          0          0          0          0   C:\Keil_v5\ARM\ARMCC\Bin\..\lib\armlib\mc_w.l(entry8b.o)
         8          4          0          0          0          0   C:\Keil_v5\ARM\ARMCC\Bin\..\lib\armlib\mc_w.l(entry9a.o)
        30          0          0          0          0          0   C:\Keil_v5\ARM\ARMCC\Bin\..\lib\armlib\mc_w.l(handlers.o)
        36          8          0          0          0         68   C:\Keil_v5\ARM\ARMCC\Bin\..\lib\armlib\mc_w.l(init.o)
         0          0          0          0          0          0   C:\Keil_v5\ARM\ARMCC\Bin\..\lib\armlib\mc_w.l(iusefp.o)
        30          0          0          0          0         68   C:\Keil_v5\ARM\ARMCC\Bin\..\lib\armlib\mc_w.l(llshl.o)
        36          0          0          0          0         68   C:\Keil_v5\ARM\ARMCC\Bin\..\lib\armlib\mc_w.l(llsshr.o)
        32          0          0          0          0         68   C:\Keil_v5\ARM\ARMCC\Bin\..\lib\armlib\mc_w.l(llushr.o)
        36          0          0          0          0         68   C:\Keil_v5\ARM\ARMCC\Bin\..\lib\armlib\mc_w.l(memcpya.o)
        36          0          0          0          0        108   C:\Keil_v5\ARM\ARMCC\Bin\..\lib\armlib\mc_w.l(memseta.o)
      2292         84          0          0          0        516   C:\Keil_v5\ARM\ARMCC\Bin\..\lib\armlib\mc_w.l(printfa.o)
        14          0          0          0          0         68   C:\Keil_v5\ARM\ARMCC\Bin\..\lib\armlib\mc_w.l(strlen.o)
        44          0          0          0          0         80   C:\Keil_v5\ARM\ARMCC\Bin\..\lib\armlib\mc_w.l(uidiv.o)
        98          0          0          0          0         92   C:\Keil_v5\ARM\ARMCC\Bin\..\lib\armlib\mc_w.l(uldiv.o)
        48          0          0          0          0         68   C:\Keil_v5\ARM\ARMCC\Bin\..\lib\armlib\mf_w.l(cdrcmple.o)
        56          0          0          0          0         88   C:\Keil_v5\ARM\ARMCC\Bin\..\lib\armlib\mf_w.l(d2f.o)
       334          0          0          0          0        148   C:\Keil_v5\ARM\ARMCC\Bin\..\lib\armlib\mf_w.l(dadd.o)
       222          0          0          0          0        100   C:\Keil_v5\ARM\ARMCC\Bin\..\lib\armlib\mf_w.l(ddiv.o)
       186          0          0          0          0        176   C:\Keil_v5\ARM\ARMCC\Bin\..\lib\armlib\mf_w.l(depilogue.o)
        62          0          0          0          0         80   C:\Keil_v5\ARM\ARMCC\Bin\..\lib\armlib\mf_w.l(dfixi.o)
        48          0          0          0          0         68   C:\Keil_v5\ARM\ARMCC\Bin\..\lib\armlib\mf_w.l(dfixul.o)
       228          0          0          0          0         96   C:\Keil_v5\ARM\ARMCC\Bin\..\lib\armlib\mf_w.l(dmul.o)
        38          0          0          0          0         68   C:\Keil_v5\ARM\ARMCC\Bin\..\lib\armlib\mf_w.l(f2d.o)
       110          0          0          0          0        168   C:\Keil_v5\ARM\ARMCC\Bin\..\lib\armlib\mf_w.l(fepilogue.o)

    ----------------------------------------------------------------------
      8128        222      78936          0          0      34383   Library Totals
         8          0          0          0          0          0   (incl. Padding)

    ----------------------------------------------------------------------

      Code (inc. data)   RO Data    RW Data    ZI Data      Debug   Library Name

      3916        102      78936          0          0      31755   ../CMSIS-DSP/LIB/CMSIS_DSP_4_5_O3.lib
       168         20          0          0          0        364   ./LIB/keil_lib_power.lib
      2704        100          0          0          0       1204   C:\Keil_v5\ARM\ARMCC\Bin\..\lib\armlib\mc_w.l
      1332          0          0          0          0       1060   C:\Keil_v5\ARM\ARMCC\Bin\..\lib\armlib\mf_w.l

    ----------------------------------------------------------------------
      8128        222      78936          0          0      34383   Library Totals

    ----------------------------------------------------------------------

==============================================================================


      Code (inc. data)   RO Data    RW Data    ZI Data      Debug   

     42984       4538     106368        252      20380    1045834   Grand Totals
     42984       4538     106368        252      20380    1045834   ELF Image Totals
     42984       4538     106368        252          0          0   ROM Totals

==============================================================================

    Total RO  Size (Code + RO Data)               149352 ( 145.85kB)
    Total RW  Size (RW Data + ZI Data)             20632 (  20.15kB)
    Total ROM Size (Code + RO Data + RW Data)     149604 ( 146.10kB)

==============================================================================

